[    0.000000] Linux version 5.8.0-0.rc6.20200721git4fa640dc5230.1.fc33.x86_64 (mockbuild@buildhw-x86-14.iad2.fedoraproject.org) (gcc (GCC) 10.1.1 20200618 (Red Hat 10.1.1-2), GNU ld version 2.34.0.20200522) #1 SMP Wed Jul 22 19:33:37 UTC 2020
[    0.000000] Command line: BOOT_IMAGE=(hd0,gpt5)/vmlinuz-5.8.0-0.rc6.20200721git4fa640dc5230.1.fc33.x86_64 root=/dev/mapper/fedora-root ro resume=/dev/mapper/fedora-swap rd.lvm.lv=fedora/root rd.luks.uuid=luks-b32abd1d-204d-4529-b9b4-7fb1fe89c1ce rd.lvm.lv=fedora/swap rhgb quiet acpi_mask_gpe=0x6e pcie_ports=compat
[    0.000000] x86/split lock detection: warning about user-space split_locks
[    0.000000] x86/fpu: Supporting XSAVE feature 0x001: 'x87 floating point registers'
[    0.000000] x86/fpu: Supporting XSAVE feature 0x002: 'SSE registers'
[    0.000000] x86/fpu: Supporting XSAVE feature 0x004: 'AVX registers'
[    0.000000] x86/fpu: Supporting XSAVE feature 0x020: 'AVX-512 opmask'
[    0.000000] x86/fpu: Supporting XSAVE feature 0x040: 'AVX-512 Hi256'
[    0.000000] x86/fpu: Supporting XSAVE feature 0x080: 'AVX-512 ZMM_Hi256'
[    0.000000] x86/fpu: Supporting XSAVE feature 0x200: 'Protection Keys User registers'
[    0.000000] x86/fpu: xstate_offset[2]:  576, xstate_sizes[2]:  256
[    0.000000] x86/fpu: xstate_offset[5]:  832, xstate_sizes[5]:   64
[    0.000000] x86/fpu: xstate_offset[6]:  896, xstate_sizes[6]:  512
[    0.000000] x86/fpu: xstate_offset[7]: 1408, xstate_sizes[7]: 1024
[    0.000000] x86/fpu: xstate_offset[9]: 2432, xstate_sizes[9]:    8
[    0.000000] x86/fpu: Enabled xstate features 0x2e7, context size is 2440 bytes, using 'compacted' format.
[    0.000000] BIOS-provided physical RAM map:
[    0.000000] BIOS-e820: [mem 0x0000000000000000-0x000000000009cfff] usable
[    0.000000] BIOS-e820: [mem 0x000000000009d000-0x000000000009dfff] reserved
[    0.000000] BIOS-e820: [mem 0x000000000009e000-0x000000000009ffff] ACPI NVS
[    0.000000] BIOS-e820: [mem 0x00000000000a0000-0x00000000000fffff] reserved
[    0.000000] BIOS-e820: [mem 0x0000000000100000-0x00000000603a7fff] usable
[    0.000000] BIOS-e820: [mem 0x00000000603a8000-0x0000000060729fff] reserved
[    0.000000] BIOS-e820: [mem 0x000000006072a000-0x000000006122bfff] usable
[    0.000000] BIOS-e820: [mem 0x000000006122c000-0x000000006122cfff] ACPI NVS
[    0.000000] BIOS-e820: [mem 0x000000006122d000-0x000000006122dfff] reserved
[    0.000000] BIOS-e820: [mem 0x000000006122e000-0x000000006157dfff] usable
[    0.000000] BIOS-e820: [mem 0x000000006157e000-0x000000006157efff] reserved
[    0.000000] BIOS-e820: [mem 0x000000006157f000-0x0000000073c7efff] usable
[    0.000000] BIOS-e820: [mem 0x0000000073c7f000-0x0000000073f4efff] reserved
[    0.000000] BIOS-e820: [mem 0x0000000073f4f000-0x0000000073f9efff] ACPI NVS
[    0.000000] BIOS-e820: [mem 0x0000000073f9f000-0x0000000073ffefff] ACPI data
[    0.000000] BIOS-e820: [mem 0x0000000073fff000-0x0000000073ffffff] usable
[    0.000000] BIOS-e820: [mem 0x0000000074000000-0x0000000077ffffff] reserved
[    0.000000] BIOS-e820: [mem 0x0000000078e00000-0x000000007fffffff] reserved
[    0.000000] BIOS-e820: [mem 0x00000000e0000000-0x00000000efffffff] reserved
[    0.000000] BIOS-e820: [mem 0x00000000fe010000-0x00000000fe010fff] reserved
[    0.000000] BIOS-e820: [mem 0x00000000fed20000-0x00000000fed7ffff] reserved
[    0.000000] BIOS-e820: [mem 0x00000000ff9fb000-0x00000000ffa29fff] reserved
[    0.000000] BIOS-e820: [mem 0x0000000100000000-0x000000087fffffff] usable
[    0.000000] NX (Execute Disable) protection: active
[    0.000000] e820: update [mem 0x6157b018-0x6157b8cd] usable ==> usable
[    0.000000] e820: update [mem 0x6157b018-0x6157b8cd] usable ==> usable
[    0.000000] extended physical RAM map:
[    0.000000] reserve setup_data: [mem 0x0000000000000000-0x000000000009cfff] usable
[    0.000000] reserve setup_data: [mem 0x000000000009d000-0x000000000009dfff] reserved
[    0.000000] reserve setup_data: [mem 0x000000000009e000-0x000000000009ffff] ACPI NVS
[    0.000000] reserve setup_data: [mem 0x00000000000a0000-0x00000000000fffff] reserved
[    0.000000] reserve setup_data: [mem 0x0000000000100000-0x00000000603a7fff] usable
[    0.000000] reserve setup_data: [mem 0x00000000603a8000-0x0000000060729fff] reserved
[    0.000000] reserve setup_data: [mem 0x000000006072a000-0x000000006122bfff] usable
[    0.000000] reserve setup_data: [mem 0x000000006122c000-0x000000006122cfff] ACPI NVS
[    0.000000] reserve setup_data: [mem 0x000000006122d000-0x000000006122dfff] reserved
[    0.000000] reserve setup_data: [mem 0x000000006122e000-0x000000006157b017] usable
[    0.000000] reserve setup_data: [mem 0x000000006157b018-0x000000006157b8cd] usable
[    0.000000] reserve setup_data: [mem 0x000000006157b8ce-0x000000006157dfff] usable
[    0.000000] reserve setup_data: [mem 0x000000006157e000-0x000000006157efff] reserved
[    0.000000] reserve setup_data: [mem 0x000000006157f000-0x0000000073c7efff] usable
[    0.000000] reserve setup_data: [mem 0x0000000073c7f000-0x0000000073f4efff] reserved
[    0.000000] reserve setup_data: [mem 0x0000000073f4f000-0x0000000073f9efff] ACPI NVS
[    0.000000] reserve setup_data: [mem 0x0000000073f9f000-0x0000000073ffefff] ACPI data
[    0.000000] reserve setup_data: [mem 0x0000000073fff000-0x0000000073ffffff] usable
[    0.000000] reserve setup_data: [mem 0x0000000074000000-0x0000000077ffffff] reserved
[    0.000000] reserve setup_data: [mem 0x0000000078e00000-0x000000007fffffff] reserved
[    0.000000] reserve setup_data: [mem 0x00000000e0000000-0x00000000efffffff] reserved
[    0.000000] reserve setup_data: [mem 0x00000000fe010000-0x00000000fe010fff] reserved
[    0.000000] reserve setup_data: [mem 0x00000000fed20000-0x00000000fed7ffff] reserved
[    0.000000] reserve setup_data: [mem 0x00000000ff9fb000-0x00000000ffa29fff] reserved
[    0.000000] reserve setup_data: [mem 0x0000000100000000-0x000000087fffffff] usable
[    0.000000] efi: EFI v2.40 by Apple
[    0.000000] efi: ACPI=0x73ffe000 ACPI 2.0=0x73ffe014 SMBIOS=0x73f41000 SMBIOS 3.0=0x73f3f000 
[    0.000000] secureboot: Secure boot disabled
[    0.000000] SMBIOS 3.0.0 present.
[    0.000000] DMI: Apple Inc. MacBookPro16,2/Mac-5F9802EFE386AA28, BIOS 1037.147.1.0.0 (iBridge: 17.16.16065.0.0,0) 07/09/2020
[    0.000000] tsc: Detected 2300.000 MHz processor
[    0.002803] tsc: Detected 2304.000 MHz TSC
[    0.002803] e820: update [mem 0x00000000-0x00000fff] usable ==> reserved
[    0.002806] e820: remove [mem 0x000a0000-0x000fffff] usable
[    0.002818] last_pfn = 0x880000 max_arch_pfn = 0x400000000
[    0.002825] MTRR default type: write-back
[    0.002826] MTRR fixed ranges enabled:
[    0.002828]   00000-9FFFF write-back
[    0.002829]   A0000-BFFFF uncachable
[    0.002831]   C0000-FFFFF write-protect
[    0.002832] MTRR variable ranges enabled:
[    0.002834]   0 base 0080000000 mask 7F80000000 uncachable
[    0.002836]   1 base 007C000000 mask 7FFC000000 uncachable
[    0.002837]   2 base 007A000000 mask 7FFE000000 uncachable
[    0.002838]   3 base 0079800000 mask 7FFF800000 uncachable
[    0.002839]   4 base 4000000000 mask 4000000000 uncachable
[    0.002840]   5 disabled
[    0.002841]   6 disabled
[    0.002842]   7 disabled
[    0.002843]   8 disabled
[    0.002843]   9 disabled
[    0.003714] x86/PAT: Configuration [0-7]: WB  WC  UC- UC  WB  WP  UC- WT  
[    0.004032] last_pfn = 0x74000 max_arch_pfn = 0x400000000
[    0.043702] Using GB pages for direct mapping
[    0.044610] secureboot: Secure boot disabled
[    0.044612] RAMDISK: [mem 0x5dfac000-0x6009bfff]
[    0.044640] ACPI: Early table checksum verification disabled
[    0.044646] ACPI: RSDP 0x0000000073FFE014 000024 (v02 APPLE )
[    0.044651] ACPI: XSDT 0x0000000073FFD148 0000CC (v01 APPLE  Apple00  00000000      01000013)
[    0.044657] ACPI: FACP 0x0000000073FE5000 000114 (v06 APPLE  Apple00  00000000 Loki 0000005F)
[    0.044663] ACPI: DSDT 0x0000000073FD9000 00757E (v02 APPLE  MacBook  00080001 INTL 20160930)
[    0.044667] ACPI: FACS 0x0000000073F54000 000040
[    0.044670] ACPI: SSDT 0x0000000073FFC000 0005A2 (v02 PmRef  Cpu0Ist  00003000 INTL 20160930)
[    0.044674] ACPI: SSDT 0x0000000073FFB000 0005FC (v02 PmRef  ApIst    00003000 INTL 20160930)
[    0.044677] ACPI: SSDT 0x0000000073FFA000 000386 (v02 PmRef  Cpu0Cst  00003001 INTL 20160930)
[    0.044680] ACPI: SSDT 0x0000000073FF9000 00030A (v02 PmRef  ApCst    00003000 INTL 20160930)
[    0.044683] ACPI: SSDT 0x0000000073FF7000 001C1E (v02 CpuRef CpuSsdt  00003000 INTL 20160930)
[    0.044686] ACPI: SSDT 0x0000000073FF3000 0033EE (v02 SaSsdt SaSsdt   00003000 INTL 20160930)
[    0.044690] ACPI: SSDT 0x0000000073FE7000 00B0E7 (v02 INTEL  TcssSsdt 00001000 INTL 20160930)
[    0.044693] ACPI: UEFI 0x0000000073F56000 000042 (v01 INTEL  EDK2     00000002      01000013)
[    0.044696] ACPI: ECDT 0x0000000073FE6000 000053 (v01 APPLE  Apple00  00000001 Loki 0000005F)
[    0.044699] ACPI: HPET 0x0000000073FE4000 000038 (v01 APPLE  Apple00  00000001 Loki 0000005F)
[    0.044702] ACPI: APIC 0x0000000073FE3000 00012C (v02 APPLE  Apple00  00000001 Loki 0000005F)
[    0.044705] ACPI: MCFG 0x0000000073FE2000 00003C (v01 APPLE  Apple00  00000001 Loki 0000005F)
[    0.044709] ACPI: SBST 0x0000000073FE1000 000030 (v01 APPLE  Apple00  00000001 Loki 0000005F)
[    0.044712] ACPI: SSDT 0x0000000073FD8000 000131 (v02 APPLE  ApplITbt 00001000 INTL 20160930)
[    0.044715] ACPI: SSDT 0x0000000073FD6000 000031 (v01 APPLE  SsdtS3   00001000 INTL 20160930)
[    0.044718] ACPI: SSDT 0x0000000073FD5000 000051 (v01 APPLE  SataAhci 00001000 INTL 20160930)
[    0.044721] ACPI: SSDT 0x0000000073FD4000 00030C (v02 APPLE  TXhci    00001000 INTL 20160930)
[    0.044725] ACPI: SSDT 0x0000000073FD3000 0003C1 (v02 APPLE  Xhci     00001000 INTL 20160930)
[    0.044728] ACPI: DMAR 0x0000000073FD2000 000088 (v02 APPLE  EDK2     00000002      01000013)
[    0.044731] ACPI: MCFG 0x0000000073FD1000 00003C (v01 APPLE  Apple00  00000001 Loki 0000005F)
[    0.044738] ACPI: DMI detected to setup _OSI("Darwin"): Apple hardware
[    0.044741] ACPI: Local APIC address 0xfee00000
[    0.044979] No NUMA configuration found
[    0.044980] Faking a node at [mem 0x0000000000000000-0x000000087fffffff]
[    0.044990] NODE_DATA(0) allocated [mem 0x87ffd5000-0x87fffffff]
[    0.096737] Zone ranges:
[    0.096738]   DMA      [mem 0x0000000000001000-0x0000000000ffffff]
[    0.096740]   DMA32    [mem 0x0000000001000000-0x00000000ffffffff]
[    0.096741]   Normal   [mem 0x0000000100000000-0x000000087fffffff]
[    0.096742]   Device   empty
[    0.096743] Movable zone start for each node
[    0.096748] Early memory node ranges
[    0.096749]   node   0: [mem 0x0000000000001000-0x000000000009cfff]
[    0.096750]   node   0: [mem 0x0000000000100000-0x00000000603a7fff]
[    0.096751]   node   0: [mem 0x000000006072a000-0x000000006122bfff]
[    0.096752]   node   0: [mem 0x000000006122e000-0x000000006157dfff]
[    0.096752]   node   0: [mem 0x000000006157f000-0x0000000073c7efff]
[    0.096753]   node   0: [mem 0x0000000073fff000-0x0000000073ffffff]
[    0.096754]   node   0: [mem 0x0000000100000000-0x000000087fffffff]
[    0.096943] Zeroed struct page in unavailable ranges: 18281 pages
[    0.096945] Initmem setup node 0 [mem 0x0000000000001000-0x000000087fffffff]
[    0.096947] On node 0 totalpages: 8337559
[    0.096948]   DMA zone: 64 pages used for memmap
[    0.096949]   DMA zone: 21 pages reserved
[    0.096950]   DMA zone: 3996 pages, LIFO batch:0
[    0.096977]   DMA32 zone: 7332 pages used for memmap
[    0.096977]   DMA32 zone: 469243 pages, LIFO batch:63
[    0.099896]   Normal zone: 122880 pages used for memmap
[    0.099896]   Normal zone: 7864320 pages, LIFO batch:63
[    0.150824] Reserving Intel graphics memory at [mem 0x7a000000-0x7fffffff]
[    0.151347] ACPI: PM-Timer IO Port: 0x1808
[    0.151349] ACPI: Local APIC address 0xfee00000
[    0.151357] ACPI: LAPIC_NMI (acpi_id[0x01] high edge lint[0x1])
[    0.151358] ACPI: LAPIC_NMI (acpi_id[0x02] high edge lint[0x1])
[    0.151358] ACPI: LAPIC_NMI (acpi_id[0x03] high edge lint[0x1])
[    0.151359] ACPI: LAPIC_NMI (acpi_id[0x04] high edge lint[0x1])
[    0.151360] ACPI: LAPIC_NMI (acpi_id[0x05] high edge lint[0x1])
[    0.151361] ACPI: LAPIC_NMI (acpi_id[0x06] high edge lint[0x1])
[    0.151361] ACPI: LAPIC_NMI (acpi_id[0x07] high edge lint[0x1])
[    0.151362] ACPI: LAPIC_NMI (acpi_id[0x08] high edge lint[0x1])
[    0.151363] ACPI: LAPIC_NMI (acpi_id[0x09] high edge lint[0x1])
[    0.151363] ACPI: LAPIC_NMI (acpi_id[0x0a] high edge lint[0x1])
[    0.151364] ACPI: LAPIC_NMI (acpi_id[0x0b] high edge lint[0x1])
[    0.151365] ACPI: LAPIC_NMI (acpi_id[0x0c] high edge lint[0x1])
[    0.151365] ACPI: LAPIC_NMI (acpi_id[0x0d] high edge lint[0x1])
[    0.151366] ACPI: LAPIC_NMI (acpi_id[0x0e] high edge lint[0x1])
[    0.151367] ACPI: LAPIC_NMI (acpi_id[0x0f] high edge lint[0x1])
[    0.151367] ACPI: LAPIC_NMI (acpi_id[0x10] high edge lint[0x1])
[    0.151417] IOAPIC[0]: apic_id 2, version 32, address 0xfec00000, GSI 0-119
[    0.151419] ACPI: INT_SRC_OVR (bus 0 bus_irq 0 global_irq 2 dfl dfl)
[    0.151421] ACPI: INT_SRC_OVR (bus 0 bus_irq 9 global_irq 9 high level)
[    0.151422] ACPI: IRQ0 used by override.
[    0.151424] ACPI: IRQ9 used by override.
[    0.151426] Using ACPI (MADT) for SMP configuration information
[    0.151428] ACPI: HPET id: 0x8086a201 base: 0xfed00000
[    0.151432] TSC deadline timer available
[    0.151433] smpboot: Allowing 8 CPUs, 0 hotplug CPUs
[    0.151460] PM: hibernation: Registered nosave memory: [mem 0x00000000-0x00000fff]
[    0.151462] PM: hibernation: Registered nosave memory: [mem 0x0009d000-0x0009dfff]
[    0.151463] PM: hibernation: Registered nosave memory: [mem 0x0009e000-0x0009ffff]
[    0.151464] PM: hibernation: Registered nosave memory: [mem 0x000a0000-0x000fffff]
[    0.151466] PM: hibernation: Registered nosave memory: [mem 0x603a8000-0x60729fff]
[    0.151468] PM: hibernation: Registered nosave memory: [mem 0x6122c000-0x6122cfff]
[    0.151469] PM: hibernation: Registered nosave memory: [mem 0x6122d000-0x6122dfff]
[    0.151470] PM: hibernation: Registered nosave memory: [mem 0x6157b000-0x6157bfff]
[    0.151472] PM: hibernation: Registered nosave memory: [mem 0x6157b000-0x6157bfff]
[    0.151474] PM: hibernation: Registered nosave memory: [mem 0x6157e000-0x6157efff]
[    0.151476] PM: hibernation: Registered nosave memory: [mem 0x73c7f000-0x73f4efff]
[    0.151477] PM: hibernation: Registered nosave memory: [mem 0x73f4f000-0x73f9efff]
[    0.151478] PM: hibernation: Registered nosave memory: [mem 0x73f9f000-0x73ffefff]
[    0.151480] PM: hibernation: Registered nosave memory: [mem 0x74000000-0x77ffffff]
[    0.151480] PM: hibernation: Registered nosave memory: [mem 0x78000000-0x78dfffff]
[    0.151481] PM: hibernation: Registered nosave memory: [mem 0x78e00000-0x7fffffff]
[    0.151482] PM: hibernation: Registered nosave memory: [mem 0x80000000-0xdfffffff]
[    0.151483] PM: hibernation: Registered nosave memory: [mem 0xe0000000-0xefffffff]
[    0.151483] PM: hibernation: Registered nosave memory: [mem 0xf0000000-0xfe00ffff]
[    0.151484] PM: hibernation: Registered nosave memory: [mem 0xfe010000-0xfe010fff]
[    0.151485] PM: hibernation: Registered nosave memory: [mem 0xfe011000-0xfed1ffff]
[    0.151485] PM: hibernation: Registered nosave memory: [mem 0xfed20000-0xfed7ffff]
[    0.151486] PM: hibernation: Registered nosave memory: [mem 0xfed80000-0xff9fafff]
[    0.151487] PM: hibernation: Registered nosave memory: [mem 0xff9fb000-0xffa29fff]
[    0.151487] PM: hibernation: Registered nosave memory: [mem 0xffa2a000-0xffffffff]
[    0.151489] [mem 0x80000000-0xdfffffff] available for PCI devices
[    0.151491] Booting paravirtualized kernel on bare hardware
[    0.151494] clocksource: refined-jiffies: mask: 0xffffffff max_cycles: 0xffffffff, max_idle_ns: 1910969940391419 ns
[    0.160475] setup_percpu: NR_CPUS:8192 nr_cpumask_bits:8 nr_cpu_ids:8 nr_node_ids:1
[    0.160724] percpu: Embedded 54 pages/cpu s184320 r8192 d28672 u262144
[    0.160732] pcpu-alloc: s184320 r8192 d28672 u262144 alloc=1*2097152
[    0.160733] pcpu-alloc: [0] 0 1 2 3 4 5 6 7 
[    0.160769] Built 1 zonelists, mobility grouping on.  Total pages: 8207262
[    0.160770] Policy zone: Normal
[    0.160772] Kernel command line: BOOT_IMAGE=(hd0,gpt5)/vmlinuz-5.8.0-0.rc6.20200721git4fa640dc5230.1.fc33.x86_64 root=/dev/mapper/fedora-root ro resume=/dev/mapper/fedora-swap rd.lvm.lv=fedora/root rd.luks.uuid=luks-b32abd1d-204d-4529-b9b4-7fb1fe89c1ce rd.lvm.lv=fedora/swap rhgb quiet acpi_mask_gpe=0x6e pcie_ports=compat
[    0.162979] Dentry cache hash table entries: 4194304 (order: 13, 33554432 bytes, linear)
[    0.164040] Inode-cache hash table entries: 2097152 (order: 12, 16777216 bytes, linear)
[    0.164143] mem auto-init: stack:off, heap alloc:off, heap free:off
[    0.269112] Memory: 32432600K/33350236K available (14339K kernel code, 2506K rwdata, 8604K rodata, 2504K init, 4632K bss, 917636K reserved, 0K cma-reserved)
[    0.269122] random: get_random_u64 called from __kmem_cache_create+0x3e/0x610 with crng_init=0
[    0.269289] SLUB: HWalign=64, Order=0-3, MinObjects=0, CPUs=8, Nodes=1
[    0.269310] ftrace: allocating 43482 entries in 170 pages
[    0.297325] ftrace: allocated 170 pages with 4 groups
[    0.297449] rcu: Hierarchical RCU implementation.
[    0.297450] rcu: 	RCU restricting CPUs from NR_CPUS=8192 to nr_cpu_ids=8.
[    0.297452] 	Trampoline variant of Tasks RCU enabled.
[    0.297452] 	Rude variant of Tasks RCU enabled.
[    0.297453] 	Tracing variant of Tasks RCU enabled.
[    0.297454] rcu: RCU calculated value of scheduler-enlistment delay is 100 jiffies.
[    0.297455] rcu: Adjusting geometry for rcu_fanout_leaf=16, nr_cpu_ids=8
[    0.302629] NR_IRQS: 524544, nr_irqs: 2048, preallocated irqs: 16
[    0.303401] random: crng done (trusting CPU's manufacturer)
[    0.303438] Console: colour dummy device 80x25
[    0.303444] printk: console [tty0] enabled
[    0.303466] ACPI: Core revision 20200528
[    0.303790] clocksource: hpet: mask: 0xffffffff max_cycles: 0xffffffff, max_idle_ns: 99544814920 ns
[    0.303949] APIC: Switch to symmetric I/O mode setup
[    0.303952] DMAR: Host address width 39
[    0.303954] DMAR: DRHD base: 0x000000fed90000 flags: 0x0
[    0.303960] DMAR: dmar0: reg_base_addr fed90000 ver 4:0 cap 1c0000c40660462 ecap 49e2ff0505e
[    0.303962] DMAR: DRHD base: 0x000000fed91000 flags: 0x1
[    0.303970] DMAR: dmar1: reg_base_addr fed91000 ver 1:0 cap d2008c40660462 ecap f050da
[    0.303972] DMAR: RMRR base: 0x00000079800000 end: 0x0000007fffffff
[    0.303975] DMAR-IR: IOAPIC id 2 under DRHD base  0xfed91000 IOMMU 1
[    0.303976] DMAR-IR: HPET id 0 under DRHD base 0xfed91000
[    0.303977] DMAR-IR: x2apic is disabled because BIOS sets x2apic opt out bit.
[    0.303978] DMAR-IR: Use 'intremap=no_x2apic_optout' to override the BIOS setting.
[    0.305847] DMAR-IR: Enabled IRQ remapping in xapic mode
[    0.305849] x2apic: IRQ remapping doesn't support X2APIC mode
[    0.310696] ..TIMER: vector=0x30 apic1=0 pin1=2 apic2=-1 pin2=-1
[    0.314883] clocksource: tsc-early: mask: 0xffffffffffffffff max_cycles: 0x2135f7c97c8, max_idle_ns: 440795273205 ns
[    0.314891] Calibrating delay loop (skipped), value calculated using timer frequency.. 4608.00 BogoMIPS (lpj=2304000)
[    0.314894] pid_max: default: 32768 minimum: 301
[    0.324949] LSM: Security Framework initializing
[    0.324963] Yama: becoming mindful.
[    0.324972] SELinux:  Initializing.
[    0.325082] Mount-cache hash table entries: 65536 (order: 7, 524288 bytes, linear)
[    0.325145] Mountpoint-cache hash table entries: 65536 (order: 7, 524288 bytes, linear)
[    0.325505] x86/cpu: User Mode Instruction Prevention (UMIP) activated
[    0.325538] mce: CPU0: Thermal monitoring enabled (TM1)
[    0.325597] process: using mwait in idle threads
[    0.325600] Last level iTLB entries: 4KB 0, 2MB 0, 4MB 0
[    0.325601] Last level dTLB entries: 4KB 0, 2MB 0, 4MB 0, 1GB 0
[    0.325605] Spectre V1 : Mitigation: usercopy/swapgs barriers and __user pointer sanitization
[    0.325608] Spectre V2 : Mitigation: Enhanced IBRS
[    0.325609] Spectre V2 : Spectre v2 / SpectreRSB mitigation: Filling RSB on context switch
[    0.325612] Spectre V2 : mitigation: Enabling conditional Indirect Branch Prediction Barrier
[    0.325614] Speculative Store Bypass: Mitigation: Speculative Store Bypass disabled via prctl and seccomp
[    0.326098] Freeing SMP alternatives memory: 40K
[    0.329711] smpboot: CPU0: Intel(R) Core(TM) i7-1068NG7 CPU @ 2.30GHz (family: 0x6, model: 0x7e, stepping: 0x5)
[    0.329869] Performance Events: PEBS fmt4+-baseline, Icelake events, 32-deep LBR, full-width counters, Intel PMU driver.
[    0.329878] ... version:                5
[    0.329879] ... bit width:              48
[    0.329880] ... generic registers:      8
[    0.329881] ... value mask:             0000ffffffffffff
[    0.329881] ... max period:             00007fffffffffff
[    0.329882] ... fixed-purpose events:   4
[    0.329883] ... event mask:             0000000f000000ff
[    0.329886] rcu: Hierarchical SRCU implementation.
[    0.330343] NMI watchdog: Enabled. Permanently consumes one hw-PMU counter.
[    0.330462] smp: Bringing up secondary CPUs ...
[    0.330562] x86: Booting SMP configuration:
[    0.330563] .... node  #0, CPUs:      #1 #2 #3 #4 #5 #6 #7
[    0.338935] smp: Brought up 1 node, 8 CPUs
[    0.338937] smpboot: Max logical packages: 1
[    0.338938] smpboot: Total of 8 processors activated (36864.00 BogoMIPS)
[    0.341019] devtmpfs: initialized
[    0.341019] x86/mm: Memory block size: 128MB
[    0.343970] PM: Registering ACPI NVS region [mem 0x0009e000-0x0009ffff] (8192 bytes)
[    0.343973] PM: Registering ACPI NVS region [mem 0x6122c000-0x6122cfff] (4096 bytes)
[    0.343974] PM: Registering ACPI NVS region [mem 0x73f4f000-0x73f9efff] (327680 bytes)
[    0.344067] clocksource: jiffies: mask: 0xffffffff max_cycles: 0xffffffff, max_idle_ns: 1911260446275000 ns
[    0.344067] futex hash table entries: 2048 (order: 5, 131072 bytes, linear)
[    0.344067] xor: automatically using best checksumming function   avx       
[    0.344067] pinctrl core: initialized pinctrl subsystem
[    0.344266] PM: RTC time: 00:08:24, date: 1970-01-01
[    0.344269] thermal_sys: Registered thermal governor 'fair_share'
[    0.344270] thermal_sys: Registered thermal governor 'bang_bang'
[    0.344271] thermal_sys: Registered thermal governor 'step_wise'
[    0.344272] thermal_sys: Registered thermal governor 'user_space'
[    0.344492] NET: Registered protocol family 16
[    0.344982] DMA: preallocated 4096 KiB GFP_KERNEL pool for atomic allocations
[    0.344993] DMA: preallocated 4096 KiB GFP_KERNEL|GFP_DMA pool for atomic allocations
[    0.345002] DMA: preallocated 4096 KiB GFP_KERNEL|GFP_DMA32 pool for atomic allocations
[    0.345012] audit: initializing netlink subsys (disabled)
[    0.345021] audit: type=2000 audit(504.038:1): state=initialized audit_enabled=0 res=1
[    0.345021] cpuidle: using governor menu
[    0.345103] ACPI: bus type PCI registered
[    0.345103] acpiphp: ACPI Hot Plug PCI Controller Driver version: 0.5
[    0.345103] PCI: MMCONFIG for domain 0000 [bus 00-ff] at [mem 0xe0000000-0xefffffff] (base 0xe0000000)
[    0.345103] PCI: MMCONFIG at [mem 0xe0000000-0xefffffff] reserved in E820
[    0.345103] PCI: Using configuration type 1 for base access
[    0.346229] ENERGY_PERF_BIAS: Set to 'normal', was 'performance'
[    0.348669] HugeTLB registered 1.00 GiB page size, pre-allocated 0 pages
[    0.348669] HugeTLB registered 2.00 MiB page size, pre-allocated 0 pages
[    0.561051] cryptd: max_cpu_qlen set to 1000
[    0.562996] alg: No test for 842 (842-generic)
[    0.562996] alg: No test for 842 (842-scomp)
[    0.566010] raid6: skip pq benchmark and using algorithm avx512x4
[    0.566010] raid6: using avx512x2 recovery algorithm
[    0.566010] ACPI: Disabled all _OSI OS vendors
[    0.566010] ACPI: Added _OSI(Module Device)
[    0.566010] ACPI: Added _OSI(Processor Device)
[    0.566010] ACPI: Added _OSI(3.0 _SCP Extensions)
[    0.566010] ACPI: Added _OSI(Processor Aggregator Device)
[    0.566010] ACPI: Added _OSI(Linux-Dell-Video)
[    0.566010] ACPI: Added _OSI(Linux-Lenovo-NV-HDMI-Audio)
[    0.566010] ACPI: Added _OSI(Linux-HPI-Hybrid-Graphics)
[    0.566010] ACPI: Added _OSI(Darwin)
[    0.582886] ACPI: 13 ACPI AML tables successfully acquired and loaded
[    0.582886] ACPI: EC: EC started
[    0.582886] ACPI: EC: interrupt blocked
[    0.587414] ACPI: EC: EC_CMD/EC_SC=0x66, EC_DATA=0x62
[    0.587415] ACPI: EC: Boot ECDT EC used to handle transactions
[    0.587773] ACPI: BIOS _OSI(Darwin) query honored via DMI
[    0.588322] ACPI: [Firmware Bug]: BIOS _OSI(Linux) query ignored
[    0.589187] ACPI: Dynamic OEM Table Load:
[    0.589208] ACPI: SSDT 0xFFFF9115DB95F500 0000F4 (v02 PmRef  Cpu0Psd  00003000 INTL 20160930)
[    0.589947] ACPI: \_SB_.PR00: _OSC native thermal LVT Acked
[    0.590135] ACPI BIOS Error (bug): AE_AML_BUFFER_LIMIT, Field [CDW3] at bit offset/length 64/32 exceeds size of target Buffer (64 bits) (20200528/dsopcode-198)
[    0.590139] ACPI Error: Aborting method \_SB._OSC due to previous error (AE_AML_BUFFER_LIMIT) (20200528/psparse-529)
[    0.590473] ACPI: Dynamic OEM Table Load:
[    0.590477] ACPI Error: AE_ALREADY_EXISTS, SSDT 0xFFFF9115DB97DC00 Table is already loaded (20200528/tbdata-520)
[    0.590481] ACPI Error: Aborting method \_SB.PR00.GCAP due to previous error (AE_ALREADY_EXISTS) (20200528/psparse-529)
[    0.590492] ACPI Error: Aborting method \_SB.PR00._PDC due to previous error (AE_ALREADY_EXISTS) (20200528/psparse-529)
[    0.590495] ACPI: Marking method _PDC as Serialized because of AE_ALREADY_EXISTS error
[    0.590763] ACPI: Dynamic OEM Table Load:
[    0.590768] ACPI Error: AE_ALREADY_EXISTS, SSDT 0xFFFF9115DBDE1800 Table is already loaded (20200528/tbdata-520)
[    0.590770] ACPI Error: Aborting method \_SB.PR01.APPT due to previous error (AE_ALREADY_EXISTS) (20200528/psparse-529)
[    0.590778] ACPI Error: Aborting method \_SB.PR01.GCAP due to previous error (AE_ALREADY_EXISTS) (20200528/psparse-529)
[    0.590782] ACPI Error: Aborting method \_SB.PR01._PDC due to previous error (AE_ALREADY_EXISTS) (20200528/psparse-529)
[    0.590785] ACPI: Marking method _PDC as Serialized because of AE_ALREADY_EXISTS error
[    0.591117] ACPI: Dynamic OEM Table Load:
[    0.591126] ACPI: SSDT 0xFFFF9115DB089000 000AB0 (v02 PmRef  ApPsd    00003000 INTL 20160930)
[    0.592427] ACPI: Dynamic OEM Table Load:
[    0.592430] ACPI Error: AE_ALREADY_EXISTS, SSDT 0xFFFF9115DB97DC00 Table is already loaded (20200528/tbdata-520)
[    0.592433] ACPI Error: Aborting method \_SB.PR01.APCT due to previous error (AE_ALREADY_EXISTS) (20200528/psparse-529)
[    0.592441] ACPI Error: Aborting method \_SB.PR02.GCAP due to previous error (AE_ALREADY_EXISTS) (20200528/psparse-529)
[    0.592445] ACPI Error: Aborting method \_SB.PR02._PDC due to previous error (AE_ALREADY_EXISTS) (20200528/psparse-529)
[    0.592448] ACPI: Marking method _PDC as Serialized because of AE_ALREADY_EXISTS error
[    0.593957] ACPI: Interpreter enabled
[    0.593991] ACPI: (supports S0 S3 S4 S5)
[    0.593993] ACPI: Using IOAPIC for interrupt routing
[    0.594017] PCI: Using host bridge windows from ACPI; if necessary, use "pci=nocrs" and report a bug
[    0.594229] ACPI: Masking GPE 0x6e.
[    0.594271] ACPI: Enabled 7 GPEs in block 00 to 7F
[    0.596640] ACPI: \_SB_.PCI0.RP01.ARPT: [Firmware Info]: skipped 1 properties: wrong type
[    0.613807] ACPI: PCI Root Bridge [PCI0] (domain 0000 [bus 00-fe])
[    0.613813] acpi PNP0A08:00: _OSC: OS assumes control of [PCIeHotplug SHPCHotplug AER PCIeCapability LTR DPC]
[    0.614862] PCI host bridge to bus 0000:00
[    0.614865] pci_bus 0000:00: root bus resource [io  0x0000-0x0cf7 window]
[    0.614867] pci_bus 0000:00: root bus resource [io  0x0d00-0xffff window]
[    0.614868] pci_bus 0000:00: root bus resource [mem 0x000a0000-0x000bffff window]
[    0.614869] pci_bus 0000:00: root bus resource [mem 0x000c0000-0x000c3fff window]
[    0.614870] pci_bus 0000:00: root bus resource [mem 0x000c4000-0x000c7fff window]
[    0.614871] pci_bus 0000:00: root bus resource [mem 0x000c8000-0x000cbfff window]
[    0.614872] pci_bus 0000:00: root bus resource [mem 0x000cc000-0x000cffff window]
[    0.614873] pci_bus 0000:00: root bus resource [mem 0x000d0000-0x000d3fff window]
[    0.614874] pci_bus 0000:00: root bus resource [mem 0x000d4000-0x000d7fff window]
[    0.614875] pci_bus 0000:00: root bus resource [mem 0x000d8000-0x000dbfff window]
[    0.614876] pci_bus 0000:00: root bus resource [mem 0x000dc000-0x000dffff window]
[    0.614877] pci_bus 0000:00: root bus resource [mem 0x000e0000-0x000e3fff window]
[    0.614878] pci_bus 0000:00: root bus resource [mem 0x000e4000-0x000e7fff window]
[    0.614879] pci_bus 0000:00: root bus resource [mem 0x000e8000-0x000ebfff window]
[    0.614880] pci_bus 0000:00: root bus resource [mem 0x000ec000-0x000effff window]
[    0.614881] pci_bus 0000:00: root bus resource [mem 0x000f0000-0x000fffff window]
[    0.614882] pci_bus 0000:00: root bus resource [mem 0x80000000-0xfeafffff window]
[    0.614883] pci_bus 0000:00: root bus resource [mem 0x4000000000-0x7fffffffff window]
[    0.614884] pci_bus 0000:00: root bus resource [bus 00-fe]
[    0.614920] pci 0000:00:00.0: [8086:8a14] type 00 class 0x060000
[    0.615572] pci 0000:00:02.0: [8086:8a53] type 00 class 0x030000
[    0.615589] pci 0000:00:02.0: reg 0x10: [mem 0x80000000-0x80ffffff 64bit]
[    0.615598] pci 0000:00:02.0: reg 0x18: [mem 0xa0000000-0xafffffff 64bit pref]
[    0.615604] pci 0000:00:02.0: reg 0x20: [io  0x3000-0x303f]
[    0.615626] pci 0000:00:02.0: BAR 2: assigned to efifb
[    0.615976] pci 0000:00:04.0: [8086:8a03] type 00 class 0x118000
[    0.616006] pci 0000:00:04.0: reg 0x10: [mem 0x9d600000-0x9d60ffff 64bit]
[    0.616361] pci 0000:00:07.0: [8086:8a1d] type 01 class 0x060400
[    0.616648] pci 0000:00:07.0: PME# supported from D0 D3hot D3cold
[    0.616671] pci 0000:00:07.0: DPC: RP PIO log size 0 is invalid
[    0.616920] pci 0000:00:07.1: [8086:8a1f] type 01 class 0x060400
[    0.617203] pci 0000:00:07.1: PME# supported from D0 D3hot D3cold
[    0.617226] pci 0000:00:07.1: DPC: RP PIO log size 0 is invalid
[    0.617469] pci 0000:00:07.2: [8086:8a21] type 01 class 0x060400
[    0.617750] pci 0000:00:07.2: PME# supported from D0 D3hot D3cold
[    0.617772] pci 0000:00:07.2: DPC: RP PIO log size 0 is invalid
[    0.618017] pci 0000:00:07.3: [8086:8a23] type 01 class 0x060400
[    0.618303] pci 0000:00:07.3: PME# supported from D0 D3hot D3cold
[    0.618325] pci 0000:00:07.3: DPC: RP PIO log size 0 is invalid
[    0.618623] pci 0000:00:0d.0: [8086:8a13] type 00 class 0x0c0330
[    0.618643] pci 0000:00:0d.0: reg 0x10: [mem 0x9d610000-0x9d61ffff 64bit]
[    0.618715] pci 0000:00:0d.0: PME# supported from D3hot D3cold
[    0.618985] pci 0000:00:0d.2: [8086:8a17] type 00 class 0x088000
[    0.619005] pci 0000:00:0d.2: reg 0x10: [mem 0x9d640000-0x9d67ffff 64bit]
[    0.619016] pci 0000:00:0d.2: reg 0x18: [mem 0x9d680000-0x9d680fff 64bit]
[    0.619065] pci 0000:00:0d.2: supports D1 D2
[    0.619066] pci 0000:00:0d.2: PME# supported from D0 D1 D2 D3hot D3cold
[    0.619412] pci 0000:00:0d.3: [8086:8a0d] type 00 class 0x088000
[    0.619432] pci 0000:00:0d.3: reg 0x10: [mem 0x9d6c0000-0x9d6fffff 64bit]
[    0.619443] pci 0000:00:0d.3: reg 0x18: [mem 0x9d700000-0x9d700fff 64bit]
[    0.619492] pci 0000:00:0d.3: supports D1 D2
[    0.619493] pci 0000:00:0d.3: PME# supported from D0 D1 D2 D3hot D3cold
[    0.619919] pci 0000:00:14.0: [8086:38ed] type 00 class 0x0c0330
[    0.619954] pci 0000:00:14.0: reg 0x10: [mem 0x9d620000-0x9d62ffff 64bit]
[    0.620066] pci 0000:00:14.0: PME# supported from D3hot D3cold
[    0.620345] pci 0000:00:14.2: [8086:38ef] type 00 class 0x050000
[    0.620378] pci 0000:00:14.2: reg 0x10: [mem 0x9d634000-0x9d635fff 64bit]
[    0.620397] pci 0000:00:14.2: reg 0x18: [mem 0x9d636000-0x9d636fff 64bit]
[    0.620764] pci 0000:00:16.0: [8086:38e0] type 00 class 0x078000
[    0.620806] pci 0000:00:16.0: reg 0x10: [mem 0x9d637000-0x9d637fff 64bit]
[    0.620954] pci 0000:00:16.0: PME# supported from D3hot
[    0.621330] pci 0000:00:1c.0: [8086:38b8] type 01 class 0x060400
[    0.621529] pci 0000:00:1c.0: PME# supported from D0 D3hot D3cold
[    0.621594] pci 0000:00:1c.0: PTM enabled (root), 4ns granularity
[    0.621944] pci 0000:00:1c.4: [8086:38bc] type 01 class 0x060400
[    0.622152] pci 0000:00:1c.4: PME# supported from D0 D3hot D3cold
[    0.622223] pci 0000:00:1c.4: PTM enabled (root), 4ns granularity
[    0.622610] pci 0000:00:1e.0: [8086:38a8] type 00 class 0x078000
[    0.622685] pci 0000:00:1e.0: reg 0x10: [mem 0x00000000-0x00000fff 64bit]
[    0.623213] pci 0000:00:1f.0: [8086:3882] type 00 class 0x060100
[    0.623626] pci 0000:00:1f.3: [8086:38c8] type 00 class 0x040300
[    0.623715] pci 0000:00:1f.3: reg 0x10: [mem 0x9d630000-0x9d633fff 64bit]
[    0.623800] pci 0000:00:1f.3: reg 0x20: [mem 0x00000000-0x000fffff 64bit]
[    0.623998] pci 0000:00:1f.3: PME# supported from D3hot D3cold
[    0.624336] pci 0000:00:1f.4: [8086:38a3] type 00 class 0x0c0500
[    0.624376] pci 0000:00:1f.4: reg 0x10: [mem 0x9d639000-0x9d6390ff 64bit]
[    0.624421] pci 0000:00:1f.4: reg 0x20: [io  0xc000-0xc01f]
[    0.624777] pci 0000:00:1f.5: [8086:38a4] type 00 class 0x0c8000
[    0.624805] pci 0000:00:1f.5: reg 0x10: [mem 0xfe010000-0xfe010fff]
[    0.625226] pci 0000:00:07.0: PCI bridge to [bus 01-39]
[    0.625229] pci 0000:00:07.0:   bridge window [io  0x4000-0x5fff]
[    0.625232] pci 0000:00:07.0:   bridge window [mem 0x81600000-0x885fffff]
[    0.625237] pci 0000:00:07.0:   bridge window [mem 0xb1300000-0xb82fffff 64bit pref]
[    0.625281] pci 0000:00:07.1: PCI bridge to [bus 3a-72]
[    0.625284] pci 0000:00:07.1:   bridge window [io  0x6000-0x7fff]
[    0.625287] pci 0000:00:07.1:   bridge window [mem 0x88600000-0x8f5fffff]
[    0.625292] pci 0000:00:07.1:   bridge window [mem 0xb8300000-0xbf2fffff 64bit pref]
[    0.625334] pci 0000:00:07.2: PCI bridge to [bus 73-ab]
[    0.625336] pci 0000:00:07.2:   bridge window [io  0x8000-0x9fff]
[    0.625339] pci 0000:00:07.2:   bridge window [mem 0x8f600000-0x965fffff]
[    0.625344] pci 0000:00:07.2:   bridge window [mem 0xbf300000-0xc62fffff 64bit pref]
[    0.625386] pci 0000:00:07.3: PCI bridge to [bus ac-e4]
[    0.625389] pci 0000:00:07.3:   bridge window [io  0xa000-0xbfff]
[    0.625392] pci 0000:00:07.3:   bridge window [mem 0x96600000-0x9d5fffff]
[    0.625397] pci 0000:00:07.3:   bridge window [mem 0xc6300000-0xcd2fffff 64bit pref]
[    0.625547] pci 0000:e5:00.0: [14e4:4464] type 00 class 0x028000
[    0.625595] pci 0000:e5:00.0: reg 0x10: [mem 0x81400000-0x81407fff 64bit]
[    0.625615] pci 0000:e5:00.0: reg 0x18: [mem 0x81000000-0x813fffff 64bit]
[    0.625780] pci 0000:e5:00.0: supports D1 D2
[    0.625781] pci 0000:e5:00.0: PME# supported from D0 D1 D2 D3hot D3cold
[    0.626160] pci 0000:00:1c.0: PCI bridge to [bus e5]
[    0.626166] pci 0000:00:1c.0:   bridge window [mem 0x81000000-0x814fffff]
[    0.626358] pci 0000:e6:00.0: [106b:2005] type 00 class 0x018002
[    0.626400] pci 0000:e6:00.0: reg 0x10: [mem 0xb0000000-0xb03fffff 64bit pref]
[    0.626419] pci 0000:e6:00.0: reg 0x18: [mem 0xb1000000-0xb107ffff 64bit pref]
[    0.626438] pci 0000:e6:00.0: reg 0x20: [mem 0xb1200000-0xb120ffff 64bit pref]
[    0.626545] pci 0000:e6:00.0: PME# supported from D0 D3hot D3cold
[    0.626764] pci 0000:e6:00.1: [106b:1801] type 00 class 0x000000
[    0.626802] pci 0000:e6:00.1: reg 0x10: [mem 0xb0400000-0xb07fffff 64bit pref]
[    0.626821] pci 0000:e6:00.1: reg 0x18: [mem 0xb1080000-0xb10fffff 64bit pref]
[    0.626840] pci 0000:e6:00.1: reg 0x20: [mem 0xb1210000-0xb121ffff 64bit pref]
[    0.626938] pci 0000:e6:00.1: PME# supported from D0 D3hot D3cold
[    0.627139] pci 0000:e6:00.2: [106b:1802] type 00 class 0x000000
[    0.627177] pci 0000:e6:00.2: reg 0x10: [mem 0xb0800000-0xb0bfffff 64bit pref]
[    0.627196] pci 0000:e6:00.2: reg 0x18: [mem 0xb1100000-0xb117ffff 64bit pref]
[    0.627215] pci 0000:e6:00.2: reg 0x20: [mem 0xb1220000-0xb122ffff 64bit pref]
[    0.627312] pci 0000:e6:00.2: PME# supported from D0 D3hot D3cold
[    0.627511] pci 0000:e6:00.3: [106b:1803] type 00 class 0x040100
[    0.627550] pci 0000:e6:00.3: reg 0x10: [mem 0xb0c00000-0xb0ffffff 64bit pref]
[    0.627565] pci 0000:e6:00.3: reg 0x18: [mem 0xb1180000-0xb11fffff 64bit pref]
[    0.627581] pci 0000:e6:00.3: reg 0x20: [mem 0xb1230000-0xb123ffff 64bit pref]
[    0.627675] pci 0000:e6:00.3: PME# supported from D0 D3hot D3cold
[    0.627936] pci 0000:00:1c.4: PCI bridge to [bus e6]
[    0.627952] pci 0000:00:1c.4:   bridge window [mem 0xb0000000-0xb12fffff 64bit pref]
[    0.629067] ACPI: PCI Interrupt Link [LNKA] (IRQs 1 3 4 5 6 7 10 12 14 15) *0
[    0.629171] ACPI: PCI Interrupt Link [LNKB] (IRQs 1 3 4 5 6 7 11 12 14 15) *0
[    0.629271] ACPI: PCI Interrupt Link [LNKC] (IRQs 1 3 4 5 6 7 10 12 14 15) *0
[    0.629370] ACPI: PCI Interrupt Link [LNKD] (IRQs 1 3 4 5 6 7 11 12 14 15) *0
[    0.629470] ACPI: PCI Interrupt Link [LNKE] (IRQs 1 3 4 5 6 7 10 12 14 15) *0
[    0.629569] ACPI: PCI Interrupt Link [LNKF] (IRQs 1 3 4 5 6 7 11 12 14 15) *0
[    0.629694] ACPI: PCI Interrupt Link [LNKG] (IRQs 1 3 4 5 6 7 10 12 14 15) *0
[    0.629793] ACPI: PCI Interrupt Link [LNKH] (IRQs 1 3 4 5 6 7 11 12 14 15) *0
[    0.630231] ACPI: EC: interrupt unblocked
[    0.630232] ACPI: EC: event unblocked
[    0.630264] ACPI: EC: EC_CMD/EC_SC=0x66, EC_DATA=0x62
[    0.630264] ACPI: EC: GPE=0x6e
[    0.630266] ACPI: \_SB_.PCI0.LPCB.EC__: Boot ECDT EC initialization complete
[    0.630267] ACPI: \_SB_.PCI0.LPCB.EC__: EC: Used to handle transactions and events
[    0.630376] iommu: Default domain type: Translated 
[    0.630376] pci 0000:00:02.0: vgaarb: setting as boot VGA device
[    0.630376] pci 0000:00:02.0: vgaarb: VGA device added: decodes=io+mem,owns=io+mem,locks=none
[    0.630376] pci 0000:00:02.0: vgaarb: bridge control possible
[    0.630376] vgaarb: loaded
[    0.630376] SCSI subsystem initialized
[    0.630376] libata version 3.00 loaded.
[    0.630376] ACPI: bus type USB registered
[    0.630376] usbcore: registered new interface driver usbfs
[    0.630376] usbcore: registered new interface driver hub
[    0.630376] usbcore: registered new device driver usb
[    0.630376] pps_core: LinuxPPS API ver. 1 registered
[    0.630376] pps_core: Software ver. 5.3.6 - Copyright 2005-2007 Rodolfo Giometti <giometti@linux.it>
[    0.630376] PTP clock support registered
[    0.630376] EDAC MC: Ver: 3.0.0
[    0.631077] Registered efivars operations
[    0.631077] NetLabel: Initializing
[    0.631077] NetLabel:  domain hash size = 128
[    0.631077] NetLabel:  protocols = UNLABELED CIPSOv4 CALIPSO
[    0.631077] NetLabel:  unlabeled traffic allowed by default
[    0.631077] PCI: Using ACPI for IRQ routing
[    0.641774] PCI: pci_cache_line_size set to 64 bytes
[    0.642135] e820: reserve RAM buffer [mem 0x0009d000-0x0009ffff]
[    0.642136] e820: reserve RAM buffer [mem 0x603a8000-0x63ffffff]
[    0.642138] e820: reserve RAM buffer [mem 0x6122c000-0x63ffffff]
[    0.642139] e820: reserve RAM buffer [mem 0x6157b018-0x63ffffff]
[    0.642140] e820: reserve RAM buffer [mem 0x6157e000-0x63ffffff]
[    0.642141] e820: reserve RAM buffer [mem 0x73c7f000-0x73ffffff]
[    0.642148] hpet0: at MMIO 0xfed00000, IRQs 2, 8, 0, 0, 0, 0, 0, 0
[    0.642148] hpet0: 8 comparators, 64-bit 19.200000 MHz counter
[    0.643929] clocksource: Switched to clocksource tsc-early
[    0.664822] VFS: Disk quotas dquot_6.6.0
[    0.664839] VFS: Dquot-cache hash table entries: 512 (order 0, 4096 bytes)
[    0.664911] pnp: PnP ACPI init
[    0.665122] system 00:00: [io  0xffff] has been reserved
[    0.665124] system 00:00: [io  0x1800-0x18fe] has been reserved
[    0.665126] system 00:00: [io  0x0800-0x087f] has been reserved
[    0.665131] system 00:00: Plug and Play ACPI device, IDs PNP0c02 (active)
[    0.665302] system 00:01: [mem 0xfed10000-0xfed17fff] has been reserved
[    0.665303] system 00:01: [mem 0xfeda0000-0xfeda0fff] has been reserved
[    0.665304] system 00:01: [mem 0xfeda1000-0xfeda1fff] has been reserved
[    0.665306] system 00:01: [mem 0xe0000000-0xefffffff] has been reserved
[    0.665307] system 00:01: [mem 0xfed20000-0xfed3ffff] has been reserved
[    0.665309] system 00:01: [mem 0xfed90000-0xfed93fff] could not be reserved
[    0.665310] system 00:01: [mem 0xfed45000-0xfed8ffff] could not be reserved
[    0.665312] system 00:01: [mem 0xff000000-0xffffffff] could not be reserved
[    0.665313] system 00:01: [mem 0xfee00000-0xfeefffff] has been reserved
[    0.665315] system 00:01: [mem 0xfd000000-0xfdffffff] has been reserved
[    0.665316] system 00:01: [mem 0xfe010000-0xfe010fff] has been reserved
[    0.665318] system 00:01: [mem 0xfe036000-0xfe03bfff] could not be reserved
[    0.665319] system 00:01: [mem 0xfe03c000-0xfe03cfff] has been reserved
[    0.665321] system 00:01: [mem 0xfc800000-0xfcffffff] has been reserved
[    0.665322] system 00:01: [mem 0xfe100000-0xfe1fffff] has been reserved
[    0.665324] system 00:01: [mem 0xfe200000-0xfe3fffff] has been reserved
[    0.665327] system 00:01: Plug and Play ACPI device, IDs PNP0c02 (active)
[    0.666075] pnp: PnP ACPI: found 2 devices
[    0.667396] pci 0000:00:02.0: assigning 11 device properties
[    0.667407] pci 0000:00:0d.2: assigning 9 device properties
[    0.667415] pci 0000:00:0d.3: assigning 9 device properties
[    0.671965] clocksource: acpi_pm: mask: 0xffffff max_cycles: 0xffffff, max_idle_ns: 2085701024 ns
[    0.672037] NET: Registered protocol family 2
[    0.672233] tcp_listen_portaddr_hash hash table entries: 16384 (order: 6, 262144 bytes, linear)
[    0.672275] TCP established hash table entries: 262144 (order: 9, 2097152 bytes, linear)
[    0.672686] TCP bind hash table entries: 65536 (order: 8, 1048576 bytes, linear)
[    0.672812] TCP: Hash tables configured (established 262144 bind 65536)
[    0.672949] UDP hash table entries: 16384 (order: 7, 524288 bytes, linear)
[    0.673032] UDP-Lite hash table entries: 16384 (order: 7, 524288 bytes, linear)
[    0.673147] NET: Registered protocol family 1
[    0.673153] NET: Registered protocol family 44
[    0.673178] pci 0000:00:1f.3: BAR 4: assigned [mem 0x4000000000-0x40000fffff 64bit]
[    0.673231] pci 0000:00:1e.0: BAR 0: assigned [mem 0x4000100000-0x4000100fff 64bit]
[    0.673296] pci 0000:00:07.0: PCI bridge to [bus 01-39]
[    0.673299] pci 0000:00:07.0:   bridge window [io  0x4000-0x5fff]
[    0.673304] pci 0000:00:07.0:   bridge window [mem 0x81600000-0x885fffff]
[    0.673307] pci 0000:00:07.0:   bridge window [mem 0xb1300000-0xb82fffff 64bit pref]
[    0.673313] pci 0000:00:07.1: PCI bridge to [bus 3a-72]
[    0.673315] pci 0000:00:07.1:   bridge window [io  0x6000-0x7fff]
[    0.673319] pci 0000:00:07.1:   bridge window [mem 0x88600000-0x8f5fffff]
[    0.673322] pci 0000:00:07.1:   bridge window [mem 0xb8300000-0xbf2fffff 64bit pref]
[    0.673328] pci 0000:00:07.2: PCI bridge to [bus 73-ab]
[    0.673330] pci 0000:00:07.2:   bridge window [io  0x8000-0x9fff]
[    0.673334] pci 0000:00:07.2:   bridge window [mem 0x8f600000-0x965fffff]
[    0.673337] pci 0000:00:07.2:   bridge window [mem 0xbf300000-0xc62fffff 64bit pref]
[    0.673343] pci 0000:00:07.3: PCI bridge to [bus ac-e4]
[    0.673345] pci 0000:00:07.3:   bridge window [io  0xa000-0xbfff]
[    0.673349] pci 0000:00:07.3:   bridge window [mem 0x96600000-0x9d5fffff]
[    0.673352] pci 0000:00:07.3:   bridge window [mem 0xc6300000-0xcd2fffff 64bit pref]
[    0.673359] pci 0000:00:1c.0: PCI bridge to [bus e5]
[    0.673391] pci 0000:00:1c.0:   bridge window [mem 0x81000000-0x814fffff]
[    0.673405] pci 0000:00:1c.4: PCI bridge to [bus e6]
[    0.673438] pci 0000:00:1c.4:   bridge window [mem 0xb0000000-0xb12fffff 64bit pref]
[    0.673450] pci_bus 0000:00: resource 4 [io  0x0000-0x0cf7 window]
[    0.673451] pci_bus 0000:00: resource 5 [io  0x0d00-0xffff window]
[    0.673453] pci_bus 0000:00: resource 6 [mem 0x000a0000-0x000bffff window]
[    0.673454] pci_bus 0000:00: resource 7 [mem 0x000c0000-0x000c3fff window]
[    0.673455] pci_bus 0000:00: resource 8 [mem 0x000c4000-0x000c7fff window]
[    0.673456] pci_bus 0000:00: resource 9 [mem 0x000c8000-0x000cbfff window]
[    0.673458] pci_bus 0000:00: resource 10 [mem 0x000cc000-0x000cffff window]
[    0.673459] pci_bus 0000:00: resource 11 [mem 0x000d0000-0x000d3fff window]
[    0.673460] pci_bus 0000:00: resource 12 [mem 0x000d4000-0x000d7fff window]
[    0.673461] pci_bus 0000:00: resource 13 [mem 0x000d8000-0x000dbfff window]
[    0.673462] pci_bus 0000:00: resource 14 [mem 0x000dc000-0x000dffff window]
[    0.673464] pci_bus 0000:00: resource 15 [mem 0x000e0000-0x000e3fff window]
[    0.673465] pci_bus 0000:00: resource 16 [mem 0x000e4000-0x000e7fff window]
[    0.673466] pci_bus 0000:00: resource 17 [mem 0x000e8000-0x000ebfff window]
[    0.673467] pci_bus 0000:00: resource 18 [mem 0x000ec000-0x000effff window]
[    0.673468] pci_bus 0000:00: resource 19 [mem 0x000f0000-0x000fffff window]
[    0.673470] pci_bus 0000:00: resource 20 [mem 0x80000000-0xfeafffff window]
[    0.673471] pci_bus 0000:00: resource 21 [mem 0x4000000000-0x7fffffffff window]
[    0.673473] pci_bus 0000:01: resource 0 [io  0x4000-0x5fff]
[    0.673474] pci_bus 0000:01: resource 1 [mem 0x81600000-0x885fffff]
[    0.673475] pci_bus 0000:01: resource 2 [mem 0xb1300000-0xb82fffff 64bit pref]
[    0.673477] pci_bus 0000:3a: resource 0 [io  0x6000-0x7fff]
[    0.673478] pci_bus 0000:3a: resource 1 [mem 0x88600000-0x8f5fffff]
[    0.673479] pci_bus 0000:3a: resource 2 [mem 0xb8300000-0xbf2fffff 64bit pref]
[    0.673480] pci_bus 0000:73: resource 0 [io  0x8000-0x9fff]
[    0.673481] pci_bus 0000:73: resource 1 [mem 0x8f600000-0x965fffff]
[    0.673483] pci_bus 0000:73: resource 2 [mem 0xbf300000-0xc62fffff 64bit pref]
[    0.673484] pci_bus 0000:ac: resource 0 [io  0xa000-0xbfff]
[    0.673485] pci_bus 0000:ac: resource 1 [mem 0x96600000-0x9d5fffff]
[    0.673486] pci_bus 0000:ac: resource 2 [mem 0xc6300000-0xcd2fffff 64bit pref]
[    0.673488] pci_bus 0000:e5: resource 1 [mem 0x81000000-0x814fffff]
[    0.673489] pci_bus 0000:e6: resource 2 [mem 0xb0000000-0xb12fffff 64bit pref]
[    0.673582] pci 0000:00:02.0: Video device with shadowed ROM at [mem 0x000c0000-0x000dffff]
[    0.674311] PCI: CLS 256 bytes, default 64
[    0.674363] Trying to unpack rootfs image as initramfs...
[    1.446197] Freeing initrd memory: 33728K
[    1.455941] PCI-DMA: Using software bounce buffering for IO (SWIOTLB)
[    1.455944] software IO TLB: mapped [mem 0x643db000-0x683db000] (64MB)
[    1.456023] clocksource: tsc: mask: 0xffffffffffffffff max_cycles: 0x2135f7c97c8, max_idle_ns: 440795273205 ns
[    1.456071] clocksource: Switched to clocksource tsc
[    1.456105] platform rtc_cmos: registered platform RTC device (no PNP device found)
[    1.457183] Initialise system trusted keyrings
[    1.457200] Key type blacklist registered
[    1.457278] workingset: timestamp_bits=36 max_order=23 bucket_order=0
[    1.458594] zbud: loaded
[    1.459145] integrity: Platform Keyring initialized
[    1.475928] NET: Registered protocol family 38
[    1.475930] Key type asymmetric registered
[    1.475931] Asymmetric key parser 'x509' registered
[    1.475937] Block layer SCSI generic (bsg) driver version 0.4 loaded (major 245)
[    1.475985] io scheduler mq-deadline registered
[    1.475986] io scheduler kyber registered
[    1.476017] io scheduler bfq registered
[    1.476107] atomic64_test: passed for x86-64 platform with CX8 and with SSE
[    1.476310] shpchp: Standard Hot Plug PCI Controller Driver version: 0.4
[    1.476330] efifb: probing for efifb
[    1.476349] efifb: No BGRT, not showing boot graphics
[    1.476351] efifb: framebuffer at 0xa0000000, using 20252k, total 20250k
[    1.476352] efifb: mode is 2880x1800x32, linelength=11520, pages=1
[    1.476352] efifb: scrolling: redraw
[    1.476354] efifb: Truecolor: size=8:8:8:8, shift=24:16:8:0
[    1.476408] fbcon: Deferring console take-over
[    1.476409] fb0: EFI VGA frame buffer device
[    1.476418] intel_idle: MWAIT substates: 0x11121020
[    1.476696] Monitor-Mwait will be used to enter C-1 state
[    1.476718] Monitor-Mwait will be used to enter C-2 state
[    1.476726] Monitor-Mwait will be used to enter C-3 state
[    1.476732] ACPI: \_SB_.PR00: Found 3 idle states
[    1.476734] intel_idle: v0.5.1 model 0x7E
[    1.477043] intel_idle: Local APIC timer is reliable in all C-states
[    1.477183] ACPI: AC Adapter [ADP1] (on-line)
[    1.477243] input: Lid Switch as /devices/LNXSYSTM:00/LNXSYBUS:00/PNP0C0D:00/input/input0
[    1.477277] ACPI: Lid Switch [LID0]
[    1.477302] input: Power Button as /devices/LNXSYSTM:00/LNXSYBUS:00/PNP0C0C:00/input/input1
[    1.477319] ACPI: Power Button [PWRB]
[    1.477346] input: Sleep Button as /devices/LNXSYSTM:00/LNXSYBUS:00/PNP0C0E:00/input/input2
[    1.477361] ACPI: Sleep Button [SLPB]
[    1.477384] input: Power Button as /devices/LNXSYSTM:00/LNXPWRBN:00/input/input3
[    1.477405] ACPI: Power Button [PWRF]
[    1.478711] Serial: 8250/16550 driver, 32 ports, IRQ sharing enabled
[    1.480491] Non-volatile memory driver v1.3
[    1.480517] Linux agpgart interface v0.103
[    1.481379] libphy: Fixed MDIO Bus: probed
[    1.481452] ehci_hcd: USB 2.0 'Enhanced' Host Controller (EHCI) Driver
[    1.481454] ehci-pci: EHCI PCI platform driver
[    1.481464] ohci_hcd: USB 1.1 'Open' Host Controller (OHCI) Driver
[    1.481466] ohci-pci: OHCI PCI platform driver
[    1.481473] uhci_hcd: USB Universal Host Controller Interface driver
[    1.481508] usbcore: registered new interface driver usbserial_generic
[    1.481513] usbserial: USB Serial support registered for generic
[    1.481528] i8042: PNP: No PS/2 controller found.
[    1.481554] mousedev: PS/2 mouse device common for all mice
[    1.481706] rtc_cmos rtc_cmos: RTC can wake from S4
[    1.482342] rtc_cmos rtc_cmos: registered as rtc0
[    1.482514] rtc_cmos rtc_cmos: setting system clock to 1970-01-01T00:08:25 UTC (505)
[    1.482516] rtc_cmos rtc_cmos: alarms up to one month, y3k, 114 bytes nvram, hpet irqs
[    1.482559] device-mapper: uevent: version 1.0.3
[    1.482609] device-mapper: ioctl: 4.42.0-ioctl (2020-02-27) initialised: dm-devel@redhat.com
[    1.482671] intel_pstate: Intel P-state driver initializing
[    1.483055] intel_pstate: HWP enabled
[    1.483123] hid: raw HID events driver (C) Jiri Kosina
[    1.483142] usbcore: registered new interface driver usbhid
[    1.483142] usbhid: USB HID core driver
[    1.483201] intel_pmc_core intel_pmc_core.0:  initialized
[    1.483240] drop_monitor: Initializing network drop monitor service
[    1.483300] Initializing XFRM netlink socket
[    1.483354] NET: Registered protocol family 10
[    1.485449] Segment Routing with IPv6
[    1.485450] RPL Segment Routing with IPv6
[    1.485461] mip6: Mobile IPv6
[    1.485462] NET: Registered protocol family 17
[    1.485947] microcode: sig=0x706e5, pf=0x80, revision=0x96
[    1.486060] microcode: Microcode Update Driver: v2.2.
[    1.486064] IPI shorthand broadcast: enabled
[    1.486068] AVX2 version of gcm_enc/dec engaged.
[    1.486069] AES CTR mode by8 optimization enabled
[    1.496156] sched_clock: Marking stable (1492547301, 3606382)->(1504718283, -8564600)
[    1.496216] registered taskstats version 1
[    1.496222] Loading compiled-in X.509 certificates
[    1.496694] Loaded X.509 cert 'Fedora kernel signing key: 96db43e7180324db18ace8d1de3c67bb6789bc6d'
[    1.496711] zswap: loaded using pool lzo/zbud
[    1.496812] Key type ._fscrypt registered
[    1.496812] Key type .fscrypt registered
[    1.496812] Key type fscrypt-provisioning registered
[    1.496914] Btrfs loaded, crc32c=crc32c-generic
[    1.498351] Key type encrypted registered
[    1.504385] ------------[ cut here ]------------
[    1.504386] [Firmware Bug]: Page fault caused by firmware at PA: 0xffffa10a8005c000
[    1.504393] WARNING: CPU: 4 PID: 8 at arch/x86/platform/efi/quirks.c:743 efi_recover_from_page_fault+0x2a/0xc8
[    1.504394] Modules linked in:
[    1.504395] CPU: 4 PID: 8 Comm: kworker/u16:0 Not tainted 5.8.0-0.rc6.20200721git4fa640dc5230.1.fc33.x86_64 #1
[    1.504396] Hardware name: Apple Inc. MacBookPro16,2/Mac-5F9802EFE386AA28, BIOS 1037.147.1.0.0 (iBridge: 17.16.16065.0.0,0) 07/09/2020
[    1.504399] Workqueue: efi_rts_wq efi_call_rts
[    1.504400] RIP: 0010:efi_recover_from_page_fault+0x2a/0xc8
[    1.504401] Code: 0f 1f 44 00 00 8b 15 c5 92 4c 02 85 d2 74 09 48 81 ff ff 0f 00 00 77 01 c3 53 48 89 fe 48 c7 c7 10 34 39 bd 50 e8 dc f4 00 00 <0f> 0b 83 3d 9d 92 4c 02 0a 0f 84 8f 00 00 00 48 8b 05 d0 06 ba 01
[    1.504402] RSP: 0018:ffffa10a80092b50 EFLAGS: 00010082
[    1.504402] RAX: 0000000000000047 RBX: ffff9115dc234000 RCX: 00000000000002da
[    1.504403] RDX: 0000000000000001 RSI: 0000000000000082 RDI: 0000000000000047
[    1.504403] RBP: ffffa10a80092bf8 R08: 00000000000002da R09: 0000000000000003
[    1.504403] R10: 0000000000000000 R11: 0000000000000001 R12: ffffa10a8005c000
[    1.504404] R13: 0000000000000000 R14: 000000000000000b R15: 0000000000000001
[    1.504405] FS:  0000000000000000(0000) GS:ffff9115dff00000(0000) knlGS:0000000000000000
[    1.504405] CS:  0010 DS: 0000 ES: 0000 CR0: 0000000080050033
[    1.504405] CR2: ffffa10a8005c000 CR3: 000000085c99e005 CR4: 0000000000760ee0
[    1.504406] PKRU: 55555554
[    1.504406] Call Trace:
[    1.504411]  no_context+0x100/0x340
[    1.504413]  exc_page_fault+0xe9/0x1a0
[    1.504415]  asm_exc_page_fault+0x1e/0x30
[    1.504417] RIP: 0010:0xfffffffeefab60c5
[    1.504417] Code: 31 c9 48 29 f9 48 83 e1 0f 74 0c 4c 39 c1 49 0f 47 c8 49 29 c8 f3 a4 4c 89 c1 49 83 e0 0f 48 c1 e9 04 74 2c f3 0f 7f 44 24 18 <f3> 0f 6f 06 66 0f e7 07 48 83 c6 10 48 83 c7 10 e2 ee 0f ae f0 66
[    1.504418] RSP: 0018:ffffa10a80092ca8 EFLAGS: 00010286
[    1.504418] RAX: fffffffeefb04c2b RBX: ffffffffbd3e546c RCX: 0000000000000037
[    1.504419] RDX: ffffa10a8005bd68 RSI: ffffa10a8005bffd RDI: fffffffeefb04ec0
[    1.504419] RBP: ffffa10a80092d30 R08: 0000000000000002 R09: ffffa10a8005c36e
[    1.504419] R10: 0000000000000000 R11: 000000000050867c R12: 0000000000000000
[    1.504420] R13: ffffa10a8005bde0 R14: 8000000000000001 R15: 0000000000000607
[    1.504429]  ? __efi_call+0x25/0x30
[    1.504429]  ? efi_call_rts+0x169/0x8b0
[    1.504431]  ? process_one_work+0x1b4/0x370
[    1.504432]  ? worker_thread+0x53/0x3e0
[    1.504433]  ? process_one_work+0x370/0x370
[    1.504433]  ? kthread+0x119/0x140
[    1.504434]  ? __kthread_bind_mask+0x60/0x60
[    1.504436]  ? ret_from_fork+0x1f/0x30
[    1.504436] ---[ end trace 7e966865993e7bea ]---
[    1.504440] efi: Froze efi_rts_wq and disabled EFI Runtime Services
[    1.504450] integrity: Couldn't get size: Aborted (0x8000000000000015)
[    1.504464] integrity: MODSIGN: Couldn't get UEFI db list
[    1.504465] efi: EFI Runtime Services are disabled!
[    1.504465] integrity: Couldn't get size: Aborted (0x8000000000000015)
[    1.504465] integrity: Couldn't get UEFI MokListRT
[    1.504465] integrity: Couldn't get size: Aborted (0x8000000000000015)
[    1.504466] integrity: Couldn't get UEFI dbx list
[    1.504467] ima: No TPM chip found, activating TPM-bypass!
[    1.504470] ima: Allocated hash algorithm: sha256
[    1.504477] ima: No architecture policies found
[    1.504847] PM:   Magic number: 6:107:101
[    1.504897] memory memory250: hash matches
[    1.504956] RAS: Correctable Errors collector initialized.
[    1.511193] Freeing unused decrypted memory: 2040K
[    1.511459] Freeing unused kernel image (initmem) memory: 2504K
[    1.519938] Write protecting the kernel read-only data: 26624k
[    1.520565] Freeing unused kernel image (text/rodata gap) memory: 2044K
[    1.520937] Freeing unused kernel image (rodata/data gap) memory: 1636K
[    1.534208] x86/mm: Checked W+X mappings: passed, no W+X pages found.
[    1.534210] rodata_test: all tests were successful
[    1.534214] Run /init as init process
[    1.534215]   with arguments:
[    1.534216]     /init
[    1.534216]     rhgb
[    1.534217]   with environment:
[    1.534217]     HOME=/
[    1.534217]     TERM=linux
[    1.534218]     BOOT_IMAGE=(hd0,gpt5)/vmlinuz-5.8.0-0.rc6.20200721git4fa640dc5230.1.fc33.x86_64
[    1.537095] systemd[1]: System time before build time, advancing clock.
[    1.539403] efi: EFI Runtime Services are disabled!
[    1.539404] efivars: get_next_variable: status=8000000000000015
[    1.539650] systemd[1]: systemd v245.6-2.fc32 running in system mode. (+PAM +AUDIT +SELINUX +IMA -APPARMOR +SMACK +SYSVINIT +UTMP +LIBCRYPTSETUP +GCRYPT +GNUTLS +ACL +XZ +LZ4 +SECCOMP +BLKID +ELFUTILS +KMOD +IDN2 -IDN +PCRE2 default-hierarchy=unified)
[    1.551119] systemd[1]: Detected architecture x86-64.
[    1.551122] systemd[1]: Running in initial RAM disk.
[    1.551151] systemd[1]: Set hostname to <epmbp2020>.
[    1.589983] systemd[1]: Created slice system-systemd\x2dcryptsetup.slice.
[    1.590029] systemd[1]: Reached target Local File Systems.
[    1.590037] systemd[1]: Reached target Slices.
[    1.590043] systemd[1]: Reached target Swap.
[    1.590048] systemd[1]: Reached target Timers.
[    1.590132] systemd[1]: Listening on Journal Audit Socket.
[    1.590189] systemd[1]: Listening on Journal Socket (/dev/log).
[    1.590229] systemd[1]: Listening on Journal Socket.
[    1.590275] systemd[1]: Listening on udev Control Socket.
[    1.590300] systemd[1]: Listening on udev Kernel Socket.
[    1.590306] systemd[1]: Reached target Sockets.
[    1.590676] systemd[1]: Starting Create list of static device nodes for the current kernel...
[    1.591016] systemd[1]: Started Hardware RNG Entropy Gatherer Daemon.
[    1.591706] systemd[1]: Starting Journal Service...
[    1.592059] systemd[1]: Starting Load Kernel Modules...
[    1.592386] systemd[1]: Starting Setup Virtual Console...
[    1.592737] systemd[1]: Finished Create list of static device nodes for the current kernel.
[    1.593112] systemd[1]: Starting Create Static Device Nodes in /dev...
[    1.596448] systemd[1]: Finished Create Static Device Nodes in /dev.
[    1.632952] fuse: init (API version 7.31)
[    1.633728] systemd[1]: Finished Load Kernel Modules.
[    1.634371] systemd[1]: Starting Apply Kernel Variables...
[    1.639747] systemd[1]: Finished Apply Kernel Variables.
[    1.640796] systemd[1]: Finished Setup Virtual Console.
[    1.640912] systemd[1]: Condition check resulted in dracut ask for additional cmdline parameters being skipped.
[    1.641432] systemd[1]: Starting dracut cmdline hook...
[    1.719279] systemd[1]: Finished dracut cmdline hook.
[    1.719884] systemd[1]: Starting dracut pre-udev hook...
[    1.735632] systemd[1]: Finished dracut pre-udev hook.
[    1.736204] systemd[1]: Starting udev Kernel Device Manager...
[    1.851282] systemd[1]: Started Journal Service.
[    1.851353] audit: type=1130 audit(1591056000.313:2): pid=1 uid=0 auid=4294967295 ses=4294967295 subj=kernel msg='unit=systemd-journald comm="systemd" exe="/usr/lib/systemd/systemd" hostname=? addr=? terminal=? res=success'
[    1.860304] audit: type=1130 audit(1591056000.322:3): pid=1 uid=0 auid=4294967295 ses=4294967295 subj=kernel msg='unit=systemd-tmpfiles-setup comm="systemd" exe="/usr/lib/systemd/systemd" hostname=? addr=? terminal=? res=success'
[    1.999594] audit: type=1130 audit(1591056000.461:4): pid=1 uid=0 auid=4294967295 ses=4294967295 subj=kernel msg='unit=systemd-udevd comm="systemd" exe="/usr/lib/systemd/systemd" hostname=? addr=? terminal=? res=success'
[    2.048873] audit: type=1130 audit(1591056000.510:5): pid=1 uid=0 auid=4294967295 ses=4294967295 subj=kernel msg='unit=systemd-udev-trigger comm="systemd" exe="/usr/lib/systemd/systemd" hostname=? addr=? terminal=? res=success'
[    2.060978] xhci_hcd 0000:00:0d.0: xHCI Host Controller
[    2.061297] xhci_hcd 0000:00:0d.0: new USB bus registered, assigned bus number 1
[    2.062362] xhci_hcd 0000:00:0d.0: hcc params 0x20007fc1 hci version 0x110 quirks 0x0000000200009810
[    2.062366] xhci_hcd 0000:00:0d.0: cache line size of 256 is not supported
[    2.062507] usb usb1: New USB device found, idVendor=1d6b, idProduct=0002, bcdDevice= 5.08
[    2.062508] usb usb1: New USB device strings: Mfr=3, Product=2, SerialNumber=1
[    2.062509] usb usb1: Product: xHCI Host Controller
[    2.062510] usb usb1: Manufacturer: Linux 5.8.0-0.rc6.20200721git4fa640dc5230.1.fc33.x86_64 xhci-hcd
[    2.062511] usb usb1: SerialNumber: 0000:00:0d.0
[    2.062618] hub 1-0:1.0: USB hub found
[    2.062625] hub 1-0:1.0: 1 port detected
[    2.062734] xhci_hcd 0000:00:0d.0: xHCI Host Controller
[    2.062764] xhci_hcd 0000:00:0d.0: new USB bus registered, assigned bus number 2
[    2.062766] xhci_hcd 0000:00:0d.0: Host supports USB 3.1 Enhanced SuperSpeed
[    2.062801] usb usb2: New USB device found, idVendor=1d6b, idProduct=0003, bcdDevice= 5.08
[    2.062802] usb usb2: New USB device strings: Mfr=3, Product=2, SerialNumber=1
[    2.062802] usb usb2: Product: xHCI Host Controller
[    2.062803] usb usb2: Manufacturer: Linux 5.8.0-0.rc6.20200721git4fa640dc5230.1.fc33.x86_64 xhci-hcd
[    2.062804] usb usb2: SerialNumber: 0000:00:0d.0
[    2.062873] hub 2-0:1.0: USB hub found
[    2.062881] hub 2-0:1.0: 4 ports detected
[    2.063200] xhci_hcd 0000:00:14.0: xHCI Host Controller
[    2.064703] audit: type=1130 audit(1591056000.526:6): pid=1 uid=0 auid=4294967295 ses=4294967295 subj=kernel msg='unit=plymouth-start comm="systemd" exe="/usr/lib/systemd/systemd" hostname=? addr=? terminal=? res=success'
[    2.065116] xhci_hcd 0000:00:14.0: new USB bus registered, assigned bus number 3
[    2.066426] xhci_hcd 0000:00:14.0: hcc params 0x20007fc1 hci version 0x110 quirks 0x0000000000009810
[    2.066435] xhci_hcd 0000:00:14.0: cache line size of 256 is not supported
[    2.083980] usb usb3: New USB device found, idVendor=1d6b, idProduct=0002, bcdDevice= 5.08
[    2.083982] usb usb3: New USB device strings: Mfr=3, Product=2, SerialNumber=1
[    2.083983] usb usb3: Product: xHCI Host Controller
[    2.083984] usb usb3: Manufacturer: Linux 5.8.0-0.rc6.20200721git4fa640dc5230.1.fc33.x86_64 xhci-hcd
[    2.083984] usb usb3: SerialNumber: 0000:00:14.0
[    2.084166] hub 3-0:1.0: USB hub found
[    2.084296] hub 3-0:1.0: 8 ports detected
[    2.084844] xhci_hcd 0000:00:14.0: xHCI Host Controller
[    2.085707] xhci_hcd 0000:00:14.0: new USB bus registered, assigned bus number 4
[    2.085711] xhci_hcd 0000:00:14.0: Host supports USB 3.1 Enhanced SuperSpeed
[    2.085881] usb usb4: New USB device found, idVendor=1d6b, idProduct=0003, bcdDevice= 5.08
[    2.085881] usb usb4: New USB device strings: Mfr=3, Product=2, SerialNumber=1
[    2.085882] usb usb4: Product: xHCI Host Controller
[    2.085883] usb usb4: Manufacturer: Linux 5.8.0-0.rc6.20200721git4fa640dc5230.1.fc33.x86_64 xhci-hcd
[    2.085883] usb usb4: SerialNumber: 0000:00:14.0
[    2.086355] hub 4-0:1.0: USB hub found
[    2.086383] hub 4-0:1.0: 6 ports detected
[    2.086425] usb: port power management may be unreliable
[    2.091775] nvme nvme0: pci function 0000:e6:00.0
[    2.094428] nvme nvme0: 1/0/0 default/read/poll queues
[    2.110790]  nvme0n1: p1 p2 p3 p4 p5 p6 p7
[    2.126558] audit: type=1334 audit(1591056000.588:7): prog-id=5 op=UNLOAD
[    2.126560] audit: type=1334 audit(1591056000.588:8): prog-id=4 op=UNLOAD
[    2.126561] audit: type=1334 audit(1591056000.588:9): prog-id=3 op=UNLOAD
[    2.126648] audit: type=1334 audit(1591056000.588:10): prog-id=7 op=UNLOAD
[    2.277560] ------------[ cut here ]------------
[    2.277562] i915 0000:00:02.0: drm_WARN_ON(!IS_PLATFORM(dev_priv, INTEL_ELKHARTLAKE))
[    2.277610] WARNING: CPU: 4 PID: 408 at drivers/gpu/drm/i915/intel_pch.c:115 intel_pch_type+0x4fe/0x930 [i915]
[    2.277611] Modules linked in: i915(+) i2c_algo_bit drm_kms_helper crct10dif_pclmul crc32_pclmul crc32c_intel cec drm nvme ghash_clmulni_intel nvme_core xhci_pci xhci_pci_renesas video fuse
[    2.277616] CPU: 4 PID: 408 Comm: systemd-udevd Tainted: G        W        --------- ---  5.8.0-0.rc6.20200721git4fa640dc5230.1.fc33.x86_64 #1
[    2.277617] Hardware name: Apple Inc. MacBookPro16,2/Mac-5F9802EFE386AA28, BIOS 1037.147.1.0.0 (iBridge: 17.16.16065.0.0,0) 07/09/2020
[    2.277646] RIP: 0010:intel_pch_type+0x4fe/0x930 [i915]
[    2.277648] Code: 4c 8b 67 50 4d 85 e4 75 03 4c 8b 27 e8 bb e5 24 fc 48 c7 c1 90 c0 6d c0 4c 89 e2 48 c7 c7 bb 55 70 c0 48 89 c6 e8 48 6a b6 fb <0f> 0b b8 07 00 00 00 e9 ba fb ff ff 48 8b 7f 18 48 c7 c2 ef 56 70
[    2.277648] RSP: 0018:ffffa10a8046fb80 EFLAGS: 00010282
[    2.277649] RAX: 0000000000000049 RBX: ffff9115d1600000 RCX: 0000000000000000
[    2.277650] RDX: 0000000000000049 RSI: ffffffffbe3f74a9 RDI: 0000000000000246
[    2.277650] RBP: ffff9115db0b3000 R08: 0000000087c0d6b7 R09: 0000000000000049
[    2.277651] R10: 0000000000000198 R11: 0000000000000001 R12: ffff9115db9c6430
[    2.277651] R13: 0000000000003880 R14: ffff9115d16007e0 R15: ffff9115d1600000
[    2.277653] FS:  00007f737568cb80(0000) GS:ffff9115dff00000(0000) knlGS:0000000000000000
[    2.277653] CS:  0010 DS: 0000 ES: 0000 CR0: 0000000080050033
[    2.277654] CR2: 0000559e8b6e0948 CR3: 00000008543ea003 CR4: 0000000000760ee0
[    2.277654] PKRU: 55555554
[    2.277655] Call Trace:
[    2.277684]  intel_detect_pch+0x4e/0x2c0 [i915]
[    2.277711]  i915_driver_probe+0x289/0xdd0 [i915]
[    2.277715]  ? acpi_dev_found+0x63/0x70
[    2.277718]  ? vga_switcheroo_client_probe_defer+0x1f/0x40
[    2.277742]  ? i915_pci_probe+0x31/0x110 [i915]
[    2.277745]  local_pci_probe+0x42/0x80
[    2.277748]  ? _cond_resched+0x16/0x40
[    2.277749]  pci_device_probe+0xd9/0x190
[    2.277752]  really_probe+0x167/0x410
[    2.277753]  driver_probe_device+0xe1/0x150
[    2.277755]  device_driver_attach+0xa1/0xb0
[    2.277756]  __driver_attach+0x8a/0x150
[    2.277757]  ? device_driver_attach+0xb0/0xb0
[    2.277758]  ? device_driver_attach+0xb0/0xb0
[    2.277759]  bus_for_each_dev+0x64/0x90
[    2.277761]  bus_add_driver+0x12b/0x1e0
[    2.277762]  driver_register+0x8b/0xe0
[    2.277763]  ? 0xffffffffc07eb000
[    2.277795]  i915_init+0x5d/0x70 [i915]
[    2.277797]  do_one_initcall+0x46/0x200
[    2.277799]  ? _cond_resched+0x16/0x40
[    2.277801]  ? kmem_cache_alloc_trace+0x167/0x220
[    2.277803]  ? do_init_module+0x23/0x250
[    2.277804]  do_init_module+0x5c/0x250
[    2.277806]  __do_sys_init_module+0x121/0x150
[    2.277808]  do_syscall_64+0x52/0x90
[    2.277810]  entry_SYSCALL_64_after_hwframe+0x44/0xa9
[    2.277811] RIP: 0033:0x7f73767de45e
[    2.277811] Code: Bad RIP value.
[    2.277812] RSP: 002b:00007fff3902a338 EFLAGS: 00000246 ORIG_RAX: 00000000000000af
[    2.277813] RAX: ffffffffffffffda RBX: 0000559e8a943910 RCX: 00007f73767de45e
[    2.277813] RDX: 00007f737643895d RSI: 00000000004e935e RDI: 0000559e8b1f75e0
[    2.277814] RBP: 0000559e8b1f75e0 R08: 0000559e8a93afc0 R09: 00007fff3902953e
[    2.277814] R10: 0000000000000005 R11: 0000000000000246 R12: 0000000000000000
[    2.277815] R13: 00007f737643895d R14: 0000559e8a945970 R15: 0000559e8a93f930
[    2.277816] ---[ end trace 7e966865993e7beb ]---
[    2.278357] checking generic (a0000000 13c7000) vs hw (80000000 1000000)
[    2.278358] checking generic (a0000000 13c7000) vs hw (a0000000 10000000)
[    2.278358] fb0: switching to inteldrmfb from EFI VGA
[    2.278411] i915 0000:00:02.0: vgaarb: deactivate vga console
[    2.279075] [drm] Supports vblank timestamp caching Rev 2 (21.10.2013).
[    2.279508] i915 0000:00:02.0: vgaarb: changed VGA decodes: olddecodes=io+mem,decodes=io+mem:owns=io+mem
[    2.279912] i915 0000:00:02.0: [drm] Finished loading DMC firmware i915/icl_dmc_ver1_09.bin (v1.9)
[    2.404894] usb 3-2: new high-speed USB device number 2 using xhci_hcd
[    2.532057] usb 3-2: New USB device found, idVendor=05e3, idProduct=0606, bcdDevice= 7.02
[    2.532058] usb 3-2: New USB device strings: Mfr=0, Product=1, SerialNumber=0
[    2.532059] usb 3-2: Product: USB2.0 Hub
[    2.532718] hub 3-2:1.0: USB hub found
[    2.533258] hub 3-2:1.0: 4 ports detected
[    2.809892] usb 3-2.2: new high-speed USB device number 3 using xhci_hcd
[    2.886240] usb 3-2.2: New USB device found, idVendor=0424, idProduct=7500, bcdDevice= 1.00
[    2.886240] usb 3-2.2: New USB device strings: Mfr=1, Product=2, SerialNumber=3
[    2.886241] usb 3-2.2: Product: USB Gigabit LAN
[    2.886242] usb 3-2.2: Manufacturer: WS
[    2.886242] usb 3-2.2: SerialNumber: 00000004d6
[    2.898451] smsc75xx v1.0.0
[    2.954893] usb 3-2.3: new low-speed USB device number 4 using xhci_hcd
[    2.981902] smsc75xx 3-2.2:1.0 eth0: register 'smsc75xx' at usb-0000:00:14.0-2.2, smsc75xx USB 2.0 Gigabit Ethernet, 80:3f:5d:08:d8:28
[    2.981922] usbcore: registered new interface driver smsc75xx
[    2.983638] smsc75xx 3-2.2:1.0 enp0s20f0u2u2: renamed from eth0
[    3.039565] usb 3-2.3: New USB device found, idVendor=258a, idProduct=6a88, bcdDevice= 1.00
[    3.039566] usb 3-2.3: New USB device strings: Mfr=1, Product=2, SerialNumber=0
[    3.039567] usb 3-2.3: Product: USB KEYBOARD
[    3.039568] usb 3-2.3: Manufacturer: SINO WEALTH
[    3.047815] input: SINO WEALTH USB KEYBOARD as /devices/pci0000:00/0000:00:14.0/usb3/3-2/3-2.3/3-2.3:1.0/0003:258A:6A88.0001/input/input4
[    3.098962] hid-generic 0003:258A:6A88.0001: input,hidraw0: USB HID v1.10 Keyboard [SINO WEALTH USB KEYBOARD] on usb-0000:00:14.0-2.3/input0
[    3.110438] input: SINO WEALTH USB KEYBOARD Mouse as /devices/pci0000:00/0000:00:14.0/usb3/3-2/3-2.3/3-2.3:1.1/0003:258A:6A88.0002/input/input5
[    3.110480] input: SINO WEALTH USB KEYBOARD System Control as /devices/pci0000:00/0000:00:14.0/usb3/3-2/3-2.3/3-2.3:1.1/0003:258A:6A88.0002/input/input6
[    3.161924] input: SINO WEALTH USB KEYBOARD Consumer Control as /devices/pci0000:00/0000:00:14.0/usb3/3-2/3-2.3/3-2.3:1.1/0003:258A:6A88.0002/input/input7
[    3.161972] hid-generic 0003:258A:6A88.0002: input,hiddev96,hidraw1: USB HID v1.10 Mouse [SINO WEALTH USB KEYBOARD] on usb-0000:00:14.0-2.3/input1
[    3.204033] input: SINO WEALTH USB KEYBOARD as /devices/pci0000:00/0000:00:14.0/usb3/3-2/3-2.3/3-2.3:1.0/0003:258A:6A88.0001/input/input8
[    3.255956] itetech 0003:258A:6A88.0001: input,hidraw0: USB HID v1.10 Keyboard [SINO WEALTH USB KEYBOARD] on usb-0000:00:14.0-2.3/input0
[    3.321141] input: SINO WEALTH USB KEYBOARD as /devices/pci0000:00/0000:00:14.0/usb3/3-2/3-2.3/3-2.3:1.1/0003:258A:6A88.0002/input/input9
[    3.372967] itetech 0003:258A:6A88.0002: input,hiddev96,hidraw1: USB HID v1.10 Mouse [SINO WEALTH USB KEYBOARD] on usb-0000:00:14.0-2.3/input1
[    3.451613] ------------[ cut here ]------------
[    3.451614] i915 0000:00:02.0: drm_WARN_ON(enabled_irq_mask & ~interrupt_mask)
[    3.451680] WARNING: CPU: 4 PID: 408 at drivers/gpu/drm/i915/i915_irq.c:453 ibx_display_interrupt_update+0xbd/0x110 [i915]
[    3.451680] Modules linked in: hid_ite smsc75xx usbnet mii i915(+) i2c_algo_bit drm_kms_helper crct10dif_pclmul crc32_pclmul crc32c_intel cec drm nvme ghash_clmulni_intel nvme_core xhci_pci xhci_pci_renesas video fuse
[    3.451688] CPU: 4 PID: 408 Comm: systemd-udevd Tainted: G        W        --------- ---  5.8.0-0.rc6.20200721git4fa640dc5230.1.fc33.x86_64 #1
[    3.451689] Hardware name: Apple Inc. MacBookPro16,2/Mac-5F9802EFE386AA28, BIOS 1037.147.1.0.0 (iBridge: 17.16.16065.0.0,0) 07/09/2020
[    3.451715] RIP: 0010:ibx_display_interrupt_update+0xbd/0x110 [i915]
[    3.451717] Code: 4c 8b 6f 50 4d 85 ed 75 03 4c 8b 2f e8 bc 68 25 fc 48 c7 c1 10 ac 6d c0 4c 89 ea 48 c7 c7 50 4a 70 c0 48 89 c6 e8 49 ed b6 fb <0f> 0b 80 bb 32 6f 00 00 00 75 8d 48 8b 7b 18 4c 8b 67 50 4d 85 e4
[    3.451718] RSP: 0018:ffffa10a8046fb50 EFLAGS: 00010082
[    3.451719] RAX: 0000000000000042 RBX: ffff9115d1600000 RCX: 0000000000000000
[    3.451719] RDX: 0000000000000042 RSI: ffffffffbe3f74a2 RDI: 0000000000000046
[    3.451720] RBP: 00000000fff8ffff R08: 00000000cdbb764c R09: 0000000000000042
[    3.451720] R10: 0000000000000198 R11: 0000000000000001 R12: 000000003f003f07
[    3.451721] R13: ffff9115db9c6430 R14: ffff9115d16007e0 R15: 0000000000070000
[    3.451722] FS:  00007f737568cb80(0000) GS:ffff9115dff00000(0000) knlGS:0000000000000000
[    3.451722] CS:  0010 DS: 0000 ES: 0000 CR0: 0000000080050033
[    3.451723] CR2: 0000559e8a961000 CR3: 00000008543ea006 CR4: 0000000000760ee0
[    3.451723] PKRU: 55555554
[    3.451724] Call Trace:
[    3.451752]  icp_hpd_irq_setup+0x96/0xc0 [i915]
[    3.451791]  intel_hpd_init+0x88/0xa0 [i915]
[    3.451818]  i915_driver_probe+0x885/0xdd0 [i915]
[    3.451822]  ? vga_switcheroo_client_probe_defer+0x1f/0x40
[    3.451848]  ? i915_pci_probe+0x31/0x110 [i915]
[    3.451851]  local_pci_probe+0x42/0x80
[    3.451854]  ? _cond_resched+0x16/0x40
[    3.451855]  pci_device_probe+0xd9/0x190
[    3.451857]  really_probe+0x167/0x410
[    3.451859]  driver_probe_device+0xe1/0x150
[    3.451861]  device_driver_attach+0xa1/0xb0
[    3.451862]  __driver_attach+0x8a/0x150
[    3.451863]  ? device_driver_attach+0xb0/0xb0
[    3.451864]  ? device_driver_attach+0xb0/0xb0
[    3.451865]  bus_for_each_dev+0x64/0x90
[    3.451867]  bus_add_driver+0x12b/0x1e0
[    3.451868]  driver_register+0x8b/0xe0
[    3.451869]  ? 0xffffffffc07eb000
[    3.451900]  i915_init+0x5d/0x70 [i915]
[    3.451903]  do_one_initcall+0x46/0x200
[    3.451904]  ? _cond_resched+0x16/0x40
[    3.451907]  ? kmem_cache_alloc_trace+0x167/0x220
[    3.451909]  ? do_init_module+0x23/0x250
[    3.451910]  do_init_module+0x5c/0x250
[    3.451911]  __do_sys_init_module+0x121/0x150
[    3.451914]  do_syscall_64+0x52/0x90
[    3.451916]  entry_SYSCALL_64_after_hwframe+0x44/0xa9
[    3.451918] RIP: 0033:0x7f73767de45e
[    3.451918] Code: Bad RIP value.
[    3.451919] RSP: 002b:00007fff3902a338 EFLAGS: 00000246 ORIG_RAX: 00000000000000af
[    3.451920] RAX: ffffffffffffffda RBX: 0000559e8a943910 RCX: 00007f73767de45e
[    3.451920] RDX: 00007f737643895d RSI: 00000000004e935e RDI: 0000559e8b1f75e0
[    3.451921] RBP: 0000559e8b1f75e0 R08: 0000559e8a93afc0 R09: 00007fff3902953e
[    3.451921] R10: 0000000000000005 R11: 0000000000000246 R12: 0000000000000000
[    3.451922] R13: 00007f737643895d R14: 0000559e8a945970 R15: 0000559e8a93f930
[    3.451923] ---[ end trace 7e966865993e7bec ]---
[    3.452854] [drm] Initialized i915 1.6.0 20200515 for 0000:00:02.0 on minor 0
[    3.454331] ACPI: Video Device [IGPU] (multi-head: yes  rom: no  post: no)
[    3.456273] acpi device:11: registered as cooling_device8
[    3.456321] input: Video Bus as /devices/LNXSYSTM:00/LNXSYBUS:00/PNP0A08:00/LNXVIDEO:00/input/input10
[    3.457703] fbcon: i915drmfb (fb0) is primary device
[    3.457704] fbcon: Deferring console take-over
[    3.457705] i915 0000:00:02.0: fb0: i915drmfb frame buffer device
[   22.960023] kauditd_printk_skb: 7 callbacks suppressed
[   22.960024] audit: type=1130 audit(1591056021.422:18): pid=1 uid=0 auid=4294967295 ses=4294967295 subj=kernel msg='unit=systemd-cryptsetup@luks\x2db32abd1d\x2d204d\x2d4529\x2db9b4\x2d7fb1fe89c1ce comm="systemd" exe="/usr/lib/systemd/systemd" hostname=? addr=? terminal=? res=success'
[   23.579734] audit: type=1130 audit(1591056022.041:19): pid=1 uid=0 auid=4294967295 ses=4294967295 subj=kernel msg='unit=dracut-initqueue comm="systemd" exe="/usr/lib/systemd/systemd" hostname=? addr=? terminal=? res=success'
[   24.024487] audit: type=1130 audit(1591056022.486:20): pid=1 uid=0 auid=4294967295 ses=4294967295 subj=kernel msg='unit=systemd-fsck-root comm="systemd" exe="/usr/lib/systemd/systemd" hostname=? addr=? terminal=? res=success'
[   24.033965] EXT4-fs (dm-1): mounted filesystem with ordered data mode. Opts: (null)
[   24.054144] audit: type=1334 audit(1591056022.516:21): prog-id=12 op=UNLOAD
[   24.054146] audit: type=1334 audit(1591056022.516:22): prog-id=11 op=UNLOAD
[   24.054148] audit: type=1334 audit(1591056022.516:23): prog-id=10 op=UNLOAD
[   24.054363] audit: type=1334 audit(1591056022.516:24): prog-id=9 op=UNLOAD
[   24.054460] audit: type=1334 audit(1591056022.516:25): prog-id=8 op=UNLOAD
[   24.118713] audit: type=1334 audit(1591056022.580:26): prog-id=13 op=LOAD
[   24.118934] audit: type=1334 audit(1591056022.581:27): prog-id=14 op=LOAD
[   24.218392] systemd-journald[230]: Received SIGTERM from PID 1 (systemd).
[   24.435293] SELinux:  Permission watch in class filesystem not defined in policy.
[   24.435296] SELinux:  Permission watch in class file not defined in policy.
[   24.435296] SELinux:  Permission watch_mount in class file not defined in policy.
[   24.435297] SELinux:  Permission watch_sb in class file not defined in policy.
[   24.435297] SELinux:  Permission watch_with_perm in class file not defined in policy.
[   24.435297] SELinux:  Permission watch_reads in class file not defined in policy.
[   24.435299] SELinux:  Permission watch in class dir not defined in policy.
[   24.435300] SELinux:  Permission watch_mount in class dir not defined in policy.
[   24.435300] SELinux:  Permission watch_sb in class dir not defined in policy.
[   24.435300] SELinux:  Permission watch_with_perm in class dir not defined in policy.
[   24.435301] SELinux:  Permission watch_reads in class dir not defined in policy.
[   24.435303] SELinux:  Permission watch in class lnk_file not defined in policy.
[   24.435303] SELinux:  Permission watch_mount in class lnk_file not defined in policy.
[   24.435303] SELinux:  Permission watch_sb in class lnk_file not defined in policy.
[   24.435304] SELinux:  Permission watch_with_perm in class lnk_file not defined in policy.
[   24.435304] SELinux:  Permission watch_reads in class lnk_file not defined in policy.
[   24.435305] SELinux:  Permission watch in class chr_file not defined in policy.
[   24.435305] SELinux:  Permission watch_mount in class chr_file not defined in policy.
[   24.435305] SELinux:  Permission watch_sb in class chr_file not defined in policy.
[   24.435306] SELinux:  Permission watch_with_perm in class chr_file not defined in policy.
[   24.435306] SELinux:  Permission watch_reads in class chr_file not defined in policy.
[   24.435307] SELinux:  Permission watch in class blk_file not defined in policy.
[   24.435307] SELinux:  Permission watch_mount in class blk_file not defined in policy.
[   24.435307] SELinux:  Permission watch_sb in class blk_file not defined in policy.
[   24.435307] SELinux:  Permission watch_with_perm in class blk_file not defined in policy.
[   24.435308] SELinux:  Permission watch_reads in class blk_file not defined in policy.
[   24.435309] SELinux:  Permission watch in class sock_file not defined in policy.
[   24.435309] SELinux:  Permission watch_mount in class sock_file not defined in policy.
[   24.435309] SELinux:  Permission watch_sb in class sock_file not defined in policy.
[   24.435309] SELinux:  Permission watch_with_perm in class sock_file not defined in policy.
[   24.435310] SELinux:  Permission watch_reads in class sock_file not defined in policy.
[   24.435310] SELinux:  Permission watch in class fifo_file not defined in policy.
[   24.435311] SELinux:  Permission watch_mount in class fifo_file not defined in policy.
[   24.435311] SELinux:  Permission watch_sb in class fifo_file not defined in policy.
[   24.435311] SELinux:  Permission watch_with_perm in class fifo_file not defined in policy.
[   24.435311] SELinux:  Permission watch_reads in class fifo_file not defined in policy.
[   24.435338] SELinux:  Permission perfmon in class capability2 not defined in policy.
[   24.435338] SELinux:  Permission bpf in class capability2 not defined in policy.
[   24.435342] SELinux:  Permission perfmon in class cap2_userns not defined in policy.
[   24.435342] SELinux:  Permission bpf in class cap2_userns not defined in policy.
[   24.435359] SELinux:  Class perf_event not defined in policy.
[   24.435359] SELinux:  Class lockdown not defined in policy.
[   24.435360] SELinux: the above unknown classes and permissions will be allowed
[   24.435364] SELinux:  policy capability network_peer_controls=1
[   24.435364] SELinux:  policy capability open_perms=1
[   24.435364] SELinux:  policy capability extended_socket_class=1
[   24.435365] SELinux:  policy capability always_check_network=0
[   24.435365] SELinux:  policy capability cgroup_seclabel=1
[   24.435365] SELinux:  policy capability nnp_nosuid_transition=1
[   24.435365] SELinux:  policy capability genfs_seclabel_symlinks=0
[   24.451598] systemd[1]: Successfully loaded SELinux policy in 118.938ms.
[   24.498949] systemd[1]: Relabelled /dev, /dev/shm, /run, /sys/fs/cgroup in 18.920ms.
[   24.501881] systemd[1]: systemd v245.6-2.fc32 running in system mode. (+PAM +AUDIT +SELINUX +IMA -APPARMOR +SMACK +SYSVINIT +UTMP +LIBCRYPTSETUP +GCRYPT +GNUTLS +ACL +XZ +LZ4 +SECCOMP +BLKID +ELFUTILS +KMOD +IDN2 -IDN +PCRE2 default-hierarchy=unified)
[   24.514066] systemd[1]: Detected architecture x86-64.
[   24.515411] systemd[1]: Set hostname to <epmbp2020>.
[   24.655164] systemd[1]: /usr/lib/systemd/system/sssd.service:13: PIDFile= references a path below legacy directory /var/run/, updating /var/run/sssd.pid  /run/sssd.pid; please update the unit file accordingly.
[   24.676909] systemd[1]: /usr/lib/systemd/system/sssd-kcm.socket:7: ListenStream= references a path below legacy directory /var/run/, updating /var/run/.heim_org.h5l.kcm-socket  /run/.heim_org.h5l.kcm-socket; please update the unit file accordingly.
[   24.720074] systemd[1]: initrd-switch-root.service: Succeeded.
[   24.720155] systemd[1]: Stopped Switch Root.
[   24.720486] systemd[1]: systemd-journald.service: Scheduled restart job, restart counter is at 1.
[   24.720634] systemd[1]: Created slice Virtual Machine and Container Slice.
[   24.720768] systemd[1]: Created slice system-getty.slice.
[   24.720954] systemd[1]: Created slice system-modprobe.slice.
[   24.721064] systemd[1]: Created slice system-sshd\x2dkeygen.slice.
[   24.721168] systemd[1]: Created slice system-systemd\x2dfsck.slice.
[   24.721300] systemd[1]: Created slice User and Session Slice.
[   24.721319] systemd[1]: Condition check resulted in Dispatch Password Requests to Console Directory Watch being skipped.
[   24.721393] systemd[1]: Started Forward Password Requests to Wall Directory Watch.
[   24.721669] systemd[1]: Set up automount Arbitrary Executable File Formats File System Automount Point.
[   24.721689] systemd[1]: Reached target Block Device Preparation for /dev/mapper/luks-b32abd1d-204d-4529-b9b4-7fb1fe89c1ce.
[   24.721702] systemd[1]: Reached target Login Prompts.
[   24.721715] systemd[1]: Stopped target Switch Root.
[   24.721726] systemd[1]: Stopped target Initrd File Systems.
[   24.721738] systemd[1]: Stopped target Initrd Root File System.
[   24.721767] systemd[1]: Reached target Slices.
[   24.722080] systemd[1]: Listening on Device-mapper event daemon FIFOs.
[   24.722576] systemd[1]: Listening on LVM2 poll daemon socket.
[   24.722637] systemd[1]: Listening on multipathd control socket.
[   24.723894] systemd[1]: Listening on Process Core Dump Socket.
[   24.724046] systemd[1]: Listening on initctl Compatibility Named Pipe.
[   24.724311] systemd[1]: Listening on udev Control Socket.
[   24.724485] systemd[1]: Listening on udev Kernel Socket.
[   24.724646] systemd[1]: Listening on User Database Manager Socket.
[   24.725119] systemd[1]: Activating swap /dev/mapper/fedora-swap...
[   24.725732] systemd[1]: Mounting Huge Pages File System...
[   24.726230] systemd[1]: Mounting POSIX Message Queue File System...
[   24.726718] systemd[1]: Mounting Kernel Debug File System...
[   24.727309] systemd[1]: Mounting Kernel Trace File System...
[   24.727428] systemd[1]: Condition check resulted in Kernel Module supporting RPCSEC_GSS being skipped.
[   24.728440] systemd[1]: Starting Create list of static device nodes for the current kernel...
[   24.728955] systemd[1]: Starting Monitoring of LVM2 mirrors, snapshots etc. using dmeventd or progress polling...
[   24.729001] systemd[1]: Condition check resulted in Load Kernel Module drm being skipped.
[   24.729393] systemd[1]: Starting Preprocess NFS configuration convertion...
[   24.729540] systemd[1]: plymouth-switch-root.service: Succeeded.
[   24.729651] systemd[1]: Stopped Plymouth switch root service.
[   24.730265] systemd[1]: Condition check resulted in Set Up Additional Binary Formats being skipped.
[   24.730320] systemd[1]: Stopped Journal Service.
[   24.731241] systemd[1]: Starting Journal Service...
[   24.732831] systemd[1]: Starting Load Kernel Modules...
[   24.733366] systemd[1]: Starting Remount Root and Kernel File Systems...
[   24.733854] systemd[1]: Starting Repartition Root Disk...
[   24.734379] systemd[1]: Starting udev Coldplug all Devices...
[   24.735102] systemd[1]: sysroot.mount: Succeeded.
[   24.735808] systemd[1]: Mounted Huge Pages File System.
[   24.735975] systemd[1]: Mounted POSIX Message Queue File System.
[   24.736114] systemd[1]: Mounted Kernel Debug File System.
[   24.736231] systemd[1]: Mounted Kernel Trace File System.
[   24.736644] systemd[1]: Finished Create list of static device nodes for the current kernel.
[   24.737022] systemd[1]: nfs-convert.service: Succeeded.
[   24.737167] systemd[1]: Finished Preprocess NFS configuration convertion.
[   24.738894] systemd[1]: Finished Load Kernel Modules.
[   24.739429] EXT4-fs (dm-1): re-mounted. Opts: (null)
[   24.739773] systemd[1]: Mounting FUSE Control File System...
[   24.740331] systemd[1]: Starting Apply Kernel Variables...
[   24.741598] systemd[1]: Finished Remount Root and Kernel File Systems.
[   24.741968] systemd[1]: Finished Repartition Root Disk.
[   24.742092] systemd[1]: Mounted FUSE Control File System.
[   24.742199] systemd[1]: Condition check resulted in OSTree Remount OS/ Bind Mounts being skipped.
[   24.742215] systemd[1]: Condition check resulted in First Boot Wizard being skipped.
[   24.742847] systemd[1]: Condition check resulted in Rebuild Hardware Database being skipped.
[   24.742915] Adding 33538044k swap on /dev/mapper/fedora-swap.  Priority:-2 extents:1 across:33538044k SSFS
[   24.743986] systemd[1]: Starting Load/Save Random Seed...
[   24.744039] systemd[1]: Condition check resulted in Create System Users being skipped.
[   24.744584] systemd[1]: Starting Create Static Device Nodes in /dev...
[   24.747554] systemd[1]: Activated swap /dev/mapper/fedora-swap.
[   24.748663] systemd[1]: Finished Apply Kernel Variables.
[   24.748808] systemd[1]: Reached target Swap.
[   24.750768] systemd[1]: tmp.mount: Directory /tmp to mount over is not empty, mounting anyway.
[   24.751318] systemd[1]: Mounting Temporary Directory (/tmp)...
[   24.753751] systemd[1]: Finished Load/Save Random Seed.
[   24.753935] systemd[1]: Mounted Temporary Directory (/tmp).
[   24.766726] systemd[1]: Finished Create Static Device Nodes in /dev.
[   24.767824] systemd[1]: Starting udev Kernel Device Manager...
[   24.786044] systemd[1]: Finished udev Coldplug all Devices.
[   24.786746] systemd[1]: Starting udev Wait for Complete Device Initialization...
[   24.938256] systemd[1]: Started Journal Service.
[   24.943905] systemd-journald[1257]: Received client request to flush runtime journal.
[   24.945272] systemd-journald[1257]: File /var/log/journal/6c788bb03afb4a4b8bd7efa5eb3e7a97/system.journal corrupted or uncleanly shut down, renaming and replacing.
[   25.101084] acpi-tad ACPI000E:00: Missing _PRW
[   25.105041] smbus_hc ACPI0001:00: SBS HC: offset = 0x20, query_bit = 0x10
[   25.107790] proc_thermal 0000:00:04.0: enabling device (0000 -> 0002)
[   25.133361] thunderbolt 0000:00:0d.2: can't derive routing for PCI INT A
[   25.133362] thunderbolt 0000:00:0d.2: PCI INT A: not connected
[   25.133914] input: PC Speaker as /devices/platform/pcspkr/input/input11
[   25.173134] Bluetooth: Core ver 2.22
[   25.173218] NET: Registered protocol family 31
[   25.173218] Bluetooth: HCI device and connection manager initialized
[   25.173222] Bluetooth: HCI socket layer initialized
[   25.173223] Bluetooth: L2CAP socket layer initialized
[   25.173226] Bluetooth: SCO socket layer initialized
[   25.191508] cfg80211: Loading compiled-in X.509 certificates for regulatory database
[   25.191942] cfg80211: Loaded X.509 cert 'sforshee: 00b28ddf47aef9cea7'
[   25.210352] RAPL PMU: API unit is 2^-32 Joules, 3 fixed counters, 655360 ms ovfl timer
[   25.210353] RAPL PMU: hw unit of domain pp0-core 2^-14 Joules
[   25.210353] RAPL PMU: hw unit of domain package 2^-14 Joules
[   25.210354] RAPL PMU: hw unit of domain pp1-gpu 2^-14 Joules
[   25.243252] usbcore: registered new interface driver brcmfmac
[   25.243485] brcmfmac 0000:e5:00.0: enabling device (0000 -> 0002)
[   25.271900] Bluetooth: HCI UART driver ver 2.3
[   25.271901] Bluetooth: HCI UART protocol H4 registered
[   25.271902] Bluetooth: HCI UART protocol BCSP registered
[   25.271909] Bluetooth: HCI UART protocol LL registered
[   25.271909] Bluetooth: HCI UART protocol ATH3K registered
[   25.271914] Bluetooth: HCI UART protocol Three-wire (H5) registered
[   25.271935] Bluetooth: HCI UART protocol Intel registered
[   25.271955] Bluetooth: HCI UART protocol Broadcom registered
[   25.271959] Bluetooth: HCI UART protocol QCA registered
[   25.271960] Bluetooth: HCI UART protocol AG6XX registered
[   25.271965] Bluetooth: HCI UART protocol Marvell registered
[   25.286180] intel_rapl_common: Found RAPL domain package
[   25.286182] intel_rapl_common: Found RAPL domain core
[   25.286183] intel_rapl_common: Found RAPL domain uncore
[   25.354485] brcmfmac: brcmf_fw_alloc_request: using brcm/brcmfmac4364-pcie for chip BCM4364/4
[   25.354926] brcmfmac 0000:e5:00.0: Direct firmware load for brcm/brcmfmac4364-pcie.bin failed with error -2
[   25.366341] snd_hda_intel 0000:00:1f.3: enabling device (0000 -> 0002)
[   25.366621] snd_hda_intel 0000:00:1f.3: bound 0000:00:02.0 (ops i915_audio_component_bind_ops [i915])
[   25.366901] ------------[ cut here ]------------
[   25.366905] WARNING: CPU: 7 PID: 244 at kernel/workqueue.c:3037 __flush_work.isra.0+0x49/0x50
[   25.366906] Modules linked in: acpi_cpufreq(-) snd_hda_intel intel_powerclamp snd_intel_dspcfg coretemp snd_hda_codec kvm_intel intel_rapl_msr snd_hda_core kvm hci_uart snd_hwdep btqca brcmfmac applesmc(+) btrtl irqbypass snd_seq brcmutil rapl btbcm snd_seq_device btintel intel_cstate snd_pcm cfg80211 bluetooth intel_uncore snd_timer snd mmc_core pcspkr soundcore thunderbolt(+) sbs(+) processor_thermal_device ecdh_generic intel_rapl_common rfkill int340x_thermal_zone intel_soc_dts_iosf ecc sbshc acpi_tad apple_bl ip_tables dm_crypt hid_ite smsc75xx usbnet mii i915 i2c_algo_bit drm_kms_helper crct10dif_pclmul crc32_pclmul crc32c_intel cec drm nvme ghash_clmulni_intel nvme_core xhci_pci xhci_pci_renesas video fuse
[   25.366924] CPU: 7 PID: 244 Comm: kworker/7:2 Tainted: G        W        --------- ---  5.8.0-0.rc6.20200721git4fa640dc5230.1.fc33.x86_64 #1
[   25.366925] Hardware name: Apple Inc. MacBookPro16,2/Mac-5F9802EFE386AA28, BIOS 1037.147.1.0.0 (iBridge: 17.16.16065.0.0,0) 07/09/2020
[   25.366928] Workqueue: events request_firmware_work_func
[   25.366930] RIP: 0010:__flush_work.isra.0+0x49/0x50
[   25.366932] Code: 08 e8 2b fe ff ff 84 c0 75 05 48 83 c4 50 c3 48 8d 7c 24 28 88 44 24 07 e8 24 18 a7 00 0f b6 44 24 07 48 83 c4 50 c3 0f 0b c3 <0f> 0b 31 c0 c3 66 90 0f 1f 44 00 00 41 54 55 48 8b 07 48 89 fd 41
[   25.366933] RSP: 0000:ffffa10a8044fd28 EFLAGS: 00010246
[   25.366933] RAX: 0000000000000001 RBX: 0000000000000000 RCX: 0000000000000000
[   25.366934] RDX: 0000000000000001 RSI: 0000000000000000 RDI: ffff91158f02a988
[   25.366935] RBP: 0000000000000000 R08: 7fffffffffffffff R09: 0000000000000000
[   25.366935] R10: 0000000000000001 R11: 0000000000000000 R12: ffff91158f02a988
[   25.366936] R13: ffff9115d4dbc000 R14: ffff9115d4c1e960 R15: ffff9115d4c1e7e8
[   25.366937] FS:  0000000000000000(0000) GS:ffff9115dffc0000(0000) knlGS:0000000000000000
[   25.366938] CS:  0010 DS: 0000 ES: 0000 CR0: 0000000080050033
[   25.366939] CR2: 00007fa35040bf27 CR3: 0000000854684001 CR4: 0000000000760ee0
[   25.366939] PKRU: 55555554
[   25.366940] Call Trace:
[   25.366943]  __cancel_work_timer+0xde/0x160
[   25.366946]  ? synchronize_rcu+0x47/0x50
[   25.366947]  ? rcu_gp_kthread+0xb90/0xb90
[   25.366955]  brcmf_fweh_detach+0x15/0x60 [brcmfmac]
[   25.366961]  brcmf_detach+0x5d/0x100 [brcmfmac]
[   25.366968]  brcmf_pcie_remove+0x58/0x110 [brcmfmac]
[   25.366972]  pci_device_remove+0x3b/0xa0
[   25.366974]  __device_release_driver+0x15c/0x210
[   25.366976]  device_release_driver+0x24/0x30
[   25.366981]  brcmf_fw_request_done+0x67/0xf0 [brcmfmac]
[   25.366983]  request_firmware_work_func+0x37/0x60
[   25.366984]  process_one_work+0x1b4/0x370
[   25.366986]  worker_thread+0x53/0x3e0
[   25.366987]  ? process_one_work+0x370/0x370
[   25.366988]  kthread+0x119/0x140
[   25.366989]  ? __kthread_bind_mask+0x60/0x60
[   25.366992]  ret_from_fork+0x1f/0x30
[   25.366993] ---[ end trace 7e966865993e7bed ]---
[   25.367007] ------------[ cut here ]------------
[   25.367013] WARNING: CPU: 7 PID: 244 at drivers/net/wireless/broadcom/brcm80211/brcmfmac/fweh.c:309 brcmf_fweh_detach+0x5b/0x60 [brcmfmac]
[   25.367013] Modules linked in: acpi_cpufreq(-) snd_hda_intel intel_powerclamp snd_intel_dspcfg coretemp snd_hda_codec kvm_intel intel_rapl_msr snd_hda_core kvm hci_uart snd_hwdep btqca brcmfmac applesmc(+) btrtl irqbypass snd_seq brcmutil rapl btbcm snd_seq_device btintel intel_cstate snd_pcm cfg80211 bluetooth intel_uncore snd_timer snd mmc_core pcspkr soundcore thunderbolt(+) sbs(+) processor_thermal_device ecdh_generic intel_rapl_common rfkill int340x_thermal_zone intel_soc_dts_iosf ecc sbshc acpi_tad apple_bl ip_tables dm_crypt hid_ite smsc75xx usbnet mii i915 i2c_algo_bit drm_kms_helper crct10dif_pclmul crc32_pclmul crc32c_intel cec drm nvme ghash_clmulni_intel nvme_core xhci_pci xhci_pci_renesas video fuse
[   25.367023] CPU: 7 PID: 244 Comm: kworker/7:2 Tainted: G        W        --------- ---  5.8.0-0.rc6.20200721git4fa640dc5230.1.fc33.x86_64 #1
[   25.367023] Hardware name: Apple Inc. MacBookPro16,2/Mac-5F9802EFE386AA28, BIOS 1037.147.1.0.0 (iBridge: 17.16.16065.0.0,0) 07/09/2020
[   25.367025] Workqueue: events request_firmware_work_func
[   25.367029] RIP: 0010:brcmf_fweh_detach+0x5b/0x60 [brcmfmac]
[   25.367030] Code: 48 c7 83 e0 21 00 00 00 00 00 00 48 c7 83 30 26 00 00 00 00 00 00 48 83 e7 f8 29 fb 8d 8b 38 26 00 00 c1 e9 03 f3 48 ab 5b c3 <0f> 0b eb c9 90 0f 1f 44 00 00 89 f0 48 83 bc c7 e0 21 00 00 00 75
[   25.367031] RSP: 0000:ffffa10a8044fd90 EFLAGS: 00010207
[   25.367031] RAX: ffff91158f02a9b0 RBX: ffff91158f0287e0 RCX: 0000000000000000
[   25.367032] RDX: 0000000000000000 RSI: 0000000000000000 RDI: ffff91158f02a988
[   25.367033] RBP: ffff91158f0287e0 R08: 7fffffffffffffff R09: 0000000000000000
[   25.367033] R10: 0000000000000001 R11: 0000000000000000 R12: ffff9115d4c1e5a0
[   25.367034] R13: ffff9115db0b60b0 R14: ffff9115d4c1e960 R15: ffff9115d4c1e7e8
[   25.367034] FS:  0000000000000000(0000) GS:ffff9115dffc0000(0000) knlGS:0000000000000000
[   25.367035] CS:  0010 DS: 0000 ES: 0000 CR0: 0000000080050033
[   25.367036] CR2: 00007fa35040bf27 CR3: 0000000854684001 CR4: 0000000000760ee0
[   25.367036] PKRU: 55555554
[   25.367037] Call Trace:
[   25.367041]  brcmf_detach+0x5d/0x100 [brcmfmac]
[   25.367047]  brcmf_pcie_remove+0x58/0x110 [brcmfmac]
[   25.367049]  pci_device_remove+0x3b/0xa0
[   25.367050]  __device_release_driver+0x15c/0x210
[   25.367051]  device_release_driver+0x24/0x30
[   25.367056]  brcmf_fw_request_done+0x67/0xf0 [brcmfmac]
[   25.367058]  request_firmware_work_func+0x37/0x60
[   25.367059]  process_one_work+0x1b4/0x370
[   25.367060]  worker_thread+0x53/0x3e0
[   25.367061]  ? process_one_work+0x370/0x370
[   25.367062]  kthread+0x119/0x140
[   25.367063]  ? __kthread_bind_mask+0x60/0x60
[   25.367064]  ret_from_fork+0x1f/0x30
[   25.367065] ---[ end trace 7e966865993e7bee ]---
[   25.402955] thunderbolt 0000:00:0d.3: can't derive routing for PCI INT A
[   25.402956] thunderbolt 0000:00:0d.3: PCI INT A: not connected
[   25.405579] input: HDA Intel PCH HDMI/DP,pcm=3 as /devices/pci0000:00/0000:00:1f.3/sound/card0/input12
[   25.405619] input: HDA Intel PCH HDMI/DP,pcm=7 as /devices/pci0000:00/0000:00:1f.3/sound/card0/input13
[   25.405648] input: HDA Intel PCH HDMI/DP,pcm=8 as /devices/pci0000:00/0000:00:1f.3/sound/card0/input14
[   25.405677] input: HDA Intel PCH HDMI/DP,pcm=9 as /devices/pci0000:00/0000:00:1f.3/sound/card0/input15
[   25.405706] input: HDA Intel PCH HDMI/DP,pcm=10 as /devices/pci0000:00/0000:00:1f.3/sound/card0/input16
[   25.405748] input: HDA Intel PCH HDMI/DP,pcm=11 as /devices/pci0000:00/0000:00:1f.3/sound/card0/input17
[   25.405777] input: HDA Intel PCH HDMI/DP,pcm=12 as /devices/pci0000:00/0000:00:1f.3/sound/card0/input18
[   26.818063] applesmc: send_byte(0x10, 0x0304) fail: 0xff
[   26.818065] applesmc: #KEY: read arg fail
[   28.334964] applesmc: send_byte(0x10, 0x0304) fail: 0xff
[   28.334966] applesmc: #KEY: read arg fail
[   29.970072] applesmc: send_byte(0x10, 0x0304) fail: 0xff
[   29.970074] applesmc: #KEY: read arg fail
[   31.866796] applesmc: send_byte(0x10, 0x0304) fail: 0xff
[   31.866798] applesmc: #KEY: read arg fail
[   33.908126] applesmc: send_byte(0x10, 0x0304) fail: 0xff
[   33.908128] applesmc: #KEY: read arg fail
[   35.866761] applesmc: send_byte(0x10, 0x0304) fail: 0xff
[   35.866764] applesmc: #KEY: read arg fail
[   37.908140] applesmc: send_byte(0x10, 0x0304) fail: 0xff
[   37.908142] applesmc: #KEY: read arg fail
[   39.866788] applesmc: send_byte(0x10, 0x0304) fail: 0xff
[   39.866791] applesmc: #KEY: read arg fail
[   41.908128] applesmc: send_byte(0x10, 0x0304) fail: 0xff
[   41.908131] applesmc: #KEY: read arg fail
[   43.866728] applesmc: send_byte(0x10, 0x0304) fail: 0xff
[   43.866730] applesmc: #KEY: read arg fail
[   45.434062] applesmc: send_byte(0x10, 0x0304) fail: 0xff
[   45.434064] applesmc: #KEY: read arg fail
[   45.954026] applesmc: send_byte(0x10, 0x0304) fail: 0xff
[   45.954028] applesmc: #KEY: read arg fail
[   47.866787] applesmc: send_byte(0x10, 0x0304) fail: 0xff
[   47.866790] applesmc: #KEY: read arg fail
[   49.908173] applesmc: send_byte(0x10, 0x0304) fail: 0xff
[   49.908176] applesmc: #KEY: read arg fail
[   50.962087] applesmc: send_byte(0x10, 0x0304) fail: 0xff
[   50.962089] applesmc: #KEY: read arg fail
[   52.334997] applesmc: send_byte(0x10, 0x0304) fail: 0xff
[   52.334999] applesmc: #KEY: read arg fail
[   54.485330] applesmc: send_byte(0x10, 0x0304) fail: 0xff
[   54.485332] applesmc: #KEY: read arg fail
[   56.334989] applesmc: send_byte(0x10, 0x0304) fail: 0xff
[   56.334992] applesmc: #KEY: read arg fail
[   58.485404] applesmc: send_byte(0x10, 0x0304) fail: 0xff
[   58.485406] applesmc: #KEY: read arg fail
[   60.335016] applesmc: send_byte(0x10, 0x0304) fail: 0xff
[   60.335019] applesmc: #KEY: read arg fail
[   61.874017] applesmc: send_byte(0x10, 0x0304) fail: 0xff
[   61.874019] applesmc: #KEY: read arg fail
[   63.374036] applesmc: send_byte(0x10, 0x0304) fail: 0xff
[   63.374038] applesmc: #KEY: read arg fail
[   64.874020] applesmc: send_byte(0x10, 0x0304) fail: 0xff
[   64.874022] applesmc: #KEY: read arg fail
[   66.374068] applesmc: send_byte(0x10, 0x0304) fail: 0xff
[   66.374070] applesmc: #KEY: read arg fail
[   67.346079] applesmc: send_byte(0x10, 0x0304) fail: 0xff
[   67.346081] applesmc: #KEY: read arg fail
[   68.874034] applesmc: send_byte(0x10, 0x0304) fail: 0xff
[   68.874036] applesmc: #KEY: read arg fail
