[    0.000000] microcode: microcode updated early to revision 0x5e, date = 2017-04-06
[    0.000000] Linux version 4.15.0-rc8-amd64 (debian-kernel@lists.debian.org) (gcc version 7.2.0 (Debian 7.2.0-19)) #1 SMP Debian 4.15~rc8-1~exp1 (2018-01-15)
[    0.000000] Command line: BOOT_IMAGE=/vmlinuz-4.15.0-rc8-amd64 root=UUID=1ee640de-99ed-4bc4-a4d2-52c405f3dca9 ro quiet
[    0.000000] x86/fpu: Supporting XSAVE feature 0x001: 'x87 floating point registers'
[    0.000000] x86/fpu: Supporting XSAVE feature 0x002: 'SSE registers'
[    0.000000] x86/fpu: Supporting XSAVE feature 0x004: 'AVX registers'
[    0.000000] x86/fpu: Supporting XSAVE feature 0x008: 'MPX bounds registers'
[    0.000000] x86/fpu: Supporting XSAVE feature 0x010: 'MPX CSR'
[    0.000000] x86/fpu: xstate_offset[2]:  576, xstate_sizes[2]:  256
[    0.000000] x86/fpu: xstate_offset[3]:  832, xstate_sizes[3]:   64
[    0.000000] x86/fpu: xstate_offset[4]:  896, xstate_sizes[4]:   64
[    0.000000] x86/fpu: Enabled xstate features 0x1f, context size is 960 bytes, using 'compacted' format.
[    0.000000] e820: BIOS-provided physical RAM map:
[    0.000000] BIOS-e820: [mem 0x0000000000000000-0x0000000000057fff] usable
[    0.000000] BIOS-e820: [mem 0x0000000000058000-0x0000000000058fff] reserved
[    0.000000] BIOS-e820: [mem 0x0000000000059000-0x000000000009dfff] usable
[    0.000000] BIOS-e820: [mem 0x000000000009e000-0x00000000000fffff] reserved
[    0.000000] BIOS-e820: [mem 0x0000000000100000-0x000000007401cfff] usable
[    0.000000] BIOS-e820: [mem 0x000000007401d000-0x000000007421efff] reserved
[    0.000000] BIOS-e820: [mem 0x000000007421f000-0x0000000074ca7fff] usable
[    0.000000] BIOS-e820: [mem 0x0000000074ca8000-0x0000000074ca8fff] ACPI NVS
[    0.000000] BIOS-e820: [mem 0x0000000074ca9000-0x0000000074ca9fff] reserved
[    0.000000] BIOS-e820: [mem 0x0000000074caa000-0x0000000074f4dfff] usable
[    0.000000] BIOS-e820: [mem 0x0000000074f4e000-0x0000000074f4efff] reserved
[    0.000000] BIOS-e820: [mem 0x0000000074f4f000-0x000000007ab9efff] usable
[    0.000000] BIOS-e820: [mem 0x000000007ab9f000-0x000000007ac0efff] type 20
[    0.000000] BIOS-e820: [mem 0x000000007ac0f000-0x000000007af2efff] reserved
[    0.000000] BIOS-e820: [mem 0x000000007af2f000-0x000000007af7efff] ACPI NVS
[    0.000000] BIOS-e820: [mem 0x000000007af7f000-0x000000007affefff] ACPI data
[    0.000000] BIOS-e820: [mem 0x000000007afff000-0x000000007affffff] usable
[    0.000000] BIOS-e820: [mem 0x000000007b000000-0x000000007fffffff] reserved
[    0.000000] BIOS-e820: [mem 0x00000000e0000000-0x00000000efffffff] reserved
[    0.000000] BIOS-e820: [mem 0x00000000fe010000-0x00000000fe010fff] reserved
[    0.000000] BIOS-e820: [mem 0x00000000ff939000-0x00000000ff968fff] reserved
[    0.000000] BIOS-e820: [mem 0x0000000100000000-0x000000047effffff] usable
[    0.000000] NX (Execute Disable) protection: active
[    0.000000] efi: EFI v2.40 by Apple
[    0.000000] efi:  ACPI=0x7affe000  ACPI 2.0=0x7affe014  SMBIOS=0x7aee0000  SMBIOS 3.0=0x7aede000 
[    0.000000] secureboot: Secure boot could not be determined (mode 0)
[    0.000000] random: fast init done
[    0.000000] SMBIOS 3.0.0 present.
[    0.000000] DMI: Apple Inc. MacBookPro14,3/Mac-551B86E5744E2388, BIOS MBP143.88Z.0167.B00.1708080129 08/08/2017
[    0.000000] e820: update [mem 0x00000000-0x00000fff] usable ==> reserved
[    0.000000] e820: remove [mem 0x000a0000-0x000fffff] usable
[    0.000000] e820: last_pfn = 0x47f000 max_arch_pfn = 0x400000000
[    0.000000] MTRR default type: write-back
[    0.000000] MTRR fixed ranges enabled:
[    0.000000]   00000-9FFFF write-back
[    0.000000]   A0000-FFFFF uncachable
[    0.000000] MTRR variable ranges enabled:
[    0.000000]   0 base 0080000000 mask 7F80000000 uncachable
[    0.000000]   1 base 007C000000 mask 7FFC000000 uncachable
[    0.000000]   2 base 007B000000 mask 7FFF000000 uncachable
[    0.000000]   3 base 4000000000 mask 4000000000 uncachable
[    0.000000]   4 disabled
[    0.000000]   5 disabled
[    0.000000]   6 disabled
[    0.000000]   7 disabled
[    0.000000]   8 disabled
[    0.000000]   9 disabled
[    0.000000] x86/PAT: Configuration [0-7]: WB  WC  UC- UC  WB  WP  UC- WT  
[    0.000000] e820: last_pfn = 0x7b000 max_arch_pfn = 0x400000000
[    0.000000] Base memory trampoline at [        (ptrval)] 98000 size 24576
[    0.000000] Using GB pages for direct mapping
[    0.000000] BRK [0x22101c000, 0x22101cfff] PGTABLE
[    0.000000] BRK [0x22101d000, 0x22101dfff] PGTABLE
[    0.000000] BRK [0x22101e000, 0x22101efff] PGTABLE
[    0.000000] BRK [0x22101f000, 0x22101ffff] PGTABLE
[    0.000000] BRK [0x221020000, 0x221020fff] PGTABLE
[    0.000000] BRK [0x221021000, 0x221021fff] PGTABLE
[    0.000000] BRK [0x221022000, 0x221022fff] PGTABLE
[    0.000000] BRK [0x221023000, 0x221023fff] PGTABLE
[    0.000000] BRK [0x221024000, 0x221024fff] PGTABLE
[    0.000000] BRK [0x221025000, 0x221025fff] PGTABLE
[    0.000000] BRK [0x221026000, 0x221026fff] PGTABLE
[    0.000000] BRK [0x221027000, 0x221027fff] PGTABLE
[    0.000000] RAMDISK: [mem 0x350d7000-0x36862fff]
[    0.000000] ACPI: Early table checksum verification disabled
[    0.000000] ACPI: RSDP 0x000000007AFFE014 000024 (v02 APPLE )
[    0.000000] ACPI: XSDT 0x000000007AFC6188 0000D4 (v01 APPLE  Apple00  00000000      01000013)
[    0.000000] ACPI: FACP 0x000000007AFF8000 0000F4 (v05 APPLE  Apple00  00000000 Loki 0000005F)
[    0.000000] ACPI: DSDT 0x000000007AFEB000 008764 (v02 APPLE  MacBookP 00140003 INTL 20140424)
[    0.000000] ACPI: FACS 0x000000007AF7C000 000040
[    0.000000] ACPI: UEFI 0x000000007AF7D000 000042 (v01 INTEL  EDK2     00000002      01000013)
[    0.000000] ACPI: ECDT 0x000000007AFFA000 000053 (v01 APPLE  Apple00  00000001 Loki 0000005F)
[    0.000000] ACPI: HPET 0x000000007AFF7000 000038 (v01 APPLE  Apple00  00000001 Loki 0000005F)
[    0.000000] ACPI: APIC 0x000000007AFF6000 0000BC (v02 APPLE  Apple00  00000001 Loki 0000005F)
[    0.000000] ACPI: MCFG 0x000000007AFF5000 00003C (v01 APPLE  Apple00  00000001 Loki 0000005F)
[    0.000000] ACPI: SBST 0x000000007AFF4000 000030 (v01 APPLE  Apple00  00000001 Loki 0000005F)
[    0.000000] ACPI: SSDT 0x000000007AFEA000 000024 (v01 APPLE  SmcDppt  00001000 INTL 20140424)
[    0.000000] ACPI: SSDT 0x000000007AFE9000 0007FD (v02 APPLE  PEG0GFX0 00001000 INTL 20140424)
[    0.000000] ACPI: SSDT 0x000000007AFE8000 000024 (v01 APPLE  PEG0SSD0 00001000 INTL 20140424)
[    0.000000] ACPI: SSDT 0x000000007AFE5000 000031 (v01 APPLE  SsdtS3   00001000 INTL 20140424)
[    0.000000] ACPI: SSDT 0x000000007AFE4000 0000DD (v01 APPLE  SataAhci 00001000 INTL 20140424)
[    0.000000] ACPI: SSDT 0x000000007AFE3000 0000B8 (v01 APPLE  Sdxc     00001000 INTL 20140424)
[    0.000000] ACPI: SSDT 0x000000007AFCE000 009B3C (v02 APPLE  TbtPEG12 00001000 INTL 20140424)
[    0.000000] ACPI: SSDT 0x000000007AFCD000 000FD4 (v02 APPLE  Xhci     00001000 INTL 20140424)
[    0.000000] ACPI: SSDT 0x000000007AFCC000 000654 (v02 PmRef  Cpu0Ist  00003000 INTL 20140424)
[    0.000000] ACPI: SSDT 0x000000007AFCB000 0005AA (v02 PmRef  ApIst    00003000 INTL 20140424)
[    0.000000] ACPI: SSDT 0x000000007AFCA000 000295 (v02 PmRef  Cpu0Cst  00003001 INTL 20140424)
[    0.000000] ACPI: SSDT 0x000000007AFC9000 000119 (v02 PmRef  ApCst    00003000 INTL 20140424)
[    0.000000] ACPI: SSDT 0x000000007AFC8000 000F16 (v02 CpuRef CpuSsdt  00003000 INTL 20140424)
[    0.000000] ACPI: DMAR 0x000000007AFC7000 000160 (v01 APPLE  KBL      00000001 INTL 00000001)
[    0.000000] ACPI: VFCT 0x000000007AFB6000 00F284 (v01 APPLE  Apple00  00000001 AMD  31504F47)
[    0.000000] ACPI: DMI detected to setup _OSI("Darwin"): Apple hardware
[    0.000000] ACPI: Local APIC address 0xfee00000
[    0.000000] No NUMA configuration found
[    0.000000] Faking a node at [mem 0x0000000000000000-0x000000047effffff]
[    0.000000] NODE_DATA(0) allocated [mem 0x47effb000-0x47effffff]
[    0.000000] Zone ranges:
[    0.000000]   DMA      [mem 0x0000000000001000-0x0000000000ffffff]
[    0.000000]   DMA32    [mem 0x0000000001000000-0x00000000ffffffff]
[    0.000000]   Normal   [mem 0x0000000100000000-0x000000047effffff]
[    0.000000]   Device   empty
[    0.000000] Movable zone start for each node
[    0.000000] Early memory node ranges
[    0.000000]   node   0: [mem 0x0000000000001000-0x0000000000057fff]
[    0.000000]   node   0: [mem 0x0000000000059000-0x000000000009dfff]
[    0.000000]   node   0: [mem 0x0000000000100000-0x000000007401cfff]
[    0.000000]   node   0: [mem 0x000000007421f000-0x0000000074ca7fff]
[    0.000000]   node   0: [mem 0x0000000074caa000-0x0000000074f4dfff]
[    0.000000]   node   0: [mem 0x0000000074f4f000-0x000000007ab9efff]
[    0.000000]   node   0: [mem 0x000000007afff000-0x000000007affffff]
[    0.000000]   node   0: [mem 0x0000000100000000-0x000000047effffff]
[    0.000000] Initmem setup node 0 [mem 0x0000000000001000-0x000000047effffff]
[    0.000000] On node 0 totalpages: 4167991
[    0.000000]   DMA zone: 64 pages used for memmap
[    0.000000]   DMA zone: 22 pages reserved
[    0.000000]   DMA zone: 3996 pages, LIFO batch:0
[    0.000000]   DMA32 zone: 7783 pages used for memmap
[    0.000000]   DMA32 zone: 498075 pages, LIFO batch:31
[    0.000000]   Normal zone: 57280 pages used for memmap
[    0.000000]   Normal zone: 3665920 pages, LIFO batch:31
[    0.000000] Reserved but unavailable: 98 pages
[    0.000000] ACPI: PM-Timer IO Port: 0x1808
[    0.000000] ACPI: Local APIC address 0xfee00000
[    0.000000] ACPI: LAPIC_NMI (acpi_id[0x01] high edge lint[0x1])
[    0.000000] ACPI: LAPIC_NMI (acpi_id[0x02] high edge lint[0x1])
[    0.000000] ACPI: LAPIC_NMI (acpi_id[0x03] high edge lint[0x1])
[    0.000000] ACPI: LAPIC_NMI (acpi_id[0x04] high edge lint[0x1])
[    0.000000] ACPI: LAPIC_NMI (acpi_id[0x05] high edge lint[0x1])
[    0.000000] ACPI: LAPIC_NMI (acpi_id[0x06] high edge lint[0x1])
[    0.000000] ACPI: LAPIC_NMI (acpi_id[0x07] high edge lint[0x1])
[    0.000000] ACPI: LAPIC_NMI (acpi_id[0x08] high edge lint[0x1])
[    0.000000] IOAPIC[0]: apic_id 2, version 32, address 0xfec00000, GSI 0-23
[    0.000000] ACPI: INT_SRC_OVR (bus 0 bus_irq 0 global_irq 2 dfl dfl)
[    0.000000] ACPI: INT_SRC_OVR (bus 0 bus_irq 9 global_irq 9 high level)
[    0.000000] ACPI: IRQ0 used by override.
[    0.000000] ACPI: IRQ9 used by override.
[    0.000000] Using ACPI (MADT) for SMP configuration information
[    0.000000] ACPI: HPET id: 0x8086a201 base: 0xfed00000
[    0.000000] smpboot: Allowing 8 CPUs, 0 hotplug CPUs
[    0.000000] PM: Registered nosave memory: [mem 0x00000000-0x00000fff]
[    0.000000] PM: Registered nosave memory: [mem 0x00058000-0x00058fff]
[    0.000000] PM: Registered nosave memory: [mem 0x0009e000-0x000fffff]
[    0.000000] PM: Registered nosave memory: [mem 0x7401d000-0x7421efff]
[    0.000000] PM: Registered nosave memory: [mem 0x74ca8000-0x74ca8fff]
[    0.000000] PM: Registered nosave memory: [mem 0x74ca9000-0x74ca9fff]
[    0.000000] PM: Registered nosave memory: [mem 0x74f4e000-0x74f4efff]
[    0.000000] PM: Registered nosave memory: [mem 0x7ab9f000-0x7ac0efff]
[    0.000000] PM: Registered nosave memory: [mem 0x7ac0f000-0x7af2efff]
[    0.000000] PM: Registered nosave memory: [mem 0x7af2f000-0x7af7efff]
[    0.000000] PM: Registered nosave memory: [mem 0x7af7f000-0x7affefff]
[    0.000000] PM: Registered nosave memory: [mem 0x7b000000-0x7fffffff]
[    0.000000] PM: Registered nosave memory: [mem 0x80000000-0xdfffffff]
[    0.000000] PM: Registered nosave memory: [mem 0xe0000000-0xefffffff]
[    0.000000] PM: Registered nosave memory: [mem 0xf0000000-0xfe00ffff]
[    0.000000] PM: Registered nosave memory: [mem 0xfe010000-0xfe010fff]
[    0.000000] PM: Registered nosave memory: [mem 0xfe011000-0xff938fff]
[    0.000000] PM: Registered nosave memory: [mem 0xff939000-0xff968fff]
[    0.000000] PM: Registered nosave memory: [mem 0xff969000-0xffffffff]
[    0.000000] e820: [mem 0x80000000-0xdfffffff] available for PCI devices
[    0.000000] Booting paravirtualized kernel on bare hardware
[    0.000000] clocksource: refined-jiffies: mask: 0xffffffff max_cycles: 0xffffffff, max_idle_ns: 7645519600211568 ns
[    0.000000] setup_percpu: NR_CPUS:512 nr_cpumask_bits:512 nr_cpu_ids:8 nr_node_ids:1
[    0.000000] percpu: Embedded 44 pages/cpu @        (ptrval) s141720 r8192 d30312 u262144
[    0.000000] pcpu-alloc: s141720 r8192 d30312 u262144 alloc=1*2097152
[    0.000000] pcpu-alloc: [0] 0 1 2 3 4 5 6 7 
[    0.000000] Built 1 zonelists, mobility grouping on.  Total pages: 4102842
[    0.000000] Policy zone: Normal
[    0.000000] Kernel command line: BOOT_IMAGE=/vmlinuz-4.15.0-rc8-amd64 root=UUID=1ee640de-99ed-4bc4-a4d2-52c405f3dca9 ro quiet
[    0.000000] Calgary: detecting Calgary via BIOS EBDA area
[    0.000000] Calgary: Unable to locate Rio Grande table in EBDA - bailing!
[    0.000000] Memory: 16146300K/16671964K available (10252K kernel code, 1163K rwdata, 3076K rodata, 1520K init, 692K bss, 525664K reserved, 0K cma-reserved)
[    0.000000] Kernel/User page tables isolation: enabled
[    0.000000] ftrace: allocating 29341 entries in 115 pages
[    0.000000] Hierarchical RCU implementation.
[    0.000000] 	RCU restricting CPUs from NR_CPUS=512 to nr_cpu_ids=8.
[    0.000000] RCU: Adjusting geometry for rcu_fanout_leaf=16, nr_cpu_ids=8
[    0.000000] NR_IRQS: 33024, nr_irqs: 488, preallocated irqs: 16
[    0.000000] Console: colour dummy device 80x25
[    0.000000] console [tty0] enabled
[    0.000000] ACPI: Core revision 20170831
[    0.000000] ACPI: 14 ACPI AML tables successfully acquired and loaded
[    0.000000] clocksource: hpet: mask: 0xffffffff max_cycles: 0xffffffff, max_idle_ns: 79635855245 ns
[    0.000000] hpet clockevent registered
[    0.004000] APIC: Switch to symmetric I/O mode setup
[    0.004000] DMAR: Host address width 39
[    0.004000] DMAR: DRHD base: 0x000000fed90000 flags: 0x0
[    0.004000] DMAR: dmar0: reg_base_addr fed90000 ver 1:0 cap 1c0000c40660462 ecap 19e2ff0505e
[    0.004000] DMAR: DRHD base: 0x000000fed91000 flags: 0x1
[    0.004000] DMAR: dmar1: reg_base_addr fed91000 ver 1:0 cap d2008c40660462 ecap f050da
[    0.004000] DMAR: RMRR base: 0x0000007b800000 end: 0x0000007fffffff
[    0.004000] DMAR: ANDD device: 1 name: \_SB.PCI0.I2C0
[    0.004000] DMAR: ANDD device: 7 name: \_SB.PCI0.SPI0
[    0.004000] DMAR: ANDD device: 8 name: \_SB.PCI0.SPI1
[    0.004000] DMAR: ANDD device: 9 name: \_SB.PCI0.UA00
[    0.004000] DMAR: ANDD device: a name: \_SB.PCI0.UA01
[    0.004000] DMAR: ANDD device: b name: \_SB.PCI0.UA02
[    0.004000] DMAR-IR: IOAPIC id 2 under DRHD base  0xfed91000 IOMMU 1
[    0.004000] DMAR-IR: HPET id 0 under DRHD base 0xfed91000
[    0.004000] DMAR-IR: Queued invalidation will be enabled to support x2apic and Intr-remapping.
[    0.004000] DMAR-IR: Enabled IRQ remapping in x2apic mode
[    0.004000] x2apic enabled
[    0.004000] Switched APIC routing to cluster x2apic.
[    0.004000] ..TIMER: vector=0x30 apic1=0 pin1=2 apic2=-1 pin2=-1
[    0.024000] tsc: Detected 3100.000 MHz processor
[    0.024000] Calibrating delay loop (skipped), value calculated using timer frequency.. 6192.00 BogoMIPS (lpj=12384000)
[    0.024000] pid_max: default: 32768 minimum: 301
[    0.024000] Security Framework initialized
[    0.024000] Yama: disabled by default; enable with sysctl kernel.yama.*
[    0.024000] AppArmor: AppArmor initialized
[    0.028523] Dentry cache hash table entries: 2097152 (order: 12, 16777216 bytes)
[    0.029239] Inode-cache hash table entries: 1048576 (order: 11, 8388608 bytes)
[    0.029267] Mount-cache hash table entries: 32768 (order: 6, 262144 bytes)
[    0.029291] Mountpoint-cache hash table entries: 32768 (order: 6, 262144 bytes)
[    0.029403] CPU: Physical Processor ID: 0
[    0.029404] CPU: Processor Core ID: 0
[    0.029407] ENERGY_PERF_BIAS: Set to 'normal', was 'performance'
[    0.029407] ENERGY_PERF_BIAS: View and update with x86_energy_perf_policy(8)
[    0.029410] mce: CPU supports 10 MCE banks
[    0.029417] CPU0: Thermal monitoring enabled (TM1)
[    0.029429] process: using mwait in idle threads
[    0.029430] Last level iTLB entries: 4KB 64, 2MB 8, 4MB 8
[    0.029430] Last level dTLB entries: 4KB 64, 2MB 0, 4MB 0, 1GB 4
[    0.029431] Spectre V2 mitigation: Vulnerable: Minimal generic ASM retpoline
[    0.029704] Freeing SMP alternatives memory: 28K
[    0.032606] TSC deadline timer enabled
[    0.032611] smpboot: CPU0: Intel(R) Core(TM) i7-7920HQ CPU @ 3.10GHz (family: 0x6, model: 0x9e, stepping: 0x9)
[    0.032646] Performance Events: PEBS fmt3+, Skylake events, 32-deep LBR, full-width counters, Intel PMU driver.
[    0.032664] ... version:                4
[    0.032664] ... bit width:              48
[    0.032665] ... generic registers:      4
[    0.032665] ... value mask:             0000ffffffffffff
[    0.032665] ... max period:             00007fffffffffff
[    0.032666] ... fixed-purpose events:   3
[    0.032666] ... event mask:             000000070000000f
[    0.032689] Hierarchical SRCU implementation.
[    0.033254] NMI watchdog: Enabled. Permanently consumes one hw-PMU counter.
[    0.033261] smp: Bringing up secondary CPUs ...
[    0.033301] x86: Booting SMP configuration:
[    0.033301] .... node  #0, CPUs:      #1 #2 #3 #4 #5 #6 #7
[    0.041248] smp: Brought up 1 node, 8 CPUs
[    0.041248] smpboot: Max logical packages: 1
[    0.041248] smpboot: Total of 8 processors activated (49536.00 BogoMIPS)
[    0.044340] devtmpfs: initialized
[    0.044340] x86/mm: Memory block size: 128MB
[    0.044757] PM: Registering ACPI NVS region [mem 0x74ca8000-0x74ca8fff] (4096 bytes)
[    0.044757] PM: Registering ACPI NVS region [mem 0x7af2f000-0x7af7efff] (327680 bytes)
[    0.044757] clocksource: jiffies: mask: 0xffffffff max_cycles: 0xffffffff, max_idle_ns: 7645041785100000 ns
[    0.044757] futex hash table entries: 2048 (order: 5, 131072 bytes)
[    0.044757] pinctrl core: initialized pinctrl subsystem
[    0.044757] NET: Registered protocol family 16
[    0.044757] audit: initializing netlink subsys (disabled)
[    0.044757] audit: type=2000 audit(1518358524.044:1): state=initialized audit_enabled=0 res=1
[    0.044757] cpuidle: using governor ladder
[    0.044757] cpuidle: using governor menu
[    0.044757] ACPI FADT declares the system doesn't support PCIe ASPM, so disable it
[    0.044757] ACPI: bus type PCI registered
[    0.044757] acpiphp: ACPI Hot Plug PCI Controller Driver version: 0.5
[    0.044757] PCI: MMCONFIG for domain 0000 [bus 00-ff] at [mem 0xe0000000-0xefffffff] (base 0xe0000000)
[    0.044757] PCI: MMCONFIG at [mem 0xe0000000-0xefffffff] reserved in E820
[    0.044757] PCI: Using configuration type 1 for base access
[    0.044757] HugeTLB registered 1.00 GiB page size, pre-allocated 0 pages
[    0.044757] HugeTLB registered 2.00 MiB page size, pre-allocated 0 pages
[    0.044757] ACPI: Disabled all _OSI OS vendors
[    0.044757] ACPI: Added _OSI(Module Device)
[    0.044757] ACPI: Added _OSI(Processor Device)
[    0.044757] ACPI: Added _OSI(3.0 _SCP Extensions)
[    0.044757] ACPI: Added _OSI(Processor Aggregator Device)
[    0.044757] ACPI: Added _OSI(Darwin)
[    0.044757] ACPI: EC: EC started
[    0.044757] ACPI: EC: interrupt blocked
[    0.048247] ACPI: \: Used as first EC
[    0.048248] ACPI: \: GPE=0x7, EC_CMD/EC_SC=0x66, EC_DATA=0x62
[    0.048249] ACPI: \: Used as boot ECDT EC to handle transactions
[    0.050900] ACPI: BIOS _OSI(Darwin) query honored via DMI
[    0.050994] ACPI: [Firmware Bug]: BIOS _OSI(Linux) query ignored
[    0.052091] ACPI: Dynamic OEM Table Load:
[    0.052099] ACPI Exception: AE_NO_MEMORY, SSDT 0xFFFF9194ABD2A800 Table is duplicated (20170831/tbdata-562)
[    0.052099] ACPI Error: Method parse/execution failed \_PR.CPU0.GCAP, AE_ALREADY_EXISTS (20170831/psparse-550)
[    0.052099] ACPI Error: Method parse/execution failed \_PR.CPU0._OSC, AE_ALREADY_EXISTS (20170831/psparse-550)
[    0.052174] ACPI Error: [\_SB_.OSCP] Namespace lookup failure, AE_NOT_FOUND (20170831/psargs-364)
[    0.052177] ACPI Error: Method parse/execution failed \_PR.CPU1.GCAP, AE_NOT_FOUND (20170831/psparse-550)
[    0.052181] ACPI Error: Method parse/execution failed \_PR.CPU1._OSC, AE_NOT_FOUND (20170831/psparse-550)
[    0.052341] ACPI Error: [\_SB_.OSCP] Namespace lookup failure, AE_NOT_FOUND (20170831/psargs-364)
[    0.052343] ACPI Error: Method parse/execution failed \_PR.CPU2.GCAP, AE_NOT_FOUND (20170831/psparse-550)
[    0.052346] ACPI Error: Method parse/execution failed \_PR.CPU2._OSC, AE_NOT_FOUND (20170831/psparse-550)
[    0.052508] ACPI Error: [\_SB_.OSCP] Namespace lookup failure, AE_NOT_FOUND (20170831/psargs-364)
[    0.052510] ACPI Error: Method parse/execution failed \_PR.CPU3.GCAP, AE_NOT_FOUND (20170831/psparse-550)
[    0.052513] ACPI Error: Method parse/execution failed \_PR.CPU3._OSC, AE_NOT_FOUND (20170831/psparse-550)
[    0.052671] ACPI Error: [\_SB_.OSCP] Namespace lookup failure, AE_NOT_FOUND (20170831/psargs-364)
[    0.052674] ACPI Error: Method parse/execution failed \_PR.CPU4.GCAP, AE_NOT_FOUND (20170831/psparse-550)
[    0.052677] ACPI Error: Method parse/execution failed \_PR.CPU4._OSC, AE_NOT_FOUND (20170831/psparse-550)
[    0.052836] ACPI Error: [\_SB_.OSCP] Namespace lookup failure, AE_NOT_FOUND (20170831/psargs-364)
[    0.052838] ACPI Error: Method parse/execution failed \_PR.CPU5.GCAP, AE_NOT_FOUND (20170831/psparse-550)
[    0.052841] ACPI Error: Method parse/execution failed \_PR.CPU5._OSC, AE_NOT_FOUND (20170831/psparse-550)
[    0.052998] ACPI Error: [\_SB_.OSCP] Namespace lookup failure, AE_NOT_FOUND (20170831/psargs-364)
[    0.053001] ACPI Error: Method parse/execution failed \_PR.CPU6.GCAP, AE_NOT_FOUND (20170831/psparse-550)
[    0.053004] ACPI Error: Method parse/execution failed \_PR.CPU6._OSC, AE_NOT_FOUND (20170831/psparse-550)
[    0.053160] ACPI Error: [\_SB_.OSCP] Namespace lookup failure, AE_NOT_FOUND (20170831/psargs-364)
[    0.053162] ACPI Error: Method parse/execution failed \_PR.CPU7.GCAP, AE_NOT_FOUND (20170831/psparse-550)
[    0.053165] ACPI Error: Method parse/execution failed \_PR.CPU7._OSC, AE_NOT_FOUND (20170831/psparse-550)
[    0.053494] ACPI: Dynamic OEM Table Load:
[    0.053497] ACPI Exception: AE_NO_MEMORY, SSDT 0xFFFF9194ABEA8400 Table is duplicated (20170831/tbdata-562)
[    0.053501] ACPI Error: Method parse/execution failed \_PR.CPU0.GCAP, AE_ALREADY_EXISTS (20170831/psparse-550)
[    0.053507] ACPI Error: Method parse/execution failed \_PR.CPU0._PDC, AE_ALREADY_EXISTS (20170831/psparse-550)
[    0.053507] ACPI: Dynamic OEM Table Load:
[    0.053507] ACPI Exception: AE_NO_MEMORY, SSDT 0xFFFF9194AC398000 Table is duplicated (20170831/tbdata-562)
[    0.053507] ACPI Error: Method parse/execution failed \_PR.CPU1.APPT, AE_ALREADY_EXISTS (20170831/psparse-550)
[    0.053507] ACPI Error: Method parse/execution failed \_PR.CPU1.GCAP, AE_ALREADY_EXISTS (20170831/psparse-550)
[    0.053507] ACPI Error: Method parse/execution failed \_PR.CPU1._PDC, AE_ALREADY_EXISTS (20170831/psparse-550)
[    0.053507] ACPI Error: [\_SB_.OSCP] Namespace lookup failure, AE_NOT_FOUND (20170831/psargs-364)
[    0.053507] ACPI Error: Method parse/execution failed \_PR.CPU2.GCAP, AE_NOT_FOUND (20170831/psparse-550)
[    0.053507] ACPI Error: Method parse/execution failed \_PR.CPU2._PDC, AE_NOT_FOUND (20170831/psparse-550)
[    0.053507] ACPI Error: [\_SB_.OSCP] Namespace lookup failure, AE_NOT_FOUND (20170831/psargs-364)
[    0.053507] ACPI Error: Method parse/execution failed \_PR.CPU3.GCAP, AE_NOT_FOUND (20170831/psparse-550)
[    0.053507] ACPI Error: Method parse/execution failed \_PR.CPU3._PDC, AE_NOT_FOUND (20170831/psparse-550)
[    0.053507] ACPI Error: [\_SB_.OSCP] Namespace lookup failure, AE_NOT_FOUND (20170831/psargs-364)
[    0.053507] ACPI Error: Method parse/execution failed \_PR.CPU4.GCAP, AE_NOT_FOUND (20170831/psparse-550)
[    0.053507] ACPI Error: Method parse/execution failed \_PR.CPU4._PDC, AE_NOT_FOUND (20170831/psparse-550)
[    0.053507] ACPI Error: [\_SB_.OSCP] Namespace lookup failure, AE_NOT_FOUND (20170831/psargs-364)
[    0.053507] ACPI Error: Method parse/execution failed \_PR.CPU5.GCAP, AE_NOT_FOUND (20170831/psparse-550)
[    0.053507] ACPI Error: Method parse/execution failed \_PR.CPU5._PDC, AE_NOT_FOUND (20170831/psparse-550)
[    0.053507] ACPI Error: [\_SB_.OSCP] Namespace lookup failure, AE_NOT_FOUND (20170831/psargs-364)
[    0.053507] ACPI Error: Method parse/execution failed \_PR.CPU6.GCAP, AE_NOT_FOUND (20170831/psparse-550)
[    0.053507] ACPI Error: Method parse/execution failed \_PR.CPU6._PDC, AE_NOT_FOUND (20170831/psparse-550)
[    0.053507] ACPI Error: [\_SB_.OSCP] Namespace lookup failure, AE_NOT_FOUND (20170831/psargs-364)
[    0.053507] ACPI Error: Method parse/execution failed \_PR.CPU7.GCAP, AE_NOT_FOUND (20170831/psparse-550)
[    0.053507] ACPI Error: Method parse/execution failed \_PR.CPU7._PDC, AE_NOT_FOUND (20170831/psparse-550)
[    0.053507] ACPI: Interpreter enabled
[    0.053507] ACPI: (supports S0 S3 S4 S5)
[    0.053507] ACPI: Using IOAPIC for interrupt routing
[    0.053507] PCI: Using host bridge windows from ACPI; if necessary, use "pci=nocrs" and report a bug
[    0.053507] ACPI: Enabled 11 GPEs in block 00 to 7F
[    0.062513] ACPI: PCI Root Bridge [PCI0] (domain 0000 [bus 00-ff])
[    0.062516] acpi PNP0A08:00: _OSC: OS assumes control of [PCIeHotplug SHPCHotplug AER PCIeCapability]
[    0.062797] PCI host bridge to bus 0000:00
[    0.062798] pci_bus 0000:00: root bus resource [io  0x0000-0x0cf7 window]
[    0.062799] pci_bus 0000:00: root bus resource [io  0x0d00-0xffff window]
[    0.062800] pci_bus 0000:00: root bus resource [mem 0x000a0000-0x000bffff window]
[    0.062800] pci_bus 0000:00: root bus resource [mem 0x000c0000-0x000c3fff window]
[    0.062801] pci_bus 0000:00: root bus resource [mem 0x000c4000-0x000c7fff window]
[    0.062801] pci_bus 0000:00: root bus resource [mem 0x000c8000-0x000cbfff window]
[    0.062802] pci_bus 0000:00: root bus resource [mem 0x000cc000-0x000cffff window]
[    0.062802] pci_bus 0000:00: root bus resource [mem 0x000d0000-0x000d3fff window]
[    0.062803] pci_bus 0000:00: root bus resource [mem 0x000d4000-0x000d7fff window]
[    0.062804] pci_bus 0000:00: root bus resource [mem 0x000d8000-0x000dbfff window]
[    0.062804] pci_bus 0000:00: root bus resource [mem 0x000dc000-0x000dffff window]
[    0.062805] pci_bus 0000:00: root bus resource [mem 0x000e0000-0x000e3fff window]
[    0.062805] pci_bus 0000:00: root bus resource [mem 0x000e4000-0x000e7fff window]
[    0.062806] pci_bus 0000:00: root bus resource [mem 0x000e8000-0x000ebfff window]
[    0.062806] pci_bus 0000:00: root bus resource [mem 0x000ec000-0x000effff window]
[    0.062807] pci_bus 0000:00: root bus resource [mem 0x000f0000-0x000fffff window]
[    0.062808] pci_bus 0000:00: root bus resource [mem 0x80000000-0xfeafffff window]
[    0.062808] pci_bus 0000:00: root bus resource [mem 0x4000000000-0x7fffffffff window]
[    0.062809] pci_bus 0000:00: root bus resource [bus 00-ff]
[    0.062814] pci 0000:00:00.0: [8086:5910] type 00 class 0x060000
[    0.062881] pci 0000:00:01.0: [8086:1901] type 01 class 0x060400
[    0.062907] pci 0000:00:01.0: PME# supported from D0 D3hot D3cold
[    0.062945] pci 0000:00:01.1: [8086:1905] type 01 class 0x060400
[    0.062969] pci 0000:00:01.1: PME# supported from D0 D3hot D3cold
[    0.063007] pci 0000:00:01.2: [8086:1909] type 01 class 0x060400
[    0.063030] pci 0000:00:01.2: PME# supported from D0 D3hot D3cold
[    0.063158] pci 0000:00:14.0: [8086:a12f] type 00 class 0x0c0330
[    0.063176] pci 0000:00:14.0: reg 0x10: [mem 0x82700000-0x8270ffff 64bit]
[    0.063225] pci 0000:00:14.0: PME# supported from D3hot D3cold
[    0.063328] pci 0000:00:15.0: [8086:a160] type 00 class 0x118000
[    0.063372] pci 0000:00:15.0: reg 0x10: [mem 0x82728000-0x82728fff 64bit]
[    0.063540] pci 0000:00:16.0: [8086:a13a] type 00 class 0x078000
[    0.063560] pci 0000:00:16.0: reg 0x10: [mem 0x82729000-0x82729fff 64bit]
[    0.063628] pci 0000:00:16.0: PME# supported from D3hot
[    0.063730] pci 0000:00:19.0: [8086:a166] type 00 class 0x118000
[    0.063773] pci 0000:00:19.0: reg 0x10: [mem 0x8272a000-0x8272afff 64bit]
[    0.063917] pci 0000:00:1b.0: [8086:a167] type 01 class 0x060400
[    0.063972] pci 0000:00:1b.0: PME# supported from D0 D3hot D3cold
[    0.064044] pci 0000:00:1c.0: [8086:a110] type 01 class 0x060400
[    0.064096] pci 0000:00:1c.0: PME# supported from D0 D3hot D3cold
[    0.064208] pci 0000:00:1e.0: [8086:a127] type 00 class 0x118000
[    0.064252] pci 0000:00:1e.0: reg 0x10: [mem 0x8272b000-0x8272bfff 64bit]
[    0.064405] pci 0000:00:1e.1: [8086:a128] type 00 class 0x118000
[    0.064449] pci 0000:00:1e.1: reg 0x10: [mem 0x8272c000-0x8272cfff 64bit]
[    0.064622] pci 0000:00:1e.2: [8086:a129] type 00 class 0x118000
[    0.064667] pci 0000:00:1e.2: reg 0x10: [mem 0x8272d000-0x8272dfff 64bit]
[    0.064829] pci 0000:00:1e.3: [8086:a12a] type 00 class 0x118000
[    0.064873] pci 0000:00:1e.3: reg 0x10: [mem 0x8272e000-0x8272efff 64bit]
[    0.065009] pci 0000:00:1f.0: [8086:a151] type 00 class 0x060100
[    0.065148] pci 0000:00:1f.2: [8086:a121] type 00 class 0x058000
[    0.065158] pci 0000:00:1f.2: reg 0x10: [mem 0x82724000-0x82727fff]
[    0.065239] pci 0000:00:1f.3: [8086:a170] type 00 class 0x040300
[    0.065262] pci 0000:00:1f.3: reg 0x10: [mem 0x82720000-0x82723fff 64bit]
[    0.065289] pci 0000:00:1f.3: reg 0x20: [mem 0x00000000-0x0000ffff 64bit]
[    0.065329] pci 0000:00:1f.3: PME# supported from D3hot D3cold
[    0.065392] pci 0000:00:1f.4: [8086:a123] type 00 class 0x0c0500
[    0.065451] pci 0000:00:1f.4: reg 0x10: [mem 0x8272f000-0x8272f0ff 64bit]
[    0.065520] pci 0000:00:1f.4: reg 0x20: [io  0x5040-0x505f]
[    0.065667] pci 0000:01:00.0: [1002:67ef] type 00 class 0x030000
[    0.065682] pci 0000:01:00.0: reg 0x10: [mem 0xb0000000-0xbfffffff 64bit pref]
[    0.065689] pci 0000:01:00.0: reg 0x18: [mem 0xc0000000-0xc01fffff 64bit pref]
[    0.065694] pci 0000:01:00.0: reg 0x20: [io  0x4000-0x40ff]
[    0.065699] pci 0000:01:00.0: reg 0x24: [mem 0x82600000-0x8263ffff]
[    0.065704] pci 0000:01:00.0: reg 0x30: [mem 0x82640000-0x8265ffff pref]
[    0.065712] pci 0000:01:00.0: BAR 0: assigned to efifb
[    0.065738] pci 0000:01:00.0: supports D1 D2
[    0.065775] pci 0000:01:00.1: [1002:aae0] type 00 class 0x040300
[    0.065788] pci 0000:01:00.1: reg 0x10: [mem 0x82660000-0x82663fff 64bit]
[    0.065834] pci 0000:01:00.1: supports D1 D2
[    0.080034] pci 0000:00:01.0: PCI bridge to [bus 01]
[    0.080035] pci 0000:00:01.0:   bridge window [io  0x4000-0x4fff]
[    0.080037] pci 0000:00:01.0:   bridge window [mem 0x82600000-0x826fffff]
[    0.080040] pci 0000:00:01.0:   bridge window [mem 0xb0000000-0xc01fffff 64bit pref]
[    0.080093] pci 0000:04:00.0: [8086:1578] type 01 class 0x060400
[    0.080125] pci 0000:04:00.0: enabling Extended Tags
[    0.080171] pci 0000:04:00.0: supports D1 D2
[    0.080172] pci 0000:04:00.0: PME# supported from D0 D1 D2 D3hot D3cold
[    0.092037] pci 0000:00:01.1: PCI bridge to [bus 04-79]
[    0.092039] pci 0000:00:01.1:   bridge window [io  0x6000-0x9fff]
[    0.092041] pci 0000:00:01.1:   bridge window [mem 0x82800000-0x909fffff]
[    0.092043] pci 0000:00:01.1:   bridge window [mem 0xc0200000-0xce1fffff 64bit pref]
[    0.092119] pci 0000:05:00.0: [8086:15d3] type 01 class 0x060400
[    0.092154] pci 0000:05:00.0: enabling Extended Tags
[    0.092202] pci 0000:05:00.0: supports D1 D2
[    0.092203] pci 0000:05:00.0: PME# supported from D0 D1 D2 D3hot D3cold
[    0.092276] pci 0000:05:01.0: [8086:15d3] type 01 class 0x060400
[    0.092310] pci 0000:05:01.0: enabling Extended Tags
[    0.092356] pci 0000:05:01.0: supports D1 D2
[    0.092357] pci 0000:05:01.0: PME# supported from D0 D1 D2 D3hot D3cold
[    0.092409] pci 0000:05:02.0: [8086:15d3] type 01 class 0x060400
[    0.092442] pci 0000:05:02.0: enabling Extended Tags
[    0.092488] pci 0000:05:02.0: supports D1 D2
[    0.092488] pci 0000:05:02.0: PME# supported from D0 D1 D2 D3hot D3cold
[    0.092557] pci 0000:05:04.0: [8086:15d3] type 01 class 0x060400
[    0.092591] pci 0000:05:04.0: enabling Extended Tags
[    0.092637] pci 0000:05:04.0: supports D1 D2
[    0.092638] pci 0000:05:04.0: PME# supported from D0 D1 D2 D3hot D3cold
[    0.092701] pci 0000:04:00.0: PCI bridge to [bus 05-79]
[    0.092704] pci 0000:04:00.0:   bridge window [io  0x0000-0x0fff]
[    0.092706] pci 0000:04:00.0:   bridge window [mem 0x82800000-0x909fffff]
[    0.092710] pci 0000:04:00.0:   bridge window [mem 0xc0200000-0xce1fffff 64bit pref]
[    0.092756] pci 0000:06:00.0: [8086:15d2] type 00 class 0x088000
[    0.092778] pci 0000:06:00.0: reg 0x10: [mem 0x82900000-0x8293ffff]
[    0.092786] pci 0000:06:00.0: reg 0x14: [mem 0x82940000-0x82940fff]
[    0.092827] pci 0000:06:00.0: enabling Extended Tags
[    0.092891] pci 0000:06:00.0: supports D1 D2
[    0.092892] pci 0000:06:00.0: PME# supported from D0 D1 D2 D3hot D3cold
[    0.104042] pci 0000:05:00.0: PCI bridge to [bus 06]
[    0.104046] pci 0000:05:00.0:   bridge window [io  0x0000-0x0fff]
[    0.104048] pci 0000:05:00.0:   bridge window [mem 0x82900000-0x829fffff]
[    0.104103] pci 0000:05:01.0: PCI bridge to [bus 08-40]
[    0.104107] pci 0000:05:01.0:   bridge window [io  0x0000-0x0fff]
[    0.104109] pci 0000:05:01.0:   bridge window [mem 0x82a00000-0x899fffff]
[    0.104113] pci 0000:05:01.0:   bridge window [mem 0xc0200000-0xc71fffff 64bit pref]
[    0.104157] pci 0000:07:00.0: [8086:15d4] type 00 class 0x0c0330
[    0.104179] pci 0000:07:00.0: reg 0x10: [mem 0x00000000-0x0000ffff]
[    0.104220] pci 0000:07:00.0: enabling Extended Tags
[    0.104288] pci 0000:07:00.0: supports D1 D2
[    0.104289] pci 0000:07:00.0: PME# supported from D0 D1 D2 D3hot D3cold
[    0.116043] pci 0000:05:02.0: PCI bridge to [bus 07]
[    0.116047] pci 0000:05:02.0:   bridge window [io  0x0000-0x0fff]
[    0.116049] pci 0000:05:02.0:   bridge window [mem 0x82800000-0x828fffff]
[    0.116103] pci 0000:05:04.0: PCI bridge to [bus 41-79]
[    0.116106] pci 0000:05:04.0:   bridge window [io  0x0000-0x0fff]
[    0.116108] pci 0000:05:04.0:   bridge window [mem 0x89a00000-0x909fffff]
[    0.116112] pci 0000:05:04.0:   bridge window [mem 0xc7200000-0xce1fffff 64bit pref]
[    0.116170] pci 0000:7a:00.0: [8086:1578] type 01 class 0x060400
[    0.116200] pci 0000:7a:00.0: enabling Extended Tags
[    0.116244] pci 0000:7a:00.0: supports D1 D2
[    0.116244] pci 0000:7a:00.0: PME# supported from D0 D1 D2 D3hot D3cold
[    0.128030] pci 0000:00:01.2: PCI bridge to [bus 7a-ef]
[    0.128032] pci 0000:00:01.2:   bridge window [io  0xa000-0xdfff]
[    0.128033] pci 0000:00:01.2:   bridge window [mem 0x90a00000-0x9ebfffff]
[    0.128035] pci 0000:00:01.2:   bridge window [mem 0xce200000-0xdc1fffff 64bit pref]
[    0.128109] pci 0000:7b:00.0: [8086:15d3] type 01 class 0x060400
[    0.128143] pci 0000:7b:00.0: enabling Extended Tags
[    0.128190] pci 0000:7b:00.0: supports D1 D2
[    0.128190] pci 0000:7b:00.0: PME# supported from D0 D1 D2 D3hot D3cold
[    0.128260] pci 0000:7b:01.0: [8086:15d3] type 01 class 0x060400
[    0.128293] pci 0000:7b:01.0: enabling Extended Tags
[    0.128338] pci 0000:7b:01.0: supports D1 D2
[    0.128339] pci 0000:7b:01.0: PME# supported from D0 D1 D2 D3hot D3cold
[    0.128389] pci 0000:7b:02.0: [8086:15d3] type 01 class 0x060400
[    0.128422] pci 0000:7b:02.0: enabling Extended Tags
[    0.128466] pci 0000:7b:02.0: supports D1 D2
[    0.128467] pci 0000:7b:02.0: PME# supported from D0 D1 D2 D3hot D3cold
[    0.128535] pci 0000:7b:04.0: [8086:15d3] type 01 class 0x060400
[    0.128568] pci 0000:7b:04.0: enabling Extended Tags
[    0.128613] pci 0000:7b:04.0: supports D1 D2
[    0.128614] pci 0000:7b:04.0: PME# supported from D0 D1 D2 D3hot D3cold
[    0.128675] pci 0000:7a:00.0: PCI bridge to [bus 7b-ef]
[    0.128678] pci 0000:7a:00.0:   bridge window [io  0x0000-0x0fff]
[    0.128680] pci 0000:7a:00.0:   bridge window [mem 0x90a00000-0x9ebfffff]
[    0.128684] pci 0000:7a:00.0:   bridge window [mem 0xce200000-0xdc1fffff 64bit pref]
[    0.128730] pci 0000:7c:00.0: [8086:15d2] type 00 class 0x088000
[    0.128752] pci 0000:7c:00.0: reg 0x10: [mem 0x90b00000-0x90b3ffff]
[    0.128759] pci 0000:7c:00.0: reg 0x14: [mem 0x90b40000-0x90b40fff]
[    0.128800] pci 0000:7c:00.0: enabling Extended Tags
[    0.128863] pci 0000:7c:00.0: supports D1 D2
[    0.128864] pci 0000:7c:00.0: PME# supported from D0 D1 D2 D3hot D3cold
[    0.140035] pci 0000:7b:00.0: PCI bridge to [bus 7c]
[    0.140039] pci 0000:7b:00.0:   bridge window [io  0x0000-0x0fff]
[    0.140041] pci 0000:7b:00.0:   bridge window [mem 0x90b00000-0x90bfffff]
[    0.140095] pci 0000:7b:01.0: PCI bridge to [bus 7e-b6]
[    0.140099] pci 0000:7b:01.0:   bridge window [io  0x0000-0x0fff]
[    0.140101] pci 0000:7b:01.0:   bridge window [mem 0x90c00000-0x97bfffff]
[    0.140104] pci 0000:7b:01.0:   bridge window [mem 0xce200000-0xd51fffff 64bit pref]
[    0.140148] pci 0000:7d:00.0: [8086:15d4] type 00 class 0x0c0330
[    0.140170] pci 0000:7d:00.0: reg 0x10: [mem 0x00000000-0x0000ffff]
[    0.140210] pci 0000:7d:00.0: enabling Extended Tags
[    0.140277] pci 0000:7d:00.0: supports D1 D2
[    0.140278] pci 0000:7d:00.0: PME# supported from D0 D1 D2 D3hot D3cold
[    0.152020] pci 0000:7b:02.0: PCI bridge to [bus 7d]
[    0.152024] pci 0000:7b:02.0:   bridge window [io  0x0000-0x0fff]
[    0.152026] pci 0000:7b:02.0:   bridge window [mem 0x90a00000-0x90afffff]
[    0.152079] pci 0000:7b:04.0: PCI bridge to [bus b7-ef]
[    0.152083] pci 0000:7b:04.0:   bridge window [io  0x0000-0x0fff]
[    0.152085] pci 0000:7b:04.0:   bridge window [mem 0x97c00000-0x9ebfffff]
[    0.152088] pci 0000:7b:04.0:   bridge window [mem 0xd5200000-0xdc1fffff 64bit pref]
[    0.152328] pci 0000:02:00.0: [144d:a804] type 00 class 0x010802
[    0.152352] pci 0000:02:00.0: reg 0x10: [mem 0x82500000-0x82503fff 64bit]
[    0.152359] pci 0000:02:00.0: reg 0x18: [io  0x3000-0x30ff]
[    0.164179] pci 0000:00:1b.0: PCI bridge to [bus 02]
[    0.164181] pci 0000:00:1b.0:   bridge window [io  0x3000-0x3fff]
[    0.164183] pci 0000:00:1b.0:   bridge window [mem 0x82500000-0x825fffff]
[    0.164255] pci 0000:03:00.0: [14e4:43ba] type 00 class 0x028000
[    0.164289] pci 0000:03:00.0: reg 0x10: [mem 0x82400000-0x82407fff 64bit]
[    0.164303] pci 0000:03:00.0: reg 0x18: [mem 0x82000000-0x823fffff 64bit]
[    0.164408] pci 0000:03:00.0: supports D1 D2
[    0.164409] pci 0000:03:00.0: PME# supported from D0 D1 D2 D3hot D3cold
[    0.176051] pci 0000:00:1c.0: PCI bridge to [bus 03]
[    0.176054] pci 0000:00:1c.0:   bridge window [mem 0x82000000-0x824fffff]
[    0.176855] ACPI: PCI Interrupt Link [LNKA] (IRQs 1 3 4 5 6 7 10 12 14 15) *0
[    0.176913] ACPI: PCI Interrupt Link [LNKB] (IRQs 1 3 4 5 6 7 11 12 14 15) *0
[    0.176970] ACPI: PCI Interrupt Link [LNKC] (IRQs 1 3 4 5 6 7 10 12 14 15) *0
[    0.177028] ACPI: PCI Interrupt Link [LNKD] (IRQs 1 3 4 5 6 7 11 12 14 15) *0
[    0.177083] ACPI: PCI Interrupt Link [LNKE] (IRQs 1 3 4 5 6 7 10 12 14 15) *0
[    0.177140] ACPI: PCI Interrupt Link [LNKF] (IRQs 1 3 4 5 6 7 11 12 14 15) *0
[    0.177196] ACPI: PCI Interrupt Link [LNKG] (IRQs 1 3 4 5 6 7 10 12 14 15) *0
[    0.177252] ACPI: PCI Interrupt Link [LNKH] (IRQs 1 3 4 5 6 7 11 12 14 15) *0
[    0.177405] ACPI: EC: interrupt unblocked
[    0.177427] ACPI: EC: event unblocked
[    0.177437] ACPI: \_SB_.PCI0.LPCB.EC__: GPE=0x7, EC_CMD/EC_SC=0x66, EC_DATA=0x62
[    0.177438] ACPI: \_SB_.PCI0.LPCB.EC__: Used as boot DSDT EC to handle transactions and events
[    0.177486] pci 0000:01:00.0: vgaarb: VGA device added: decodes=io+mem,owns=none,locks=none
[    0.177486] pci 0000:01:00.0: vgaarb: bridge control possible
[    0.177486] pci 0000:01:00.0: vgaarb: setting as boot device
[    0.177486] vgaarb: loaded
[    0.177486] EDAC MC: Ver: 3.0.0
[    0.177486] Registered efivars operations
[    0.288913] PCI: Using ACPI for IRQ routing
[    0.295698] PCI: pci_cache_line_size set to 64 bytes
[    0.296230] e820: reserve RAM buffer [mem 0x00058000-0x0005ffff]
[    0.296231] e820: reserve RAM buffer [mem 0x0009e000-0x0009ffff]
[    0.296231] e820: reserve RAM buffer [mem 0x7401d000-0x77ffffff]
[    0.296232] e820: reserve RAM buffer [mem 0x74ca8000-0x77ffffff]
[    0.296233] e820: reserve RAM buffer [mem 0x74f4e000-0x77ffffff]
[    0.296233] e820: reserve RAM buffer [mem 0x7ab9f000-0x7bffffff]
[    0.296234] e820: reserve RAM buffer [mem 0x7b000000-0x7bffffff]
[    0.296235] e820: reserve RAM buffer [mem 0x47f000000-0x47fffffff]
[    0.296298] hpet0: at MMIO 0xfed00000, IRQs 2, 8, 0, 0, 0, 0, 0, 0
[    0.296298] hpet0: 8 comparators, 64-bit 24.000000 MHz counter
[    0.298171] clocksource: Switched to clocksource hpet
[    0.302459] VFS: Disk quotas dquot_6.6.0
[    0.302471] VFS: Dquot-cache hash table entries: 512 (order 0, 4096 bytes)
[    0.302538] AppArmor: AppArmor Filesystem Enabled
[    0.302548] pnp: PnP ACPI init
[    0.302990] system 00:00: [io  0xffff] has been reserved
[    0.302991] system 00:00: [io  0x1800-0x18fe] has been reserved
[    0.302992] system 00:00: [io  0x0800-0x087f] has been reserved
[    0.302995] system 00:00: Plug and Play ACPI device, IDs PNP0c02 (active)
[    0.303007] pnp 00:01: Plug and Play ACPI device, IDs PNP0b00 (active)
[    0.303042] pnp 00:02: Plug and Play ACPI device, IDs APP000b (active)
[    0.303154] system 00:03: [mem 0xfed10000-0xfed17fff] has been reserved
[    0.303155] system 00:03: [mem 0xfed18000-0xfed18fff] has been reserved
[    0.303156] system 00:03: [mem 0xfed19000-0xfed19fff] has been reserved
[    0.303157] system 00:03: [mem 0xe0000000-0xefffffff] has been reserved
[    0.303158] system 00:03: [mem 0xfd000000-0xfe7fffff] could not be reserved
[    0.303159] system 00:03: [mem 0xfed20000-0xfed3ffff] has been reserved
[    0.303159] system 00:03: [mem 0xfed90000-0xfed93fff] could not be reserved
[    0.303160] system 00:03: [mem 0xfed45000-0xfed8ffff] has been reserved
[    0.303161] system 00:03: [mem 0xff000000-0xffffffff] could not be reserved
[    0.303162] system 00:03: [mem 0xfee00000-0xfeefffff] has been reserved
[    0.303164] system 00:03: Plug and Play ACPI device, IDs PNP0c02 (active)
[    0.303194] system 00:04: [mem 0x20000000-0x201fffff] could not be reserved
[    0.303195] system 00:04: [mem 0x40000000-0x401fffff] could not be reserved
[    0.303197] system 00:04: Plug and Play ACPI device, IDs PNP0c01 (active)
[    0.303295] pnp: PnP ACPI: found 5 devices
[    0.310689] clocksource: acpi_pm: mask: 0xffffff max_cycles: 0xffffff, max_idle_ns: 2085701024 ns
[    0.310707] pci 0000:05:01.0: bridge window [io  0x1000-0x0fff] to [bus 08-40] add_size 1000
[    0.310712] pci 0000:05:02.0: bridge window [io  0x1000-0x0fff] to [bus 07] add_size 1000
[    0.310714] pci 0000:05:02.0: bridge window [mem 0x00100000-0x000fffff 64bit pref] to [bus 07] add_size 200000 add_align 100000
[    0.310719] pci 0000:05:04.0: bridge window [io  0x1000-0x0fff] to [bus 41-79] add_size 1000
[    0.310724] pci 0000:04:00.0: bridge window [io  0x1000-0x0fff] to [bus 05-79] add_size 3000
[    0.310736] pci 0000:7b:01.0: bridge window [io  0x1000-0x0fff] to [bus 7e-b6] add_size 1000
[    0.310742] pci 0000:7b:02.0: bridge window [io  0x1000-0x0fff] to [bus 7d] add_size 1000
[    0.310743] pci 0000:7b:02.0: bridge window [mem 0x00100000-0x000fffff 64bit pref] to [bus 7d] add_size 200000 add_align 100000
[    0.310748] pci 0000:7b:04.0: bridge window [io  0x1000-0x0fff] to [bus b7-ef] add_size 1000
[    0.310753] pci 0000:7a:00.0: bridge window [io  0x1000-0x0fff] to [bus 7b-ef] add_size 3000
[    0.310783] pci 0000:00:1f.3: BAR 4: assigned [mem 0x4000000000-0x400000ffff 64bit]
[    0.310795] pci 0000:00:01.0: PCI bridge to [bus 01]
[    0.310796] pci 0000:00:01.0:   bridge window [io  0x4000-0x4fff]
[    0.310798] pci 0000:00:01.0:   bridge window [mem 0x82600000-0x826fffff]
[    0.310800] pci 0000:00:01.0:   bridge window [mem 0xb0000000-0xc01fffff 64bit pref]
[    0.310803] pci 0000:04:00.0: BAR 13: assigned [io  0x6000-0x8fff]
[    0.310806] pci 0000:05:02.0: BAR 15: no space for [mem size 0x00200000 64bit pref]
[    0.310807] pci 0000:05:02.0: BAR 15: failed to assign [mem size 0x00200000 64bit pref]
[    0.310808] pci 0000:05:01.0: BAR 13: assigned [io  0x6000-0x6fff]
[    0.310809] pci 0000:05:02.0: BAR 13: assigned [io  0x7000-0x7fff]
[    0.310809] pci 0000:05:04.0: BAR 13: assigned [io  0x8000-0x8fff]
[    0.310812] pci 0000:05:02.0: BAR 15: no space for [mem size 0x00200000 64bit pref]
[    0.310812] pci 0000:05:02.0: BAR 15: failed to assign [mem size 0x00200000 64bit pref]
[    0.310813] pci 0000:05:00.0: PCI bridge to [bus 06]
[    0.310816] pci 0000:05:00.0:   bridge window [mem 0x82900000-0x829fffff]
[    0.310821] pci 0000:05:01.0: PCI bridge to [bus 08-40]
[    0.310823] pci 0000:05:01.0:   bridge window [io  0x6000-0x6fff]
[    0.310826] pci 0000:05:01.0:   bridge window [mem 0x82a00000-0x899fffff]
[    0.310828] pci 0000:05:01.0:   bridge window [mem 0xc0200000-0xc71fffff 64bit pref]
[    0.310832] pci 0000:07:00.0: BAR 0: assigned [mem 0x82800000-0x8280ffff]
[    0.310835] pci 0000:05:02.0: PCI bridge to [bus 07]
[    0.310837] pci 0000:05:02.0:   bridge window [io  0x7000-0x7fff]
[    0.310839] pci 0000:05:02.0:   bridge window [mem 0x82800000-0x828fffff]
[    0.310844] pci 0000:05:04.0: PCI bridge to [bus 41-79]
[    0.310846] pci 0000:05:04.0:   bridge window [io  0x8000-0x8fff]
[    0.310848] pci 0000:05:04.0:   bridge window [mem 0x89a00000-0x909fffff]
[    0.310851] pci 0000:05:04.0:   bridge window [mem 0xc7200000-0xce1fffff 64bit pref]
[    0.310854] pci 0000:04:00.0: PCI bridge to [bus 05-79]
[    0.310855] pci 0000:04:00.0:   bridge window [io  0x6000-0x8fff]
[    0.310858] pci 0000:04:00.0:   bridge window [mem 0x82800000-0x909fffff]
[    0.310860] pci 0000:04:00.0:   bridge window [mem 0xc0200000-0xce1fffff 64bit pref]
[    0.310863] pci 0000:00:01.1: PCI bridge to [bus 04-79]
[    0.310864] pci 0000:00:01.1:   bridge window [io  0x6000-0x9fff]
[    0.310866] pci 0000:00:01.1:   bridge window [mem 0x82800000-0x909fffff]
[    0.310867] pci 0000:00:01.1:   bridge window [mem 0xc0200000-0xce1fffff 64bit pref]
[    0.310870] pci 0000:7a:00.0: BAR 13: assigned [io  0xa000-0xcfff]
[    0.310872] pci 0000:7b:02.0: BAR 15: no space for [mem size 0x00200000 64bit pref]
[    0.310873] pci 0000:7b:02.0: BAR 15: failed to assign [mem size 0x00200000 64bit pref]
[    0.310874] pci 0000:7b:01.0: BAR 13: assigned [io  0xa000-0xafff]
[    0.310875] pci 0000:7b:02.0: BAR 13: assigned [io  0xb000-0xbfff]
[    0.310875] pci 0000:7b:04.0: BAR 13: assigned [io  0xc000-0xcfff]
[    0.310877] pci 0000:7b:02.0: BAR 15: no space for [mem size 0x00200000 64bit pref]
[    0.310878] pci 0000:7b:02.0: BAR 15: failed to assign [mem size 0x00200000 64bit pref]
[    0.310879] pci 0000:7b:00.0: PCI bridge to [bus 7c]
[    0.310882] pci 0000:7b:00.0:   bridge window [mem 0x90b00000-0x90bfffff]
[    0.310887] pci 0000:7b:01.0: PCI bridge to [bus 7e-b6]
[    0.310888] pci 0000:7b:01.0:   bridge window [io  0xa000-0xafff]
[    0.310891] pci 0000:7b:01.0:   bridge window [mem 0x90c00000-0x97bfffff]
[    0.310893] pci 0000:7b:01.0:   bridge window [mem 0xce200000-0xd51fffff 64bit pref]
[    0.310897] pci 0000:7d:00.0: BAR 0: assigned [mem 0x90a00000-0x90a0ffff]
[    0.310900] pci 0000:7b:02.0: PCI bridge to [bus 7d]
[    0.310901] pci 0000:7b:02.0:   bridge window [io  0xb000-0xbfff]
[    0.310904] pci 0000:7b:02.0:   bridge window [mem 0x90a00000-0x90afffff]
[    0.310909] pci 0000:7b:04.0: PCI bridge to [bus b7-ef]
[    0.310910] pci 0000:7b:04.0:   bridge window [io  0xc000-0xcfff]
[    0.310913] pci 0000:7b:04.0:   bridge window [mem 0x97c00000-0x9ebfffff]
[    0.310915] pci 0000:7b:04.0:   bridge window [mem 0xd5200000-0xdc1fffff 64bit pref]
[    0.310918] pci 0000:7a:00.0: PCI bridge to [bus 7b-ef]
[    0.310919] pci 0000:7a:00.0:   bridge window [io  0xa000-0xcfff]
[    0.310922] pci 0000:7a:00.0:   bridge window [mem 0x90a00000-0x9ebfffff]
[    0.310924] pci 0000:7a:00.0:   bridge window [mem 0xce200000-0xdc1fffff 64bit pref]
[    0.310927] pci 0000:00:01.2: PCI bridge to [bus 7a-ef]
[    0.310928] pci 0000:00:01.2:   bridge window [io  0xa000-0xdfff]
[    0.310930] pci 0000:00:01.2:   bridge window [mem 0x90a00000-0x9ebfffff]
[    0.310931] pci 0000:00:01.2:   bridge window [mem 0xce200000-0xdc1fffff 64bit pref]
[    0.310934] pci 0000:00:1b.0: PCI bridge to [bus 02]
[    0.310946] pci 0000:00:1b.0:   bridge window [io  0x3000-0x3fff]
[    0.310949] pci 0000:00:1b.0:   bridge window [mem 0x82500000-0x825fffff]
[    0.310954] pci 0000:00:1c.0: PCI bridge to [bus 03]
[    0.310957] pci 0000:00:1c.0:   bridge window [mem 0x82000000-0x824fffff]
[    0.310962] pci_bus 0000:00: resource 4 [io  0x0000-0x0cf7 window]
[    0.310963] pci_bus 0000:00: resource 5 [io  0x0d00-0xffff window]
[    0.310964] pci_bus 0000:00: resource 6 [mem 0x000a0000-0x000bffff window]
[    0.310964] pci_bus 0000:00: resource 7 [mem 0x000c0000-0x000c3fff window]
[    0.310965] pci_bus 0000:00: resource 8 [mem 0x000c4000-0x000c7fff window]
[    0.310966] pci_bus 0000:00: resource 9 [mem 0x000c8000-0x000cbfff window]
[    0.310966] pci_bus 0000:00: resource 10 [mem 0x000cc000-0x000cffff window]
[    0.310967] pci_bus 0000:00: resource 11 [mem 0x000d0000-0x000d3fff window]
[    0.310968] pci_bus 0000:00: resource 12 [mem 0x000d4000-0x000d7fff window]
[    0.310968] pci_bus 0000:00: resource 13 [mem 0x000d8000-0x000dbfff window]
[    0.310969] pci_bus 0000:00: resource 14 [mem 0x000dc000-0x000dffff window]
[    0.310970] pci_bus 0000:00: resource 15 [mem 0x000e0000-0x000e3fff window]
[    0.310970] pci_bus 0000:00: resource 16 [mem 0x000e4000-0x000e7fff window]
[    0.310971] pci_bus 0000:00: resource 17 [mem 0x000e8000-0x000ebfff window]
[    0.310972] pci_bus 0000:00: resource 18 [mem 0x000ec000-0x000effff window]
[    0.310972] pci_bus 0000:00: resource 19 [mem 0x000f0000-0x000fffff window]
[    0.310973] pci_bus 0000:00: resource 20 [mem 0x80000000-0xfeafffff window]
[    0.310974] pci_bus 0000:00: resource 21 [mem 0x4000000000-0x7fffffffff window]
[    0.310974] pci_bus 0000:01: resource 0 [io  0x4000-0x4fff]
[    0.310975] pci_bus 0000:01: resource 1 [mem 0x82600000-0x826fffff]
[    0.310976] pci_bus 0000:01: resource 2 [mem 0xb0000000-0xc01fffff 64bit pref]
[    0.310977] pci_bus 0000:04: resource 0 [io  0x6000-0x9fff]
[    0.310977] pci_bus 0000:04: resource 1 [mem 0x82800000-0x909fffff]
[    0.310978] pci_bus 0000:04: resource 2 [mem 0xc0200000-0xce1fffff 64bit pref]
[    0.310978] pci_bus 0000:05: resource 0 [io  0x6000-0x8fff]
[    0.310979] pci_bus 0000:05: resource 1 [mem 0x82800000-0x909fffff]
[    0.310980] pci_bus 0000:05: resource 2 [mem 0xc0200000-0xce1fffff 64bit pref]
[    0.310980] pci_bus 0000:06: resource 1 [mem 0x82900000-0x829fffff]
[    0.310981] pci_bus 0000:08: resource 0 [io  0x6000-0x6fff]
[    0.310982] pci_bus 0000:08: resource 1 [mem 0x82a00000-0x899fffff]
[    0.310982] pci_bus 0000:08: resource 2 [mem 0xc0200000-0xc71fffff 64bit pref]
[    0.310983] pci_bus 0000:07: resource 0 [io  0x7000-0x7fff]
[    0.310984] pci_bus 0000:07: resource 1 [mem 0x82800000-0x828fffff]
[    0.310984] pci_bus 0000:41: resource 0 [io  0x8000-0x8fff]
[    0.310985] pci_bus 0000:41: resource 1 [mem 0x89a00000-0x909fffff]
[    0.310985] pci_bus 0000:41: resource 2 [mem 0xc7200000-0xce1fffff 64bit pref]
[    0.310986] pci_bus 0000:7a: resource 0 [io  0xa000-0xdfff]
[    0.310987] pci_bus 0000:7a: resource 1 [mem 0x90a00000-0x9ebfffff]
[    0.310987] pci_bus 0000:7a: resource 2 [mem 0xce200000-0xdc1fffff 64bit pref]
[    0.310988] pci_bus 0000:7b: resource 0 [io  0xa000-0xcfff]
[    0.310989] pci_bus 0000:7b: resource 1 [mem 0x90a00000-0x9ebfffff]
[    0.310989] pci_bus 0000:7b: resource 2 [mem 0xce200000-0xdc1fffff 64bit pref]
[    0.310990] pci_bus 0000:7c: resource 1 [mem 0x90b00000-0x90bfffff]
[    0.310991] pci_bus 0000:7e: resource 0 [io  0xa000-0xafff]
[    0.310991] pci_bus 0000:7e: resource 1 [mem 0x90c00000-0x97bfffff]
[    0.310992] pci_bus 0000:7e: resource 2 [mem 0xce200000-0xd51fffff 64bit pref]
[    0.310993] pci_bus 0000:7d: resource 0 [io  0xb000-0xbfff]
[    0.310993] pci_bus 0000:7d: resource 1 [mem 0x90a00000-0x90afffff]
[    0.310994] pci_bus 0000:b7: resource 0 [io  0xc000-0xcfff]
[    0.310994] pci_bus 0000:b7: resource 1 [mem 0x97c00000-0x9ebfffff]
[    0.310995] pci_bus 0000:b7: resource 2 [mem 0xd5200000-0xdc1fffff 64bit pref]
[    0.310996] pci_bus 0000:02: resource 0 [io  0x3000-0x3fff]
[    0.310996] pci_bus 0000:02: resource 1 [mem 0x82500000-0x825fffff]
[    0.310997] pci_bus 0000:03: resource 1 [mem 0x82000000-0x824fffff]
[    0.311118] NET: Registered protocol family 2
[    0.311220] TCP established hash table entries: 131072 (order: 8, 1048576 bytes)
[    0.311347] TCP bind hash table entries: 65536 (order: 8, 1048576 bytes)
[    0.311434] TCP: Hash tables configured (established 131072 bind 65536)
[    0.311456] UDP hash table entries: 8192 (order: 6, 262144 bytes)
[    0.311486] UDP-Lite hash table entries: 8192 (order: 6, 262144 bytes)
[    0.311536] NET: Registered protocol family 1
[    0.311956] pci 0000:07:00.0: enabling device (0000 -> 0002)
[    0.312188] pci 0000:7d:00.0: enabling device (0000 -> 0002)
[    0.312437] PCI: CLS 256 bytes, default 64
[    0.312458] Unpacking initramfs...
[    0.625160] Freeing initrd memory: 24112K
[    0.625196] DMAR: ACPI device "device:91" under DMAR at fed91000 as 00:15.0
[    0.625198] DMAR: ACPI device "device:92" under DMAR at fed91000 as 00:1e.2
[    0.625200] DMAR: ACPI device "device:93" under DMAR at fed91000 as 00:1e.3
[    0.625201] DMAR: Failed to find handle for ACPI object \_SB.PCI0.UA00
[    0.625206] DMAR: Failed to find handle for ACPI object \_SB.PCI0.UA01
[    0.625208] DMAR: Failed to find handle for ACPI object \_SB.PCI0.UA02
[    0.625248] PCI-DMA: Using software bounce buffering for IO (SWIOTLB)
[    0.625250] software IO TLB [mem 0x6c450000-0x70450000] (64MB) mapped at [0000000069ffa589-000000003cef0ba2]
[    0.625269] clocksource: tsc: mask: 0xffffffffffffffff max_cycles: 0x2ca08564bf3, max_idle_ns: 440795312460 ns
[    0.625951] Initialise system trusted keyrings
[    0.626039] workingset: timestamp_bits=40 max_order=22 bucket_order=0
[    0.626206] zbud: loaded
[    0.833947] Key type asymmetric registered
[    0.833948] Asymmetric key parser 'x509' registered
[    0.833959] Block layer SCSI generic (bsg) driver version 0.4 loaded (major 249)
[    0.834022] io scheduler noop registered
[    0.834023] io scheduler deadline registered
[    0.834032] io scheduler cfq registered (default)
[    0.834032] io scheduler mq-deadline registered
[    0.835652] pciehp 0000:05:01.0:pcie204: Slot #1 AttnBtn- PwrCtrl- MRL- AttnInd- PwrInd- HotPlug+ Surprise+ Interlock- NoCompl+ LLActRep+
[    0.835686] pciehp 0000:05:02.0:pcie204: Slot #0 AttnBtn- PwrCtrl- MRL- AttnInd- PwrInd- HotPlug+ Surprise+ Interlock- NoCompl+ LLActRep+
[    0.835716] pciehp 0000:05:04.0:pcie204: Slot #4 AttnBtn- PwrCtrl- MRL- AttnInd- PwrInd- HotPlug+ Surprise+ Interlock- NoCompl+ LLActRep+
[    0.835718] pciehp 0000:05:02.0:pcie204: Slot(0): Card present
[    0.835748] pciehp 0000:7b:01.0:pcie204: Slot #1 AttnBtn- PwrCtrl- MRL- AttnInd- PwrInd- HotPlug+ Surprise+ Interlock- NoCompl+ LLActRep+
[    0.835773] pciehp 0000:7b:02.0:pcie204: Slot #0 AttnBtn- PwrCtrl- MRL- AttnInd- PwrInd- HotPlug+ Surprise+ Interlock- NoCompl+ LLActRep+
[    0.835797] pciehp 0000:7b:02.0:pcie204: Slot(0-1): Card present
[    0.835801] pciehp 0000:7b:04.0:pcie204: Slot #4 AttnBtn- PwrCtrl- MRL- AttnInd- PwrInd- HotPlug+ Surprise+ Interlock- NoCompl+ LLActRep+
[    0.835829] efifb: probing for efifb
[    0.835861] efifb: framebuffer at 0xb0300000, using 29440k, total 29440k
[    0.835861] efifb: mode is 3360x2100x32, linelength=14336, pages=1
[    0.835862] efifb: scrolling: redraw
[    0.835863] efifb: Truecolor: size=8:8:8:8, shift=24:16:8:0
[    0.845721] Console: switching to colour frame buffer device 420x131
[    0.855449] fb0: EFI VGA frame buffer device
[    0.855467] intel_idle: MWAIT substates: 0x11142120
[    0.855468] intel_idle: v0.4.1 model 0x9E
[    0.855898] intel_idle: lapic_timer_reliable_states 0xffffffff
[    0.856758] Serial: 8250/16550 driver, 4 ports, IRQ sharing enabled
[    0.857148] Linux agpgart interface v0.103
[    0.857189] AMD IOMMUv2 driver by Joerg Roedel <jroedel@suse.de>
[    0.857190] AMD IOMMUv2 functionality not available on this system
[    0.857760] i8042: PNP: No PS/2 controller found.
[    0.857855] mousedev: PS/2 mouse device common for all mice
[    0.857886] rtc_cmos 00:01: RTC can wake from S4
[    0.858280] rtc_cmos 00:01: rtc core: registered rtc_cmos as rtc0
[    0.858359] rtc_cmos 00:01: alarms up to one month, y3k, 242 bytes nvram, hpet irqs
[    0.858364] intel_pstate: Intel P-state driver initializing
[    0.858398] intel_pstate: Disabling energy efficiency optimization
[    0.859279] intel_pstate: HWP enabled
[    0.859685] ledtrig-cpu: registered to indicate activity on CPUs
[    0.859852] NET: Registered protocol family 10
[    0.860029] Segment Routing with IPv6
[    0.860039] mip6: Mobile IPv6
[    0.860039] NET: Registered protocol family 17
[    0.860041] mpls_gso: MPLS GSO support
[    0.860767] microcode: sig=0x906e9, pf=0x20, revision=0x5e
[    0.861120] microcode: Microcode Update Driver: v2.2.
[    0.861126] sched_clock: Marking stable (861118065, 0)->(843867074, 17250991)
[    0.861462] registered taskstats version 1
[    0.861462] Loading compiled-in X.509 certificates
[    0.884779] Loaded X.509 cert 'Debian Project: Ben Hutchings: 008a018dca80932630'
[    0.884789] zswap: loaded using pool lzo/zbud
[    0.884951] AppArmor: AppArmor sha1 policy hashing enabled
[    0.884953] ima: No TPM chip found, activating TPM-bypass! (rc=-19)
[    0.885955] rtc_cmos 00:01: setting system clock to 2018-02-11 14:15:25 UTC (1518358525)
[    0.887018] Freeing unused kernel memory: 1520K
[    0.887018] Write protecting the kernel read-only data: 16384k
[    0.887445] Freeing unused kernel memory: 2012K
[    0.888598] Freeing unused kernel memory: 1020K
[    0.891832] x86/mm: Checked W+X mappings: passed, no W+X pages found.
[    0.891833] x86/mm: Checking user space page tables
[    0.895077] x86/mm: Checked W+X mappings: passed, no W+X pages found.
[    0.973934] applespi: loading out-of-tree module taints kernel.
[    0.980171] ACPI: bus type USB registered
[    0.980197] usbcore: registered new interface driver usbfs
[    0.980203] usbcore: registered new interface driver hub
[    0.980228] usbcore: registered new device driver usb
[    0.982153] xhci_hcd 0000:00:14.0: xHCI Host Controller
[    0.982157] xhci_hcd 0000:00:14.0: new USB bus registered, assigned bus number 1
[    0.983374] xhci_hcd 0000:00:14.0: hcc params 0x200077c1 hci version 0x100 quirks 0x00109810
[    0.983378] xhci_hcd 0000:00:14.0: cache line size of 256 is not supported
[    0.983446] nvme nvme0: pci function 0000:02:00.0
[    0.983861] usb usb1: New USB device found, idVendor=1d6b, idProduct=0002
[    0.983862] usb usb1: New USB device strings: Mfr=3, Product=2, SerialNumber=1
[    0.983863] usb usb1: Product: xHCI Host Controller
[    0.983864] usb usb1: Manufacturer: Linux 4.15.0-rc8-amd64 xhci-hcd
[    0.983864] usb usb1: SerialNumber: 0000:00:14.0
[    0.984050] hub 1-0:1.0: USB hub found
[    0.984075] hub 1-0:1.0: 16 ports detected
[    0.984522] xhci_hcd 0000:00:14.0: xHCI Host Controller
[    0.984525] xhci_hcd 0000:00:14.0: new USB bus registered, assigned bus number 2
[    0.984555] usb usb2: New USB device found, idVendor=1d6b, idProduct=0003
[    0.984556] usb usb2: New USB device strings: Mfr=3, Product=2, SerialNumber=1
[    0.984557] usb usb2: Product: xHCI Host Controller
[    0.984558] usb usb2: Manufacturer: Linux 4.15.0-rc8-amd64 xhci-hcd
[    0.984558] usb usb2: SerialNumber: 0000:00:14.0
[    0.984646] hub 2-0:1.0: USB hub found
[    0.984677] hub 2-0:1.0: 8 ports detected
[    0.985050] xhci_hcd 0000:07:00.0: xHCI Host Controller
[    0.985053] xhci_hcd 0000:07:00.0: new USB bus registered, assigned bus number 3
[    0.986308] xhci_hcd 0000:07:00.0: hcc params 0x200077c1 hci version 0x110 quirks 0x00009810
[    0.986562] usb usb3: New USB device found, idVendor=1d6b, idProduct=0002
[    0.986562] usb usb3: New USB device strings: Mfr=3, Product=2, SerialNumber=1
[    0.986563] usb usb3: Product: xHCI Host Controller
[    0.986564] usb usb3: Manufacturer: Linux 4.15.0-rc8-amd64 xhci-hcd
[    0.986564] usb usb3: SerialNumber: 0000:07:00.0
[    0.986655] hub 3-0:1.0: USB hub found
[    0.986664] hub 3-0:1.0: 2 ports detected
[    0.986764] xhci_hcd 0000:07:00.0: xHCI Host Controller
[    0.986769] xhci_hcd 0000:07:00.0: new USB bus registered, assigned bus number 4
[    0.986770] xhci_hcd 0000:07:00.0: Host supports USB 3.1 Enhanced SuperSpeed
[    0.986819] usb usb4: New USB device found, idVendor=1d6b, idProduct=0003
[    0.986820] usb usb4: New USB device strings: Mfr=3, Product=2, SerialNumber=1
[    0.986821] usb usb4: Product: xHCI Host Controller
[    0.986822] usb usb4: Manufacturer: Linux 4.15.0-rc8-amd64 xhci-hcd
[    0.986823] usb usb4: SerialNumber: 0000:07:00.0
[    0.986897] hub 4-0:1.0: USB hub found
[    0.986908] hub 4-0:1.0: 2 ports detected
[    0.987086] xhci_hcd 0000:7d:00.0: xHCI Host Controller
[    0.987088] xhci_hcd 0000:7d:00.0: new USB bus registered, assigned bus number 5
[    0.988349] xhci_hcd 0000:7d:00.0: hcc params 0x200077c1 hci version 0x110 quirks 0x00009810
[    0.988653] usb usb5: New USB device found, idVendor=1d6b, idProduct=0002
[    0.988654] usb usb5: New USB device strings: Mfr=3, Product=2, SerialNumber=1
[    0.988655] usb usb5: Product: xHCI Host Controller
[    0.988655] usb usb5: Manufacturer: Linux 4.15.0-rc8-amd64 xhci-hcd
[    0.988656] usb usb5: SerialNumber: 0000:7d:00.0
[    0.988764] hub 5-0:1.0: USB hub found
[    0.988771] hub 5-0:1.0: 2 ports detected
[    0.988904] xhci_hcd 0000:7d:00.0: xHCI Host Controller
[    0.988906] xhci_hcd 0000:7d:00.0: new USB bus registered, assigned bus number 6
[    0.988908] xhci_hcd 0000:7d:00.0: Host supports USB 3.1 Enhanced SuperSpeed
[    0.988947] usb usb6: New USB device found, idVendor=1d6b, idProduct=0003
[    0.988948] usb usb6: New USB device strings: Mfr=3, Product=2, SerialNumber=1
[    0.988950] usb usb6: Product: xHCI Host Controller
[    0.988951] usb usb6: Manufacturer: Linux 4.15.0-rc8-amd64 xhci-hcd
[    0.988951] usb usb6: SerialNumber: 0000:7d:00.0
[    0.989029] AVX2 version of gcm_enc/dec engaged.
[    0.989030] AES CTR mode by8 optimization enabled
[    0.989044] hub 6-0:1.0: USB hub found
[    0.989059] hub 6-0:1.0: 2 ports detected
[    0.997412] alg: No test for pcbc(aes) (pcbc-aes-aesni)
[    1.008031] intel-lpss 0000:00:15.0: enabling device (0000 -> 0002)
[    1.028228] intel-lpss 0000:00:19.0: enabling device (0000 -> 0002)
[    1.028794] dw-apb-uart.1: ttyS0 at MMIO 0x8272a000 (irq = 21, base_baud = 115200) is a 16550A
[    1.029217] i801_smbus 0000:00:1f.4: SPD Write Disable is set
[    1.029267] i801_smbus 0000:00:1f.4: SMBus using PCI interrupt
[    1.048217] intel-lpss 0000:00:1e.0: enabling device (0000 -> 0002)
[    1.048809] dw-apb-uart.2: ttyS1 at MMIO 0x8272b000 (irq = 20, base_baud = 3000000) is a 16550A
[    1.072208] intel-lpss 0000:00:1e.1: enabling device (0000 -> 0002)
[    1.073020] dw-apb-uart.3: ttyS2 at MMIO 0x8272c000 (irq = 21, base_baud = 115200) is a 16550A
[    1.092134] intel-lpss 0000:00:1e.2: enabling device (0000 -> 0002)
[    1.112175] intel-lpss 0000:00:1e.3: enabling device (0000 -> 0002)
[    1.153961] input: Apple SPI Keyboard as /devices/pci0000:00/0000:00:1e.3/pxa2xx-spi.5/spi_master/spi2/spi-APP000D:00/input/input0
[    1.154065] input: Apple SPI Touchpad as /devices/pci0000:00/0000:00:1e.3/pxa2xx-spi.5/spi_master/spi2/spi-APP000D:00/input/input1
[    1.154298] applespi: spi-device probe done: spi-APP000D:00
[    1.157365] applespi: modeswitch done.
[    1.197011] device-mapper: uevent: version 1.0.3
[    1.197150] device-mapper: ioctl: 4.37.0-ioctl (2017-09-20) initialised: dm-devel@redhat.com
[    1.209639]  nvme0n1: p1 p2 p3 p4 p5
[    1.324084] usb 1-3: new high-speed USB device number 2 using xhci_hcd
[    1.476638] usb 1-3: New USB device found, idVendor=05ac, idProduct=8600
[    1.476643] usb 1-3: New USB device strings: Mfr=1, Product=2, SerialNumber=0
[    1.476645] usb 1-3: Product: iBridge
[    1.476647] usb 1-3: Manufacturer: Apple Inc.
[    1.483642] hidraw: raw HID events driver (C) Jiri Kosina
[    1.487542] usbcore: registered new interface driver usbhid
[    1.487544] usbhid: USB HID core driver
[    1.490045] input: Apple Inc. iBridge as /devices/pci0000:00/0000:00:14.0/usb1/1-3/1-3:1.2/0003:05AC:8600.0001/input/input2
[    1.548329] hid-generic 0003:05AC:8600.0001: input,hidraw0: USB HID v1.01 Keyboard [Apple Inc. iBridge] on usb-0000:00:14.0-3/input2
[    1.548893] hid-generic 0003:05AC:8600.0002: hiddev0,hidraw1: USB HID v1.01 Device [Apple Inc. iBridge] on usb-0000:00:14.0-3/input3
[    1.628479] clocksource: Switched to clocksource tsc
[   32.678047] random: crng init done
[   36.715987] NET: Registered protocol family 38
[   36.889720] EXT4-fs (dm-0): mounted filesystem with ordered data mode. Opts: (null)
[   36.997364] ip_tables: (C) 2000-2006 Netfilter Core Team
[   37.226385] systemd[1]: systemd 236 running in system mode. (+PAM +AUDIT +SELINUX +IMA +APPARMOR +SMACK +SYSVINIT +UTMP +LIBCRYPTSETUP +GCRYPT +GNUTLS +ACL +XZ +LZ4 +SECCOMP +BLKID +ELFUTILS +KMOD -IDN2 +IDN default-hierarchy=hybrid)
[   37.244097] systemd[1]: Detected architecture x86-64.
[   37.244323] systemd[1]: Set hostname to <caesar>.
[   37.287327] systemd[1]: File /lib/systemd/system/systemd-journald.service:35 configures an IP firewall (IPAddressDeny=any), but the local system does not support BPF/cgroup based firewalling.
[   37.287333] systemd[1]: Proceeding WITHOUT firewalling in effect! (This warning is only shown for the first loaded unit using IP firewalling.)
[   37.400380] systemd[1]: Created slice User and Session Slice.
[   37.400567] systemd[1]: Started Dispatch Password Requests to Console Directory Watch.
[   37.400996] systemd[1]: Set up automount Arbitrary Executable File Formats File System Automount Point.
[   37.401089] systemd[1]: Started Forward Password Requests to Wall Directory Watch.
[   37.401116] systemd[1]: Reached target Swap.
[   37.422900] RPC: Registered named UNIX socket transport module.
[   37.422901] RPC: Registered udp transport module.
[   37.422902] RPC: Registered tcp transport module.
[   37.422902] RPC: Registered tcp NFSv4.1 backchannel transport module.
[   37.425335] lp: driver loaded but no devices found
[   37.426759] ppdev: user-space parallel port driver
[   37.427314] EXT4-fs (dm-0): re-mounted. Opts: errors=remount-ro
[   37.476517] systemd-journald[345]: Received request to flush runtime journal from PID 1
[   37.481636] input: Lid Switch as /devices/LNXSYSTM:00/LNXSYBUS:00/PNP0C0D:00/input/input3
[   37.481645] ACPI: Lid Switch [LID0]
[   37.481669] input: Power Button as /devices/LNXSYSTM:00/LNXSYBUS:00/PNP0C0C:00/input/input4
[   37.481673] ACPI: Power Button [PWRB]
[   37.481692] input: Sleep Button as /devices/LNXSYSTM:00/LNXSYBUS:00/PNP0C0E:00/input/input5
[   37.481695] ACPI: Sleep Button [SLPB]
[   37.481714] input: Power Button as /devices/LNXSYSTM:00/LNXPWRBN:00/input/input6
[   37.481722] ACPI: Power Button [PWRF]
[   37.483118] [Firmware Bug]: ACPI(GFX0) defines _DOD but not _DOS
[   37.483140] ACPI: Video Device [GFX0] (multi-head: yes  rom: no  post: no)
[   37.483242] ACPI: AC Adapter [ADP1] (on-line)
[   37.485777] acpi device:02: registered as cooling_device8
[   37.485831] input: Video Bus as /devices/LNXSYSTM:00/LNXSYBUS:00/PNP0A08:00/device:01/LNXVIDEO:00/input/input7
[   37.491353] apple_gmux: Found gmux version 4.0.29 [indexed]
[   37.491360] apple_gmux: locked IO for PCI:0000:01:00.0
[   37.510333] ACPI: SBS HC: EC = 0x0000000037758b36, offset = 0x20, query_bit = 0x10
[   37.512760] shpchp: Standard Hot Plug PCI Controller Driver version: 0.4
[   37.520115] thunderbolt 0000:06:00.0: NHI initialized, starting thunderbolt
[   37.520118] thunderbolt 0000:06:00.0: allocating TX ring 0 of size 10
[   37.520130] thunderbolt 0000:06:00.0: allocating RX ring 0 of size 10
[   37.520137] thunderbolt 0000:06:00.0: control channel created
[   37.520138] thunderbolt 0000:06:00.0: control channel starting...
[   37.520138] thunderbolt 0000:06:00.0: starting TX ring 0
[   37.520147] thunderbolt 0000:06:00.0: enabling interrupt at register 0x38200 bit 0 (0x0 -> 0x1)
[   37.520148] thunderbolt 0000:06:00.0: starting RX ring 0
[   37.520160] thunderbolt 0000:06:00.0: enabling interrupt at register 0x38200 bit 12 (0x1 -> 0x1001)
[   37.520164] thunderbolt 0000:06:00.0: starting ICM firmware
[   37.520736] ACPI: Smart Battery System [SBS0]: AC Adapter [AC0] (on-line)
[   37.530853] cfg80211: Loading compiled-in X.509 certificates for regulatory database
[   37.531023] cfg80211: Loaded X.509 cert 'sforshee: 00b28ddf47aef9cea7'
[   37.532033] platform regulatory.0: firmware: failed to load regulatory.db (-2)
[   37.532061] platform regulatory.0: Direct firmware load for regulatory.db failed with error -2
[   37.532063] cfg80211: failed to load regulatory.db
[   37.532121] idma64 idma64.0: Found Intel integrated DMA 64-bit
[   37.552133] idma64 idma64.2: Found Intel integrated DMA 64-bit
[   37.576114] idma64 idma64.3: Found Intel integrated DMA 64-bit
[   37.581242] iTCO_vendor_support: vendor-support=0
[   37.581287] input: PC Speaker as /devices/platform/pcspkr/input/input8
[   37.581603] EFI Variables Facility v0.08 2004-May-17
[   37.582490] iTCO_wdt: Intel TCO WatchDog Timer Driver v1.11
[   37.582620] iTCO_wdt: unable to reset NO_REBOOT flag, device disabled by hardware/BIOS
[   37.582679] usbcore: registered new interface driver brcmfmac
[   37.583892] media: Linux media interface: v0.10
[   37.600294] idma64 idma64.4: Found Intel integrated DMA 64-bit
[   37.600892] idma64 idma64.5: Found Intel integrated DMA 64-bit
[   37.704294] RAPL PMU: API unit is 2^-32 Joules, 5 fixed counters, 655360 ms ovfl timer
[   37.704295] RAPL PMU: hw unit of domain pp0-core 2^-14 Joules
[   37.704295] RAPL PMU: hw unit of domain package 2^-14 Joules
[   37.704295] RAPL PMU: hw unit of domain dram 2^-14 Joules
[   37.704296] RAPL PMU: hw unit of domain pp1-gpu 2^-14 Joules
[   37.704296] RAPL PMU: hw unit of domain psys 2^-14 Joules
[   37.704690] appletb: Touchbar usb device added; dev=0003:05AC:8600.0001
[   37.704695] appletb: releasing current hid driver 'hid-generic'
[   37.705677] snd_hda_intel 0000:01:00.1: enabling device (0000 -> 0002)
[   37.705707] snd_hda_intel 0000:01:00.1: Handle vga_switcheroo audio client
[   37.705707] snd_hda_intel 0000:01:00.1: Force to non-snoop mode
[   37.706130] Linux video capture interface: v2.00
[   37.707255] pstore: using zlib compression
[   37.707266] pstore: Registered efi as persistent store backend
[   37.708814] brcmfmac: brcmf_fw_map_chip_to_name: using brcm/brcmfmac43602-pcie.bin for chip 0x00aa52(43602) rev 0x000002
[   37.717321] brcmfmac 0000:03:00.0: firmware: direct-loading firmware brcm/brcmfmac43602-pcie.bin
[   37.717333] brcmfmac 0000:03:00.0: firmware: failed to load brcm/brcmfmac43602-pcie.txt (-2)
[   37.717355] brcmfmac 0000:03:00.0: Direct firmware load for brcm/brcmfmac43602-pcie.txt failed with error -2
[   37.719509] [drm] amdgpu kernel modesetting enabled.
[   37.723429] CRAT table not found
[   37.723430] Finished initializing topology ret=0
[   37.723461] kfd kfd: Initialized module
[   37.723755] checking generic (b0300000 1cc0000) vs hw (b0000000 10000000)
[   37.723756] fb: switching to amdgpudrmfb from EFI VGA
[   37.723790] Console: switching to colour dummy device 80x25
[   37.724057] [drm] initializing kernel modesetting (POLARIS11 0x1002:0x67EF 0x106B:0x0179 0xC0).
[   37.724071] [drm] register mmio base: 0x82600000
[   37.724072] [drm] register mmio size: 262144
[   37.724086] [drm] probing gen 2 caps for device 8086:1901 = 261ac83/e
[   37.724087] [drm] probing mlw for device 8086:1901 = 261ac83
[   37.724099] [drm] UVD is enabled in VM mode
[   37.724099] [drm] UVD ENC is enabled in VM mode
[   37.724101] [drm] VCE enabled in VM mode
[   37.724116] ATOM BIOS: 113-C9801AU-A02
[   37.724122] [drm] GPU post is not needed
[   37.724225] [drm] vm size is 64 GB, block size is 13-bit, fragment size is 9-bit
[   37.725159] uvcvideo: Found UVC 1.50 device iBridge (05ac:8600)
[   37.726343] amdgpu 0000:01:00.0: firmware: direct-loading firmware amdgpu/polaris11_mc.bin
[   37.726354] amdgpu 0000:01:00.0: VRAM: 4096M 0x000000F400000000 - 0x000000F4FFFFFFFF (4096M used)
[   37.726355] amdgpu 0000:01:00.0: GTT: 256M 0x0000000000000000 - 0x000000000FFFFFFF
[   37.726369] [drm] Detected VRAM RAM=4096M, BAR=256M
[   37.726370] [drm] RAM width 128bits GDDR5
[   37.726452] [TTM] Zone  kernel: Available graphics memory: 8162084 kiB
[   37.726453] [TTM] Zone   dma32: Available graphics memory: 2097152 kiB
[   37.726453] [TTM] Initializing pool allocator
[   37.726456] [TTM] Initializing DMA pool allocator
[   37.726474] [drm] amdgpu: 4096M of VRAM memory ready
[   37.726475] [drm] amdgpu: 4096M of GTT memory ready.
[   37.726484] [drm] GART: num cpu pages 65536, num gpu pages 65536
[   37.726669] [drm] PCIE GART of 256M enabled (table at 0x000000F400040000).
[   37.726739] amdgpu 0000:01:00.0: amdgpu: using MSI.
[   37.726741] [drm] Supports vblank timestamp caching Rev 2 (21.10.2013).
[   37.726741] [drm] Driver supports precise vblank timestamp query.
[   37.726766] [drm] amdgpu: irq initialized.
[   37.726791] amdgpu: [powerplay] amdgpu: powerplay sw initialized
[   37.729417] [drm] amdgpu atom DIG backlight initialized
[   37.729418] [drm] AMDGPU Display Connectors
[   37.729419] [drm] Connector 0:
[   37.729419] [drm]   eDP-1
[   37.729420] [drm]   HPD1
[   37.729421] [drm]   DDC: 0x4868 0x4868 0x4869 0x4869 0x486a 0x486a 0x486b 0x486b
[   37.729421] [drm]   Encoders:
[   37.729422] [drm]     LCD1: INTERNAL_UNIPHY
[   37.729422] [drm] Connector 1:
[   37.729422] [drm]   DP-1
[   37.729423] [drm]   HPD2
[   37.729424] [drm]   DDC: 0x486c 0x486c 0x486d 0x486d 0x486e 0x486e 0x486f 0x486f
[   37.729424] [drm]   Encoders:
[   37.729425] [drm]     DFP1: INTERNAL_UNIPHY
[   37.729425] [drm] Connector 2:
[   37.729425] [drm]   DP-2
[   37.729426] [drm]   HPD3
[   37.729427] [drm]   DDC: 0x4870 0x4870 0x4871 0x4871 0x4872 0x4872 0x4873 0x4873
[   37.729427] [drm]   Encoders:
[   37.729428] [drm]     DFP2: INTERNAL_UNIPHY1
[   37.729428] [drm] Connector 3:
[   37.729428] [drm]   DP-3
[   37.729429] [drm]   HPD4
[   37.729430] [drm]   DDC: 0x4874 0x4874 0x4875 0x4875 0x4876 0x4876 0x4877 0x4877
[   37.729430] [drm]   Encoders:
[   37.729431] [drm]     DFP3: INTERNAL_UNIPHY1
[   37.729431] [drm] Connector 4:
[   37.729431] [drm]   DP-4
[   37.729432] [drm]   HPD5
[   37.729433] [drm]   DDC: 0x4878 0x4878 0x4879 0x4879 0x487a 0x487a 0x487b 0x487b
[   37.729433] [drm]   Encoders:
[   37.729434] uvcvideo 1-3:1.0: Entity type for entity Camera 1 was not initialized!
[   37.729435] [drm]     DFP4: INTERNAL_UNIPHY2
[   37.729566] usbcore: registered new interface driver uvcvideo
[   37.729567] USB Video Class driver (1.1.1)
[   37.730895] amdgpu 0000:01:00.0: firmware: failed to load amdgpu/polaris11_pfp_2.bin (-2)
[   37.730900] amdgpu 0000:01:00.0: Direct firmware load for amdgpu/polaris11_pfp_2.bin failed with error -2
[   37.731676] amdgpu 0000:01:00.0: firmware: direct-loading firmware amdgpu/polaris11_pfp.bin
[   37.731689] amdgpu 0000:01:00.0: firmware: failed to load amdgpu/polaris11_me_2.bin (-2)
[   37.731693] amdgpu 0000:01:00.0: Direct firmware load for amdgpu/polaris11_me_2.bin failed with error -2
[   37.731967] amdgpu 0000:01:00.0: firmware: direct-loading firmware amdgpu/polaris11_me.bin
[   37.731983] amdgpu 0000:01:00.0: firmware: failed to load amdgpu/polaris11_ce_2.bin (-2)
[   37.731987] amdgpu 0000:01:00.0: Direct firmware load for amdgpu/polaris11_ce_2.bin failed with error -2
[   37.732244] amdgpu 0000:01:00.0: firmware: direct-loading firmware amdgpu/polaris11_ce.bin
[   37.732413] amdgpu 0000:01:00.0: firmware: direct-loading firmware amdgpu/polaris11_rlc.bin
[   37.732425] amdgpu 0000:01:00.0: firmware: failed to load amdgpu/polaris11_mec_2.bin (-2)
[   37.732429] amdgpu 0000:01:00.0: Direct firmware load for amdgpu/polaris11_mec_2.bin failed with error -2
[   37.733397] amdgpu 0000:01:00.0: firmware: direct-loading firmware amdgpu/polaris11_mec.bin
[   37.733408] amdgpu 0000:01:00.0: firmware: failed to load amdgpu/polaris11_mec2_2.bin (-2)
[   37.733410] amdgpu 0000:01:00.0: Direct firmware load for amdgpu/polaris11_mec2_2.bin failed with error -2
[   37.734305] amdgpu 0000:01:00.0: firmware: direct-loading firmware amdgpu/polaris11_mec2.bin
[   37.736026] amdgpu 0000:01:00.0: fence driver on ring 0 use gpu addr 0x0000000000400040, cpu addr 0x0000000046e74547
[   37.737364] amdgpu 0000:01:00.0: fence driver on ring 1 use gpu addr 0x00000000004000c0, cpu addr 0x00000000861c67bb
[   37.737611] amdgpu 0000:01:00.0: fence driver on ring 2 use gpu addr 0x0000000000400140, cpu addr 0x00000000da3a68ff
[   37.737644] amdgpu 0000:01:00.0: fence driver on ring 3 use gpu addr 0x00000000004001c0, cpu addr 0x000000005710dcbc
[   37.737666] amdgpu 0000:01:00.0: fence driver on ring 4 use gpu addr 0x0000000000400240, cpu addr 0x000000006632bc97
[   37.737693] amdgpu 0000:01:00.0: fence driver on ring 5 use gpu addr 0x00000000004002c0, cpu addr 0x0000000073ab72b2
[   37.737719] amdgpu 0000:01:00.0: fence driver on ring 6 use gpu addr 0x0000000000400340, cpu addr 0x00000000c14ff348
[   37.737746] amdgpu 0000:01:00.0: fence driver on ring 7 use gpu addr 0x00000000004003c0, cpu addr 0x00000000111f9998
[   37.737772] amdgpu 0000:01:00.0: fence driver on ring 8 use gpu addr 0x0000000000400440, cpu addr 0x000000004354430c
[   37.737828] amdgpu 0000:01:00.0: fence driver on ring 9 use gpu addr 0x00000000004004e0, cpu addr 0x00000000857314bf
[   37.738846] amdgpu 0000:01:00.0: firmware: direct-loading firmware amdgpu/polaris11_sdma.bin
[   37.739337] amdgpu 0000:01:00.0: firmware: direct-loading firmware amdgpu/polaris11_sdma1.bin
[   37.739366] amdgpu 0000:01:00.0: fence driver on ring 10 use gpu addr 0x0000000000400560, cpu addr 0x00000000560b0b63
[   37.739395] amdgpu 0000:01:00.0: fence driver on ring 11 use gpu addr 0x00000000004005e0, cpu addr 0x0000000006523fbb
[   37.742819] amdgpu 0000:01:00.0: firmware: direct-loading firmware amdgpu/polaris11_uvd.bin
[   37.742824] [drm] Found UVD firmware Version: 1.79 Family ID: 16
[   37.743184] amdgpu 0000:01:00.0: fence driver on ring 12 use gpu addr 0x000000f4001e6420, cpu addr 0x000000005daa04ea
[   37.743214] amdgpu 0000:01:00.0: fence driver on ring 13 use gpu addr 0x00000000004006e0, cpu addr 0x0000000020f702e4
[   37.743231] amdgpu 0000:01:00.0: fence driver on ring 14 use gpu addr 0x0000000000400760, cpu addr 0x0000000096f0e21d
[   37.744145] amdgpu 0000:01:00.0: firmware: direct-loading firmware amdgpu/polaris11_vce.bin
[   37.744148] [drm] Found VCE firmware Version: 52.4 Binary ID: 3
[   37.746065] amdgpu 0000:01:00.0: fence driver on ring 15 use gpu addr 0x00000000004007e0, cpu addr 0x000000003e32008a
[   37.746637] amdgpu 0000:01:00.0: fence driver on ring 16 use gpu addr 0x0000000000400860, cpu addr 0x00000000fe90c2a9
[   37.747803] amdgpu 0000:01:00.0: firmware: direct-loading firmware amdgpu/polaris11_smc.bin
[   37.802829] input: HDA ATI HDMI HDMI/DP,pcm=3 as /devices/pci0000:00/0000:00:01.0/0000:01:00.1/sound/card1/input9
[   37.804932] (NULL device *): hwmon_device_register() is deprecated. Please convert the driver to use hwmon_device_register_with_info().
[   37.804950] ACPI: Smart Battery System [SBS0]: Battery Slot [BAT0] (battery present)
[   37.804999] snd_hda_codec_generic hdaudioC0D0: autoconfig for Generic: line_outs=2 (0x24/0x25/0x0/0x0/0x0) type:speaker
[   37.805000] snd_hda_codec_generic hdaudioC0D0:    speaker_outs=0 (0x0/0x0/0x0/0x0/0x0)
[   37.805001] snd_hda_codec_generic hdaudioC0D0:    hp_outs=1 (0x2c/0x0/0x0/0x0/0x0)
[   37.805001] snd_hda_codec_generic hdaudioC0D0:    mono: mono_out=0x0
[   37.805002] snd_hda_codec_generic hdaudioC0D0:    inputs:
[   37.805003] snd_hda_codec_generic hdaudioC0D0:      Internal Mic=0x44
[   37.805004] snd_hda_codec_generic hdaudioC0D0:      Mic=0x3c
[   37.822007] loop: module loaded
[   37.822771] amdgpu: [powerplay] 
                failed to send message 309 ret is 254 
[   37.822785] amdgpu: [powerplay] 
                failed to send pre message 14e ret is 254 
[   37.834665] [drm] ring test on 0 succeeded in 17 usecs
[   37.835709] [drm] ring test on 9 succeeded in 11 usecs
[   37.835730] [drm] ring test on 1 succeeded in 9 usecs
[   37.835784] [drm] ring test on 2 succeeded in 21 usecs
[   37.835821] [drm] ring test on 3 succeeded in 18 usecs
[   37.835857] [drm] ring test on 4 succeeded in 12 usecs
[   37.835894] [drm] ring test on 5 succeeded in 18 usecs
[   37.835931] [drm] ring test on 6 succeeded in 18 usecs
[   37.835980] [drm] ring test on 7 succeeded in 16 usecs
[   37.836013] [drm] ring test on 8 succeeded in 6 usecs
[   37.836098] [drm] ring test on 10 succeeded in 6 usecs
[   37.836106] [drm] ring test on 11 succeeded in 7 usecs
[   37.841658] squashfs: version 4.0 (2009/01/31) Phillip Lougher
[   37.847526] intel_rapl: Found RAPL domain package
[   37.847527] intel_rapl: Found RAPL domain core
[   37.847527] intel_rapl: Found RAPL domain uncore
[   37.847528] intel_rapl: Found RAPL domain dram
[   37.856687] applesmc: key=862 fan=2 temp=46 index=45 acc=0 lux=0 kbd=0
[   37.856776] applesmc applesmc.768: hwmon_device_register() is deprecated. Please convert the driver to use hwmon_device_register_with_info().
[   37.873899] EXT4-fs (nvme0n1p4): mounted filesystem with ordered data mode. Opts: (null)
[   37.883016] [drm] ring test on 12 succeeded in 1 usecs
[   37.885048] [drm] ring test on 13 succeeded in 711 usecs
[   37.885063] [drm] ring test on 14 succeeded in 4 usecs
[   37.885063] [drm] UVD and UVD ENC initialized successfully.
[   37.885317] hfsplus: write access to a journaled filesystem is not supported, use the force option at your own risk, mounting read-only.
[   37.995004] [drm] ring test on 15 succeeded in 6 usecs
[   37.995015] [drm] ring test on 16 succeeded in 3 usecs
[   37.995015] [drm] VCE initialized successfully.
[   37.995275] [drm] ib test on ring 0 succeeded
[   37.995573] [drm] ib test on ring 1 succeeded
[   37.995690] [drm] ib test on ring 2 succeeded
[   37.995803] [drm] ib test on ring 3 succeeded
[   37.995845] [drm] ib test on ring 4 succeeded
[   37.995903] [drm] ib test on ring 5 succeeded
[   37.995961] [drm] ib test on ring 6 succeeded
[   37.996088] [drm] ib test on ring 7 succeeded
[   37.996133] [drm] ib test on ring 8 succeeded
[   38.000780] input: HDA ATI HDMI HDMI/DP,pcm=7 as /devices/pci0000:00/0000:00:01.0/0000:01:00.1/sound/card1/input10
[   38.000934] input: Apple Inc. iBridge as /devices/pci0000:00/0000:00:14.0/usb1/1-3/1-3:1.2/0003:05AC:8600.0001/input/input15
[   38.000964] input: HDA ATI HDMI HDMI/DP,pcm=8 as /devices/pci0000:00/0000:00:01.0/0000:01:00.1/sound/card1/input11
[   38.044655] brcmfmac 0000:03:00.0: firmware: failed to load brcm/brcmfmac43602-pcie.clm_blob (-2)
[   38.044664] brcmfmac 0000:03:00.0: Direct firmware load for brcm/brcmfmac43602-pcie.clm_blob failed with error -2
[   38.045629] brcmfmac: brcmf_c_preinit_dcmds: Firmware version = wl0: Nov 10 2015 06:38:10 version 7.35.177.61 (r598657) FWID 01-ea662a8c
[   38.060564] apple-touchbar 0003:05AC:8600.0001: input,hidraw0: USB HID v1.01 Keyboard [Apple Inc. iBridge] on usb-0000:00:14.0-3/input2
[   38.060658] appletb: Connected to keyboard input device
[   38.060660] appletb: Connected to touchpad input device
[   38.060678] apple-touchbar 0003:05AC:8600.0001: module probe done.
[   38.060701] input: HDA ATI HDMI HDMI/DP,pcm=9 as /devices/pci0000:00/0000:00:01.0/0000:01:00.1/sound/card1/input12
[   38.060923] input: HDA ATI HDMI HDMI/DP,pcm=10 as /devices/pci0000:00/0000:00:01.0/0000:01:00.1/sound/card1/input13
[   38.061121] input: HDA ATI HDMI HDMI/DP,pcm=11 as /devices/pci0000:00/0000:00:01.0/0000:01:00.1/sound/card1/input14
[   38.097471] brcmfmac 0000:03:00.0 wlp3s0: renamed from wlan0
[   38.524196] [drm] ib test on ring 9 succeeded
[   38.524293] [drm] ib test on ring 10 succeeded
[   38.524344] [drm] ib test on ring 11 succeeded
[   38.525918] [drm] ib test on ring 12 succeeded
[   38.526425] [drm] ib test on ring 13 succeeded
[   38.526882] [drm] ib test on ring 14 succeeded
[   38.527293] [drm] ib test on ring 15 succeeded
[   38.681519] [drm] fb mappable at 0xB03F0000
[   38.681521] [drm] vram apper at 0xB0000000
[   38.681522] [drm] size 20738048
[   38.681524] [drm] fb depth is 24
[   38.681525] [drm]    pitch is 11520
[   38.684337] fbcon: amdgpudrmfb (fb0) is primary device
[   38.833172] Console: switching to colour frame buffer device 360x112
[   38.990545] amdgpu 0000:01:00.0: fb0: amdgpudrmfb frame buffer device
[   39.036357] amdgpu 0000:01:00.0: kfd not supported on this ASIC
[   39.036376] [drm] Initialized amdgpu 3.23.0 20150101 for 0000:01:00.0 on minor 0
[   39.135633] thunderbolt 0000:06:00.0: current switch config:
[   39.135639] thunderbolt 0000:06:00.0:  Switch: 8086:15d3 (Revision: 6, TB Version: 2)
[   39.135641] thunderbolt 0000:06:00.0:   Max Port Number: 11
[   39.135643] thunderbolt 0000:06:00.0:   Config:
[   39.135646] thunderbolt 0000:06:00.0:    Upstream Port Number: 5 Depth: 0 Route String: 0x0 Enabled: 1, PlugEventsDelay: 254ms
[   39.135648] thunderbolt 0000:06:00.0:    unknown1: 0x0 unknown4: 0x0
[   39.175394] thunderbolt 0000:06:00.0: 0: uid: 0x1840b80a8f100
[   39.176843] thunderbolt 0000:06:00.0:  Port 0: 8086:15d3 (Revision: 6, TB Version: 1, Type: Port (0x1))
[   39.176846] thunderbolt 0000:06:00.0:   Max hop id (in/out): 7/7
[   39.176848] thunderbolt 0000:06:00.0:   Max counters: 8
[   39.176850] thunderbolt 0000:06:00.0:   NFC Credits: 0x800000
[   39.177335] thunderbolt 0000:06:00.0:  Port 1: 8086:15d3 (Revision: 6, TB Version: 1, Type: Port (0x1))
[   39.177337] thunderbolt 0000:06:00.0:   Max hop id (in/out): 15/15
[   39.177339] thunderbolt 0000:06:00.0:   Max counters: 16
[   39.177341] thunderbolt 0000:06:00.0:   NFC Credits: 0x3c00000
[   39.177825] thunderbolt 0000:06:00.0:  Port 2: 8086:15d3 (Revision: 6, TB Version: 1, Type: Port (0x1))
[   39.177828] thunderbolt 0000:06:00.0:   Max hop id (in/out): 15/15
[   39.177830] thunderbolt 0000:06:00.0:   Max counters: 16
[   39.177832] thunderbolt 0000:06:00.0:   NFC Credits: 0x3c00000
[   39.178371] thunderbolt 0000:06:00.0:  Port 3: 8086:15d3 (Revision: 6, TB Version: 1, Type: Port (0x1))
[   39.178374] thunderbolt 0000:06:00.0:   Max hop id (in/out): 15/15
[   39.178376] thunderbolt 0000:06:00.0:   Max counters: 16
[   39.178378] thunderbolt 0000:06:00.0:   NFC Credits: 0x3c00000
[   39.178907] thunderbolt 0000:06:00.0:  Port 4: 8086:15d3 (Revision: 6, TB Version: 1, Type: Port (0x1))
[   39.178909] thunderbolt 0000:06:00.0:   Max hop id (in/out): 15/15
[   39.178911] thunderbolt 0000:06:00.0:   Max counters: 16
[   39.178913] thunderbolt 0000:06:00.0:   NFC Credits: 0x3c00000
[   39.179026] thunderbolt 0000:06:00.0:  Port 5: 8086:15d3 (Revision: 6, TB Version: 1, Type: NHI (0x2))
[   39.179028] thunderbolt 0000:06:00.0:   Max hop id (in/out): 11/11
[   39.179030] thunderbolt 0000:06:00.0:   Max counters: 16
[   39.179032] thunderbolt 0000:06:00.0:   NFC Credits: 0x1000000
[   39.179135] thunderbolt 0000:06:00.0:  Port 6: 8086:15d3 (Revision: 6, TB Version: 1, Type: PCIe (0x100101))
[   39.179137] thunderbolt 0000:06:00.0:   Max hop id (in/out): 8/8
[   39.179139] thunderbolt 0000:06:00.0:   Max counters: 2
[   39.179141] thunderbolt 0000:06:00.0:   NFC Credits: 0x800000
[   39.179262] thunderbolt 0000:06:00.0:  Port 7: 8086:15d3 (Revision: 6, TB Version: 1, Type: PCIe (0x100101))
[   39.179264] thunderbolt 0000:06:00.0:   Max hop id (in/out): 8/8
[   39.179265] thunderbolt 0000:06:00.0:   Max counters: 2
[   39.179267] thunderbolt 0000:06:00.0:   NFC Credits: 0x800000
[   39.179409] thunderbolt 0000:06:00.0:  Port 8: 8086:15d3 (Revision: 6, TB Version: 1, Type: DP/HDMI (0xe0102))
[   39.179412] thunderbolt 0000:06:00.0:   Max hop id (in/out): 9/9
[   39.179414] thunderbolt 0000:06:00.0:   Max counters: 2
[   39.179416] thunderbolt 0000:06:00.0:   NFC Credits: 0x800000
[   39.179485] thunderbolt 0000:06:00.0:  Port 9: 8086:15d3 (Revision: 6, TB Version: 1, Type: DP/HDMI (0xe0101))
[   39.179487] thunderbolt 0000:06:00.0:   Max hop id (in/out): 9/9
[   39.179489] thunderbolt 0000:06:00.0:   Max counters: 2
[   39.179491] thunderbolt 0000:06:00.0:   NFC Credits: 0x1000000
[   39.179665] thunderbolt 0000:06:00.0:  Port 10: 8086:15d3 (Revision: 6, TB Version: 1, Type: DP/HDMI (0xe0101))
[   39.179668] thunderbolt 0000:06:00.0:   Max hop id (in/out): 9/9
[   39.179670] thunderbolt 0000:06:00.0:   Max counters: 2
[   39.179672] thunderbolt 0000:06:00.0:   NFC Credits: 0x1000000
[   39.179817] thunderbolt 0000:06:00.0:  Port 11: 8086:15d3 (Revision: 6, TB Version: 1, Type: DP/HDMI (0xe0102))
[   39.179819] thunderbolt 0000:06:00.0:   Max hop id (in/out): 9/9
[   39.179821] thunderbolt 0000:06:00.0:   Max counters: 2
[   39.179823] thunderbolt 0000:06:00.0:   NFC Credits: 0x800000
[   39.180590] thunderbolt 0000:7c:00.0: NHI initialized, starting thunderbolt
[   39.180597] thunderbolt 0000:7c:00.0: allocating TX ring 0 of size 10
[   39.180626] thunderbolt 0000:7c:00.0: allocating RX ring 0 of size 10
[   39.180646] thunderbolt 0000:7c:00.0: control channel created
[   39.180647] thunderbolt 0000:7c:00.0: control channel starting...
[   39.180650] thunderbolt 0000:7c:00.0: starting TX ring 0
[   39.180658] thunderbolt 0000:7c:00.0: enabling interrupt at register 0x38200 bit 0 (0x0 -> 0x1)
[   39.180660] thunderbolt 0000:7c:00.0: starting RX ring 0
[   39.180668] thunderbolt 0000:7c:00.0: enabling interrupt at register 0x38200 bit 12 (0x1 -> 0x1001)
[   39.180674] thunderbolt 0000:7c:00.0: starting ICM firmware
[   40.827612] thunderbolt 0000:7c:00.0: current switch config:
[   40.827617] thunderbolt 0000:7c:00.0:  Switch: 8086:15d3 (Revision: 6, TB Version: 2)
[   40.827619] thunderbolt 0000:7c:00.0:   Max Port Number: 11
[   40.827621] thunderbolt 0000:7c:00.0:   Config:
[   40.827624] thunderbolt 0000:7c:00.0:    Upstream Port Number: 5 Depth: 0 Route String: 0x0 Enabled: 1, PlugEventsDelay: 254ms
[   40.827627] thunderbolt 0000:7c:00.0:    unknown1: 0x0 unknown4: 0x0
[   40.867634] thunderbolt 0000:7c:00.0: 0: uid: 0x14591a8e05001
[   40.869037] thunderbolt 0000:7c:00.0:  Port 0: 8086:15d3 (Revision: 6, TB Version: 1, Type: Port (0x1))
[   40.869041] thunderbolt 0000:7c:00.0:   Max hop id (in/out): 7/7
[   40.869042] thunderbolt 0000:7c:00.0:   Max counters: 8
[   40.869045] thunderbolt 0000:7c:00.0:   NFC Credits: 0x800000
[   40.869615] thunderbolt 0000:7c:00.0:  Port 1: 8086:15d3 (Revision: 6, TB Version: 1, Type: Port (0x1))
[   40.869619] thunderbolt 0000:7c:00.0:   Max hop id (in/out): 15/15
[   40.869621] thunderbolt 0000:7c:00.0:   Max counters: 16
[   40.869623] thunderbolt 0000:7c:00.0:   NFC Credits: 0x3c00000
[   40.870063] thunderbolt 0000:7c:00.0:  Port 2: 8086:15d3 (Revision: 6, TB Version: 1, Type: Port (0x1))
[   40.870066] thunderbolt 0000:7c:00.0:   Max hop id (in/out): 15/15
[   40.870068] thunderbolt 0000:7c:00.0:   Max counters: 16
[   40.870070] thunderbolt 0000:7c:00.0:   NFC Credits: 0x3c00000
[   40.870631] thunderbolt 0000:7c:00.0:  Port 3: 8086:15d3 (Revision: 6, TB Version: 1, Type: Port (0x1))
[   40.870633] thunderbolt 0000:7c:00.0:   Max hop id (in/out): 15/15
[   40.870635] thunderbolt 0000:7c:00.0:   Max counters: 16
[   40.870637] thunderbolt 0000:7c:00.0:   NFC Credits: 0x3c00000
[   40.871083] thunderbolt 0000:7c:00.0:  Port 4: 8086:15d3 (Revision: 6, TB Version: 1, Type: Port (0x1))
[   40.871085] thunderbolt 0000:7c:00.0:   Max hop id (in/out): 15/15
[   40.871087] thunderbolt 0000:7c:00.0:   Max counters: 16
[   40.871088] thunderbolt 0000:7c:00.0:   NFC Credits: 0x3c00000
[   40.871308] thunderbolt 0000:7c:00.0:  Port 5: 8086:15d3 (Revision: 6, TB Version: 1, Type: NHI (0x2))
[   40.871311] thunderbolt 0000:7c:00.0:   Max hop id (in/out): 11/11
[   40.871313] thunderbolt 0000:7c:00.0:   Max counters: 16
[   40.871315] thunderbolt 0000:7c:00.0:   NFC Credits: 0x1000000
[   40.871434] thunderbolt 0000:7c:00.0:  Port 6: 8086:15d3 (Revision: 6, TB Version: 1, Type: PCIe (0x100101))
[   40.871437] thunderbolt 0000:7c:00.0:   Max hop id (in/out): 8/8
[   40.871439] thunderbolt 0000:7c:00.0:   Max counters: 2
[   40.871441] thunderbolt 0000:7c:00.0:   NFC Credits: 0x800000
[   40.871563] thunderbolt 0000:7c:00.0:  Port 7: 8086:15d3 (Revision: 6, TB Version: 1, Type: PCIe (0x100101))
[   40.871566] thunderbolt 0000:7c:00.0:   Max hop id (in/out): 8/8
[   40.871567] thunderbolt 0000:7c:00.0:   Max counters: 2
[   40.871569] thunderbolt 0000:7c:00.0:   NFC Credits: 0x800000
[   40.871652] thunderbolt 0000:7c:00.0:  Port 8: 8086:15d3 (Revision: 6, TB Version: 1, Type: DP/HDMI (0xe0102))
[   40.871654] thunderbolt 0000:7c:00.0:   Max hop id (in/out): 9/9
[   40.871656] thunderbolt 0000:7c:00.0:   Max counters: 2
[   40.871657] thunderbolt 0000:7c:00.0:   NFC Credits: 0x800000
[   40.871753] thunderbolt 0000:7c:00.0:  Port 9: 8086:15d3 (Revision: 6, TB Version: 1, Type: DP/HDMI (0xe0101))
[   40.871755] thunderbolt 0000:7c:00.0:   Max hop id (in/out): 9/9
[   40.871756] thunderbolt 0000:7c:00.0:   Max counters: 2
[   40.871758] thunderbolt 0000:7c:00.0:   NFC Credits: 0x1000000
[   40.871881] thunderbolt 0000:7c:00.0:  Port 10: 8086:15d3 (Revision: 6, TB Version: 1, Type: DP/HDMI (0xe0101))
[   40.871882] thunderbolt 0000:7c:00.0:   Max hop id (in/out): 9/9
[   40.871884] thunderbolt 0000:7c:00.0:   Max counters: 2
[   40.871886] thunderbolt 0000:7c:00.0:   NFC Credits: 0x1000000
[   40.872029] thunderbolt 0000:7c:00.0:  Port 11: 8086:15d3 (Revision: 6, TB Version: 1, Type: DP/HDMI (0xe0102))
[   40.872031] thunderbolt 0000:7c:00.0:   Max hop id (in/out): 9/9
[   40.872033] thunderbolt 0000:7c:00.0:   Max counters: 2
[   40.872034] thunderbolt 0000:7c:00.0:   NFC Credits: 0x800000
[   40.953107] audit: type=1400 audit(1518358565.562:2): apparmor="STATUS" operation="profile_load" profile="unconfined" name="libreoffice-senddoc" pid=745 comm="apparmor_parser"
[   40.953137] audit: type=1400 audit(1518358565.562:3): apparmor="STATUS" operation="profile_load" profile="unconfined" name="/usr/lib/ipsec/stroke" pid=743 comm="apparmor_parser"
[   40.953382] audit: type=1400 audit(1518358565.562:4): apparmor="STATUS" operation="profile_load" profile="unconfined" name="libreoffice-oopslash" pid=744 comm="apparmor_parser"
[   40.953700] audit: type=1400 audit(1518358565.562:5): apparmor="STATUS" operation="profile_load" profile="unconfined" name="/usr/bin/man" pid=741 comm="apparmor_parser"
[   40.953702] audit: type=1400 audit(1518358565.562:6): apparmor="STATUS" operation="profile_load" profile="unconfined" name="/usr/bin/man//filter" pid=741 comm="apparmor_parser"
[   40.953704] audit: type=1400 audit(1518358565.562:7): apparmor="STATUS" operation="profile_load" profile="unconfined" name="/usr/bin/man//groff" pid=741 comm="apparmor_parser"
[   40.953867] audit: type=1400 audit(1518358565.562:8): apparmor="STATUS" operation="profile_load" profile="unconfined" name="/snap/core/3887/usr/lib/snapd/snap-confine" pid=739 comm="apparmor_parser"
[   40.953869] audit: type=1400 audit(1518358565.562:9): apparmor="STATUS" operation="profile_load" profile="unconfined" name="/snap/core/3887/usr/lib/snapd/snap-confine//mount-namespace-capture-helper" pid=739 comm="apparmor_parser"
[   40.953870] audit: type=1400 audit(1518358565.562:10): apparmor="STATUS" operation="profile_load" profile="unconfined" name="/snap/core/3887/usr/lib/snapd/snap-confine//snap_update_ns" pid=739 comm="apparmor_parser"
[   40.954274] audit: type=1400 audit(1518358565.562:11): apparmor="STATUS" operation="profile_load" profile="unconfined" name="libreoffice-xpdfimport" pid=747 comm="apparmor_parser"
[   41.454036] IPv6: ADDRCONF(NETDEV_UP): wlp3s0: link is not ready
[   41.503272] IPv6: ADDRCONF(NETDEV_UP): wlp3s0: link is not ready
[   42.047689] IPv6: ADDRCONF(NETDEV_UP): wlp3s0: link is not ready
[   42.184210] brcmfmac: brcmf_p2p_create_p2pdev: set p2p_disc error
[   42.187851] brcmfmac: brcmf_cfg80211_add_iface: add iface p2p-dev-wlp3s0 type 10 failed: err=-16
[   42.193033] IPv6: ADDRCONF(NETDEV_UP): wlp3s0: link is not ready
[   42.716587] NET: Registered protocol family 15
[   42.719424] PPP generic driver version 2.4.2
[   42.719811] NET: Registered protocol family 24
[   42.722597] vboxdrv: Found 8 processor cores
[   42.723550] l2tp_core: L2TP core driver, V2.0
[   42.724096] l2tp_netlink: L2TP netlink interface
[   42.724720] l2tp_ppp: PPPoL2TP kernel driver, V2.0
[   42.732060] Initializing XFRM netlink socket
[   42.740454] vboxdrv: TSC mode is Invariant, tentative frequency 3095988802 Hz
[   42.740455] vboxdrv: Successfully loaded version 5.2.6_Debian (interface 0x00290000)
[   42.744866] VBoxNetFlt: Successfully started.
[   42.749317] VBoxNetAdp: Successfully started.
[   42.753691] VBoxPciLinuxInit
[   42.754491] vboxpci: IOMMU not found (not registered)
[   59.286790] fuse init (API version 7.26)
[  122.704041] usb 1-5: new high-speed USB device number 3 using xhci_hcd
[  122.853204] usb 1-5: New USB device found, idVendor=04e8, idProduct=6860
[  122.853208] usb 1-5: New USB device strings: Mfr=1, Product=2, SerialNumber=3
[  122.853211] usb 1-5: Product: SAMSUNG_Android
[  122.853213] usb 1-5: Manufacturer: SAMSUNG
[  122.853215] usb 1-5: SerialNumber: 41009a1ee4499115
[  122.892938] cdc_acm 1-5:1.1: ttyACM0: USB ACM device
[  122.893145] usbcore: registered new interface driver cdc_acm
[  122.893145] cdc_acm: USB Abstract Control Model driver for USB modems and ISDN adapters
[  130.282691] usb 1-5: USB disconnect, device number 3
[  130.282763] cdc_acm 1-5:1.2: urb 4 failed submission with -19
[  130.282795] cdc_acm 1-5:1.2: urb 5 failed submission with -19
[  130.282841] cdc_acm 1-5:1.2: urb 6 failed submission with -19
[  130.282922] cdc_acm 1-5:1.2: urb 7 failed submission with -19
[  130.282961] cdc_acm 1-5:1.2: urb 8 failed submission with -19
[  130.283044] cdc_acm 1-5:1.2: urb 9 failed submission with -19
[  130.283099] cdc_acm 1-5:1.2: urb 10 failed submission with -19
[  130.283193] cdc_acm 1-5:1.2: urb 11 failed submission with -19
[  130.283230] cdc_acm 1-5:1.1: failed to set dtr/rts
[  130.283254] cdc_acm 1-5:1.2: urb 12 failed submission with -19
[  130.283295] cdc_acm 1-5:1.2: urb 13 failed submission with -19
[  130.283328] cdc_acm 1-5:1.2: urb 14 failed submission with -19
[  130.283375] cdc_acm 1-5:1.2: urb 15 failed submission with -19
[  130.628038] usb 1-5: new high-speed USB device number 4 using xhci_hcd
[  130.777247] usb 1-5: New USB device found, idVendor=04e8, idProduct=6864
[  130.777251] usb 1-5: New USB device strings: Mfr=1, Product=2, SerialNumber=3
[  130.777254] usb 1-5: Product: SAMSUNG_Android
[  130.777256] usb 1-5: Manufacturer: SAMSUNG
[  130.777259] usb 1-5: SerialNumber: 41009a1ee4499115
[  130.796986] usbcore: registered new interface driver cdc_ether
[  130.798492] rndis_host 1-5:1.0 usb0: register 'rndis_host' at usb-0000:00:14.0-5, RNDIS device, da:83:9d:0c:f2:44
[  130.798513] usbcore: registered new interface driver rndis_host
