[    0.000000] microcode: microcode updated early to revision 0xd6, date = 2019-10-03
[    0.000000] Linux version 5.5.11-050511-generic (kernel@kathleen) (gcc version 9.3.0 (Ubuntu 9.3.0-3ubuntu1)) #202003210837 SMP Sat Mar 21 08:40:31 UTC 2020
[    0.000000] Command line: BOOT_IMAGE=/boot/vmlinuz-5.5.11-050511-generic root=UUID=a4e17617-b04c-4225-94aa-54075e40190a ro quiet splash vt.handoff=1
[    0.000000] KERNEL supported cpus:
[    0.000000]   Intel GenuineIntel
[    0.000000]   AMD AuthenticAMD
[    0.000000]   Hygon HygonGenuine
[    0.000000]   Centaur CentaurHauls
[    0.000000]   zhaoxin   Shanghai  
[    0.000000] x86/fpu: Supporting XSAVE feature 0x001: 'x87 floating point registers'
[    0.000000] x86/fpu: Supporting XSAVE feature 0x002: 'SSE registers'
[    0.000000] x86/fpu: Supporting XSAVE feature 0x004: 'AVX registers'
[    0.000000] x86/fpu: Supporting XSAVE feature 0x008: 'MPX bounds registers'
[    0.000000] x86/fpu: Supporting XSAVE feature 0x010: 'MPX CSR'
[    0.000000] x86/fpu: xstate_offset[2]:  576, xstate_sizes[2]:  256
[    0.000000] x86/fpu: xstate_offset[3]:  832, xstate_sizes[3]:   64
[    0.000000] x86/fpu: xstate_offset[4]:  896, xstate_sizes[4]:   64
[    0.000000] x86/fpu: Enabled xstate features 0x1f, context size is 960 bytes, using 'compacted' format.
[    0.000000] BIOS-provided physical RAM map:
[    0.000000] BIOS-e820: [mem 0x0000000000000000-0x0000000000057fff] usable
[    0.000000] BIOS-e820: [mem 0x0000000000058000-0x0000000000058fff] reserved
[    0.000000] BIOS-e820: [mem 0x0000000000059000-0x000000000009dfff] usable
[    0.000000] BIOS-e820: [mem 0x000000000009e000-0x00000000000fffff] reserved
[    0.000000] BIOS-e820: [mem 0x0000000000100000-0x0000000074021fff] usable
[    0.000000] BIOS-e820: [mem 0x0000000074022000-0x0000000074373fff] reserved
[    0.000000] BIOS-e820: [mem 0x0000000074374000-0x0000000074e04fff] usable
[    0.000000] BIOS-e820: [mem 0x0000000074e05000-0x0000000074e05fff] ACPI NVS
[    0.000000] BIOS-e820: [mem 0x0000000074e06000-0x0000000074e4ffff] reserved
[    0.000000] BIOS-e820: [mem 0x0000000074e50000-0x000000007507dfff] usable
[    0.000000] BIOS-e820: [mem 0x000000007507e000-0x000000007507efff] reserved
[    0.000000] BIOS-e820: [mem 0x000000007507f000-0x000000007ac7efff] usable
[    0.000000] BIOS-e820: [mem 0x000000007ac7f000-0x000000007af4efff] reserved
[    0.000000] BIOS-e820: [mem 0x000000007af4f000-0x000000007af9efff] ACPI NVS
[    0.000000] BIOS-e820: [mem 0x000000007af9f000-0x000000007affefff] ACPI data
[    0.000000] BIOS-e820: [mem 0x000000007afff000-0x000000007affffff] usable
[    0.000000] BIOS-e820: [mem 0x000000007b000000-0x000000007fffffff] reserved
[    0.000000] BIOS-e820: [mem 0x00000000e00fa000-0x00000000e00fafff] reserved
[    0.000000] BIOS-e820: [mem 0x00000000e00fd000-0x00000000e00fdfff] reserved
[    0.000000] BIOS-e820: [mem 0x00000000fe000000-0x00000000fe010fff] reserved
[    0.000000] BIOS-e820: [mem 0x00000000ff939000-0x00000000ff968fff] reserved
[    0.000000] BIOS-e820: [mem 0x0000000100000000-0x000000047effffff] usable
[    0.000000] NX (Execute Disable) protection: active
[    0.000000] e820: update [mem 0x7397c018-0x7398a857] usable ==> usable
[    0.000000] e820: update [mem 0x7397c018-0x7398a857] usable ==> usable
[    0.000000] e820: update [mem 0x7396a018-0x7397b70d] usable ==> usable
[    0.000000] e820: update [mem 0x7396a018-0x7397b70d] usable ==> usable
[    0.000000] extended physical RAM map:
[    0.000000] reserve setup_data: [mem 0x0000000000000000-0x0000000000057fff] usable
[    0.000000] reserve setup_data: [mem 0x0000000000058000-0x0000000000058fff] reserved
[    0.000000] reserve setup_data: [mem 0x0000000000059000-0x000000000009dfff] usable
[    0.000000] reserve setup_data: [mem 0x000000000009e000-0x00000000000fffff] reserved
[    0.000000] reserve setup_data: [mem 0x0000000000100000-0x000000007396a017] usable
[    0.000000] reserve setup_data: [mem 0x000000007396a018-0x000000007397b70d] usable
[    0.000000] reserve setup_data: [mem 0x000000007397b70e-0x000000007397c017] usable
[    0.000000] reserve setup_data: [mem 0x000000007397c018-0x000000007398a857] usable
[    0.000000] reserve setup_data: [mem 0x000000007398a858-0x0000000074021fff] usable
[    0.000000] reserve setup_data: [mem 0x0000000074022000-0x0000000074373fff] reserved
[    0.000000] reserve setup_data: [mem 0x0000000074374000-0x0000000074e04fff] usable
[    0.000000] reserve setup_data: [mem 0x0000000074e05000-0x0000000074e05fff] ACPI NVS
[    0.000000] reserve setup_data: [mem 0x0000000074e06000-0x0000000074e4ffff] reserved
[    0.000000] reserve setup_data: [mem 0x0000000074e50000-0x000000007507dfff] usable
[    0.000000] reserve setup_data: [mem 0x000000007507e000-0x000000007507efff] reserved
[    0.000000] reserve setup_data: [mem 0x000000007507f000-0x000000007ac7efff] usable
[    0.000000] reserve setup_data: [mem 0x000000007ac7f000-0x000000007af4efff] reserved
[    0.000000] reserve setup_data: [mem 0x000000007af4f000-0x000000007af9efff] ACPI NVS
[    0.000000] reserve setup_data: [mem 0x000000007af9f000-0x000000007affefff] ACPI data
[    0.000000] reserve setup_data: [mem 0x000000007afff000-0x000000007affffff] usable
[    0.000000] reserve setup_data: [mem 0x000000007b000000-0x000000007fffffff] reserved
[    0.000000] reserve setup_data: [mem 0x00000000e00fa000-0x00000000e00fafff] reserved
[    0.000000] reserve setup_data: [mem 0x00000000e00fd000-0x00000000e00fdfff] reserved
[    0.000000] reserve setup_data: [mem 0x00000000fe000000-0x00000000fe010fff] reserved
[    0.000000] reserve setup_data: [mem 0x00000000ff939000-0x00000000ff968fff] reserved
[    0.000000] reserve setup_data: [mem 0x0000000100000000-0x000000047effffff] usable
[    0.000000] efi: EFI v2.40 by Apple
[    0.000000] efi:  ACPI=0x7affe000  ACPI 2.0=0x7affe014  SMBIOS=0x7aeff000  SMBIOS 3.0=0x7aefd000 
[    0.000000] SMBIOS 3.0.0 present.
[    0.000000] DMI: Apple Inc. MacBookPro13,3/Mac-A5C67F76ED83108C, BIOS 263.0.0.0.0 10/30/2019
[    0.000000] tsc: Detected 2900.000 MHz processor
[    0.001065] tsc: Detected 2899.886 MHz TSC
[    0.001065] e820: update [mem 0x00000000-0x00000fff] usable ==> reserved
[    0.001066] e820: remove [mem 0x000a0000-0x000fffff] usable
[    0.001072] last_pfn = 0x47f000 max_arch_pfn = 0x400000000
[    0.001074] MTRR default type: write-back
[    0.001075] MTRR fixed ranges enabled:
[    0.001076]   00000-9FFFF write-back
[    0.001077]   A0000-BFFFF uncachable
[    0.001077]   C0000-DFFFF write-protect
[    0.001078]   E0000-FFFFF uncachable
[    0.001078] MTRR variable ranges enabled:
[    0.001079]   0 base 0080000000 mask 7F80000000 uncachable
[    0.001080]   1 base 007C000000 mask 7FFC000000 uncachable
[    0.001080]   2 base 007B000000 mask 7FFF000000 uncachable
[    0.001081]   3 base 4000000000 mask 4000000000 uncachable
[    0.001082]   4 disabled
[    0.001082]   5 disabled
[    0.001082]   6 disabled
[    0.001082]   7 disabled
[    0.001083]   8 disabled
[    0.001083]   9 disabled
[    0.001381] x86/PAT: Configuration [0-7]: WB  WC  UC- UC  WB  WP  UC- WT  
[    0.001504] last_pfn = 0x7b000 max_arch_pfn = 0x400000000
[    0.012514] check: Scanning 1 areas for low memory corruption
[    0.012529] Using GB pages for direct mapping
[    0.012531] BRK [0x263001000, 0x263001fff] PGTABLE
[    0.012532] BRK [0x263002000, 0x263002fff] PGTABLE
[    0.012533] BRK [0x263003000, 0x263003fff] PGTABLE
[    0.012557] BRK [0x263004000, 0x263004fff] PGTABLE
[    0.012558] BRK [0x263005000, 0x263005fff] PGTABLE
[    0.012631] BRK [0x263006000, 0x263006fff] PGTABLE
[    0.012650] BRK [0x263007000, 0x263007fff] PGTABLE
[    0.012693] BRK [0x263008000, 0x263008fff] PGTABLE
[    0.012718] BRK [0x263009000, 0x263009fff] PGTABLE
[    0.012750] BRK [0x26300a000, 0x26300afff] PGTABLE
[    0.012800] BRK [0x26300b000, 0x26300bfff] PGTABLE
[    0.012837] BRK [0x26300c000, 0x26300cfff] PGTABLE
[    0.012862] Secure boot disabled
[    0.012863] RAMDISK: [mem 0x3c06c000-0x3fffdfff]
[    0.012879] ACPI: Early table checksum verification disabled
[    0.012881] ACPI: RSDP 0x000000007AFFE014 000024 (v02 APPLE )
[    0.012884] ACPI: XSDT 0x000000007AFC6188 0000D4 (v01 APPLE  Apple00  00000000      01000013)
[    0.012888] ACPI: FACP 0x000000007AFF8000 0000F4 (v05 APPLE  Apple00  00000000 Loki 0000005F)
[    0.012891] ACPI: DSDT 0x000000007AFEB000 0086AB (v02 APPLE  MacBookP 00150001 INTL 20140424)
[    0.012893] ACPI: FACS 0x000000007AF9B000 000040
[    0.012895] ACPI: UEFI 0x000000007AF9D000 000042 (v01 INTEL  EDK2     00000002      01000013)
[    0.012897] ACPI: ECDT 0x000000007AFFA000 000053 (v01 APPLE  Apple00  00000001 Loki 0000005F)
[    0.012899] ACPI: HPET 0x000000007AFF7000 000038 (v01 APPLE  Apple00  00000001 Loki 0000005F)
[    0.012901] ACPI: APIC 0x000000007AFF6000 0000BC (v02 APPLE  Apple00  00000001 Loki 0000005F)
[    0.012903] ACPI: MCFG 0x000000007AFF5000 00003C (v01 APPLE  Apple00  00000001 Loki 0000005F)
[    0.012904] ACPI: SBST 0x000000007AFF4000 000030 (v01 APPLE  Apple00  00000001 Loki 0000005F)
[    0.012906] ACPI: SSDT 0x000000007AFEA000 000024 (v01 APPLE  SmcDppt  00001000 INTL 20140424)
[    0.012908] ACPI: SSDT 0x000000007AFE9000 0007FD (v02 APPLE  PEG0GFX0 00001000 INTL 20140424)
[    0.012910] ACPI: SSDT 0x000000007AFE8000 000024 (v01 APPLE  PEG0SSD0 00001000 INTL 20140424)
[    0.012912] ACPI: SSDT 0x000000007AFE5000 000031 (v01 APPLE  SsdtS3   00001000 INTL 20140424)
[    0.012914] ACPI: SSDT 0x000000007AFE4000 0000DD (v01 APPLE  SataAhci 00001000 INTL 20140424)
[    0.012916] ACPI: SSDT 0x000000007AFE3000 0000B8 (v01 APPLE  Sdxc     00001000 INTL 20140424)
[    0.012918] ACPI: SSDT 0x000000007AFCE000 00996E (v02 APPLE  TbtPEG12 00001000 INTL 20140424)
[    0.012920] ACPI: SSDT 0x000000007AFCD000 000C97 (v02 APPLE  Xhci     00001000 INTL 20140424)
[    0.012922] ACPI: SSDT 0x000000007AFCC000 000612 (v02 PmRef  Cpu0Ist  00003000 INTL 20140424)
[    0.012924] ACPI: SSDT 0x000000007AFCB000 0005AA (v02 PmRef  ApIst    00003000 INTL 20140424)
[    0.012925] ACPI: SSDT 0x000000007AFCA000 000295 (v02 PmRef  Cpu0Cst  00003001 INTL 20140424)
[    0.012927] ACPI: SSDT 0x000000007AFC9000 000119 (v02 PmRef  ApCst    00003000 INTL 20140424)
[    0.012929] ACPI: SSDT 0x000000007AFC8000 000EEF (v02 CpuRef CpuSsdt  00003000 INTL 20140424)
[    0.012931] ACPI: DMAR 0x000000007AFC7000 000160 (v01 APPLE  SKL      00000001 INTL 00000001)
[    0.012933] ACPI: VFCT 0x000000007AFB7000 00E884 (v01 APPLE  Apple00  00000001 AMD  31504F47)
[    0.012938] ACPI: DMI detected to setup _OSI("Darwin"): Apple hardware
[    0.012940] ACPI: Local APIC address 0xfee00000
[    0.013212] No NUMA configuration found
[    0.013212] Faking a node at [mem 0x0000000000000000-0x000000047effffff]
[    0.013221] NODE_DATA(0) allocated [mem 0x47efd6000-0x47effffff]
[    0.013386] Zone ranges:
[    0.013387]   DMA      [mem 0x0000000000001000-0x0000000000ffffff]
[    0.013388]   DMA32    [mem 0x0000000001000000-0x00000000ffffffff]
[    0.013388]   Normal   [mem 0x0000000100000000-0x000000047effffff]
[    0.013389]   Device   empty
[    0.013390] Movable zone start for each node
[    0.013392] Early memory node ranges
[    0.013393]   node   0: [mem 0x0000000000001000-0x0000000000057fff]
[    0.013393]   node   0: [mem 0x0000000000059000-0x000000000009dfff]
[    0.013394]   node   0: [mem 0x0000000000100000-0x0000000074021fff]
[    0.013394]   node   0: [mem 0x0000000074374000-0x0000000074e04fff]
[    0.013395]   node   0: [mem 0x0000000074e50000-0x000000007507dfff]
[    0.013395]   node   0: [mem 0x000000007507f000-0x000000007ac7efff]
[    0.013395]   node   0: [mem 0x000000007afff000-0x000000007affffff]
[    0.013396]   node   0: [mem 0x0000000100000000-0x000000047effffff]
[    0.013574] Zeroed struct page in unavailable ranges: 26498 pages
[    0.013575] Initmem setup node 0 [mem 0x0000000000001000-0x000000047effffff]
[    0.013576] On node 0 totalpages: 4167806
[    0.013576]   DMA zone: 64 pages used for memmap
[    0.013577]   DMA zone: 21 pages reserved
[    0.013577]   DMA zone: 3996 pages, LIFO batch:0
[    0.013616]   DMA32 zone: 7780 pages used for memmap
[    0.013617]   DMA32 zone: 497890 pages, LIFO batch:63
[    0.020639]   Normal zone: 57280 pages used for memmap
[    0.020639]   Normal zone: 3665920 pages, LIFO batch:63
[    0.054252] ACPI: PM-Timer IO Port: 0x1808
[    0.054253] ACPI: Local APIC address 0xfee00000
[    0.054258] ACPI: LAPIC_NMI (acpi_id[0x01] high edge lint[0x1])
[    0.054259] ACPI: LAPIC_NMI (acpi_id[0x02] high edge lint[0x1])
[    0.054259] ACPI: LAPIC_NMI (acpi_id[0x03] high edge lint[0x1])
[    0.054259] ACPI: LAPIC_NMI (acpi_id[0x04] high edge lint[0x1])
[    0.054260] ACPI: LAPIC_NMI (acpi_id[0x05] high edge lint[0x1])
[    0.054260] ACPI: LAPIC_NMI (acpi_id[0x06] high edge lint[0x1])
[    0.054261] ACPI: LAPIC_NMI (acpi_id[0x07] high edge lint[0x1])
[    0.054261] ACPI: LAPIC_NMI (acpi_id[0x08] high edge lint[0x1])
[    0.054296] IOAPIC[0]: apic_id 2, version 32, address 0xfec00000, GSI 0-23
[    0.054298] ACPI: INT_SRC_OVR (bus 0 bus_irq 0 global_irq 2 dfl dfl)
[    0.054299] ACPI: INT_SRC_OVR (bus 0 bus_irq 9 global_irq 9 high level)
[    0.054300] ACPI: IRQ0 used by override.
[    0.054300] ACPI: IRQ9 used by override.
[    0.054302] Using ACPI (MADT) for SMP configuration information
[    0.054303] ACPI: HPET id: 0x8086a201 base: 0xfed00000
[    0.054305] smpboot: Allowing 8 CPUs, 0 hotplug CPUs
[    0.054319] PM: Registered nosave memory: [mem 0x00000000-0x00000fff]
[    0.054320] PM: Registered nosave memory: [mem 0x00058000-0x00058fff]
[    0.054321] PM: Registered nosave memory: [mem 0x0009e000-0x000fffff]
[    0.054322] PM: Registered nosave memory: [mem 0x7396a000-0x7396afff]
[    0.054323] PM: Registered nosave memory: [mem 0x7397b000-0x7397bfff]
[    0.054324] PM: Registered nosave memory: [mem 0x7397c000-0x7397cfff]
[    0.054325] PM: Registered nosave memory: [mem 0x7398a000-0x7398afff]
[    0.054326] PM: Registered nosave memory: [mem 0x74022000-0x74373fff]
[    0.054327] PM: Registered nosave memory: [mem 0x74e05000-0x74e05fff]
[    0.054327] PM: Registered nosave memory: [mem 0x74e06000-0x74e4ffff]
[    0.054328] PM: Registered nosave memory: [mem 0x7507e000-0x7507efff]
[    0.054329] PM: Registered nosave memory: [mem 0x7ac7f000-0x7af4efff]
[    0.054330] PM: Registered nosave memory: [mem 0x7af4f000-0x7af9efff]
[    0.054330] PM: Registered nosave memory: [mem 0x7af9f000-0x7affefff]
[    0.054331] PM: Registered nosave memory: [mem 0x7b000000-0x7fffffff]
[    0.054332] PM: Registered nosave memory: [mem 0x80000000-0xe00f9fff]
[    0.054332] PM: Registered nosave memory: [mem 0xe00fa000-0xe00fafff]
[    0.054332] PM: Registered nosave memory: [mem 0xe00fb000-0xe00fcfff]
[    0.054333] PM: Registered nosave memory: [mem 0xe00fd000-0xe00fdfff]
[    0.054333] PM: Registered nosave memory: [mem 0xe00fe000-0xfdffffff]
[    0.054333] PM: Registered nosave memory: [mem 0xfe000000-0xfe010fff]
[    0.054334] PM: Registered nosave memory: [mem 0xfe011000-0xff938fff]
[    0.054334] PM: Registered nosave memory: [mem 0xff939000-0xff968fff]
[    0.054334] PM: Registered nosave memory: [mem 0xff969000-0xffffffff]
[    0.054336] [mem 0x80000000-0xe00f9fff] available for PCI devices
[    0.054336] Booting paravirtualized kernel on bare hardware
[    0.054339] clocksource: refined-jiffies: mask: 0xffffffff max_cycles: 0xffffffff, max_idle_ns: 7645519600211568 ns
[    0.054343] setup_percpu: NR_CPUS:8192 nr_cpumask_bits:8 nr_cpu_ids:8 nr_node_ids:1
[    0.054469] percpu: Embedded 57 pages/cpu s196608 r8192 d28672 u262144
[    0.054474] pcpu-alloc: s196608 r8192 d28672 u262144 alloc=1*2097152
[    0.054474] pcpu-alloc: [0] 0 1 2 3 4 5 6 7 
[    0.054494] Built 1 zonelists, mobility grouping on.  Total pages: 4102661
[    0.054495] Policy zone: Normal
[    0.054496] Kernel command line: BOOT_IMAGE=/boot/vmlinuz-5.5.11-050511-generic root=UUID=a4e17617-b04c-4225-94aa-54075e40190a ro quiet splash vt.handoff=1
[    0.055113] Dentry cache hash table entries: 2097152 (order: 12, 16777216 bytes, linear)
[    0.055385] Inode-cache hash table entries: 1048576 (order: 11, 8388608 bytes, linear)
[    0.055444] mem auto-init: stack:off, heap alloc:on, heap free:off
[    0.085688] Memory: 16071996K/16671224K available (14339K kernel code, 2410K rwdata, 5168K rodata, 2664K init, 5032K bss, 599228K reserved, 0K cma-reserved)
[    0.085779] SLUB: HWalign=64, Order=0-3, MinObjects=0, CPUs=8, Nodes=1
[    0.085788] Kernel/User page tables isolation: enabled
[    0.085798] ftrace: allocating 44712 entries in 175 pages
[    0.098835] ftrace: allocated 175 pages with 6 groups
[    0.098919] rcu: Hierarchical RCU implementation.
[    0.098920] rcu: 	RCU restricting CPUs from NR_CPUS=8192 to nr_cpu_ids=8.
[    0.098920] 	Tasks RCU enabled.
[    0.098921] rcu: RCU calculated value of scheduler-enlistment delay is 25 jiffies.
[    0.098921] rcu: Adjusting geometry for rcu_fanout_leaf=16, nr_cpu_ids=8
[    0.101047] NR_IRQS: 524544, nr_irqs: 488, preallocated irqs: 16
[    0.101361] random: crng done (trusting CPU's manufacturer)
[    0.101381] Console: colour dummy device 80x25
[    0.101385] printk: console [tty0] enabled
[    0.101396] ACPI: Core revision 20191018
[    0.101623] clocksource: hpet: mask: 0xffffffff max_cycles: 0xffffffff, max_idle_ns: 79635855245 ns
[    0.101694] APIC: Switch to symmetric I/O mode setup
[    0.101696] DMAR: Host address width 39
[    0.101697] DMAR: DRHD base: 0x000000fed90000 flags: 0x0
[    0.101700] DMAR: dmar0: reg_base_addr fed90000 ver 1:0 cap 1c0000c40660462 ecap 7e3ff0501e
[    0.101701] DMAR: DRHD base: 0x000000fed91000 flags: 0x1
[    0.101703] DMAR: dmar1: reg_base_addr fed91000 ver 1:0 cap d2008c40660462 ecap f050da
[    0.101704] DMAR: RMRR base: 0x0000007b800000 end: 0x0000007fffffff
[    0.101705] DMAR: ANDD device: 1 name: \_SB.PCI0.I2C0
[    0.101705] DMAR: ANDD device: 7 name: \_SB.PCI0.SPI0
[    0.101706] DMAR: ANDD device: 8 name: \_SB.PCI0.SPI1
[    0.101706] DMAR: ANDD device: 9 name: \_SB.PCI0.UA00
[    0.101706] DMAR: ANDD device: a name: \_SB.PCI0.UA01
[    0.101707] DMAR: ANDD device: b name: \_SB.PCI0.UA02
[    0.101709] DMAR-IR: IOAPIC id 2 under DRHD base  0xfed91000 IOMMU 1
[    0.101709] DMAR-IR: HPET id 0 under DRHD base 0xfed91000
[    0.101709] DMAR-IR: Queued invalidation will be enabled to support x2apic and Intr-remapping.
[    0.102215] DMAR-IR: Enabled IRQ remapping in x2apic mode
[    0.102216] x2apic enabled
[    0.102228] Switched APIC routing to cluster x2apic.
[    0.103243] ..TIMER: vector=0x30 apic1=0 pin1=2 apic2=-1 pin2=-1
[    0.121700] clocksource: tsc-early: mask: 0xffffffffffffffff max_cycles: 0x29ccd767b87, max_idle_ns: 440795223720 ns
[    0.121703] Calibrating delay loop (skipped), value calculated using timer frequency.. 5799.77 BogoMIPS (lpj=11599544)
[    0.121705] pid_max: default: 32768 minimum: 301
[    0.131210] LSM: Security Framework initializing
[    0.131218] Yama: becoming mindful.
[    0.131235] AppArmor: AppArmor initialized
[    0.131279] Mount-cache hash table entries: 32768 (order: 6, 262144 bytes, linear)
[    0.131302] Mountpoint-cache hash table entries: 32768 (order: 6, 262144 bytes, linear)
[    0.131313] *** VALIDATE tmpfs ***
[    0.131418] *** VALIDATE proc ***
[    0.131454] *** VALIDATE cgroup1 ***
[    0.131455] *** VALIDATE cgroup2 ***
[    0.131496] mce: CPU0: Thermal monitoring enabled (TM1)
[    0.131511] process: using mwait in idle threads
[    0.131513] Last level iTLB entries: 4KB 64, 2MB 8, 4MB 8
[    0.131513] Last level dTLB entries: 4KB 64, 2MB 0, 4MB 0, 1GB 4
[    0.131515] Spectre V1 : Mitigation: usercopy/swapgs barriers and __user pointer sanitization
[    0.131516] Spectre V2 : Mitigation: Full generic retpoline
[    0.131517] Spectre V2 : Spectre v2 / SpectreRSB mitigation: Filling RSB on context switch
[    0.131517] Spectre V2 : Enabling Restricted Speculation for firmware calls
[    0.131518] Spectre V2 : mitigation: Enabling conditional Indirect Branch Prediction Barrier
[    0.131518] Spectre V2 : User space: Mitigation: STIBP via seccomp and prctl
[    0.131519] Speculative Store Bypass: Mitigation: Speculative Store Bypass disabled via prctl and seccomp
[    0.131521] TAA: Mitigation: Clear CPU buffers
[    0.131522] MDS: Mitigation: Clear CPU buffers
[    0.131714] Freeing SMP alternatives memory: 36K
[    0.133281] TSC deadline timer enabled
[    0.133285] smpboot: CPU0: Intel(R) Core(TM) i7-6920HQ CPU @ 2.90GHz (family: 0x6, model: 0x5e, stepping: 0x3)
[    0.133357] Performance Events: PEBS fmt3+, Skylake events, 32-deep LBR, full-width counters, Intel PMU driver.
[    0.133361] ... version:                4
[    0.133361] ... bit width:              48
[    0.133361] ... generic registers:      4
[    0.133362] ... value mask:             0000ffffffffffff
[    0.133362] ... max period:             00007fffffffffff
[    0.133363] ... fixed-purpose events:   3
[    0.133363] ... event mask:             000000070000000f
[    0.133391] rcu: Hierarchical SRCU implementation.
[    0.133701] NMI watchdog: Enabled. Permanently consumes one hw-PMU counter.
[    0.133701] smp: Bringing up secondary CPUs ...
[    0.133701] x86: Booting SMP configuration:
[    0.133701] .... node  #0, CPUs:      #1 #2 #3 #4
[    0.135344] MDS CPU bug present and SMT on, data leak possible. See https://www.kernel.org/doc/html/latest/admin-guide/hw-vuln/mds.html for more details.
[    0.135344] TAA CPU bug present and SMT on, data leak possible. See https://www.kernel.org/doc/html/latest/admin-guide/hw-vuln/tsx_async_abort.html for more details.
[    0.135344]  #5 #6 #7
[    0.138130] smp: Brought up 1 node, 8 CPUs
[    0.138130] smpboot: Max logical packages: 1
[    0.138130] smpboot: Total of 8 processors activated (46398.17 BogoMIPS)
[    0.140297] devtmpfs: initialized
[    0.140297] x86/mm: Memory block size: 128MB
[    0.142334] PM: Registering ACPI NVS region [mem 0x74e05000-0x74e05fff] (4096 bytes)
[    0.142334] PM: Registering ACPI NVS region [mem 0x7af4f000-0x7af9efff] (327680 bytes)
[    0.142334] clocksource: jiffies: mask: 0xffffffff max_cycles: 0xffffffff, max_idle_ns: 7645041785100000 ns
[    0.142334] futex hash table entries: 2048 (order: 5, 131072 bytes, linear)
[    0.142334] pinctrl core: initialized pinctrl subsystem
[    0.142334] PM: RTC time: 18:15:32, date: 2020-06-14
[    0.142334] thermal_sys: Registered thermal governor 'fair_share'
[    0.142334] thermal_sys: Registered thermal governor 'bang_bang'
[    0.142334] thermal_sys: Registered thermal governor 'step_wise'
[    0.142334] thermal_sys: Registered thermal governor 'user_space'
[    0.142334] NET: Registered protocol family 16
[    0.142334] audit: initializing netlink subsys (disabled)
[    0.142334] audit: type=2000 audit(1592158532.044:1): state=initialized audit_enabled=0 res=1
[    0.142334] EISA bus registered
[    0.142334] cpuidle: using governor ladder
[    0.142334] cpuidle: using governor menu
[    0.142334] ACPI FADT declares the system doesn't support PCIe ASPM, so disable it
[    0.142334] ACPI: bus type PCI registered
[    0.142334] acpiphp: ACPI Hot Plug PCI Controller Driver version: 0.5
[    0.142334] PCI: MMCONFIG for domain 0000 [bus 00-ff] at [mem 0xe0000000-0xefffffff] (base 0xe0000000)
[    0.142334] PCI: not using MMCONFIG
[    0.142334] PCI: Using configuration type 1 for base access
[    0.142393] ENERGY_PERF_BIAS: Set to 'normal', was 'performance'
[    0.142521] HugeTLB registered 1.00 GiB page size, pre-allocated 0 pages
[    0.142521] HugeTLB registered 2.00 MiB page size, pre-allocated 0 pages
[    0.145757] ACPI: Disabled all _OSI OS vendors
[    0.145757] ACPI: Added _OSI(Module Device)
[    0.145758] ACPI: Added _OSI(Processor Device)
[    0.145758] ACPI: Added _OSI(3.0 _SCP Extensions)
[    0.145759] ACPI: Added _OSI(Processor Aggregator Device)
[    0.145760] ACPI: Added _OSI(Linux-Dell-Video)
[    0.145760] ACPI: Added _OSI(Linux-Lenovo-NV-HDMI-Audio)
[    0.145761] ACPI: Added _OSI(Linux-HPI-Hybrid-Graphics)
[    0.145761] ACPI: Added _OSI(Darwin)
[    0.158938] ACPI: 14 ACPI AML tables successfully acquired and loaded
[    0.159936] ACPI: EC: EC started
[    0.159936] ACPI: EC: interrupt blocked
[    0.162113] ACPI: \: Used as first EC
[    0.162114] ACPI: \: GPE=0x7, IRQ=-1, EC_CMD/EC_SC=0x66, EC_DATA=0x62
[    0.162115] ACPI: EC: Boot ECDT EC used to handle transactions
[    0.162448] ACPI: BIOS _OSI(Darwin) query honored via DMI
[    0.163301] ACPI: [Firmware Bug]: BIOS _OSI(Linux) query ignored
[    0.163844] ACPI: Dynamic OEM Table Load:
[    0.163853] ACPI Error: AE_ALREADY_EXISTS, SSDT 0xFFFF98DFECBD2800 Table is already loaded (20191018/tbdata-520)
[    0.163860] fbcon: Taking over console
[    0.163865] No Local Variables are initialized for Method [GCAP]
[    0.163865] Initialized Arguments for Method [GCAP]:  (1 arguments defined for method invocation)
[    0.163866]   Arg0:   00000000e5bc4772 <Obj>           Buffer(8) 00 00 00 00 00 10 00 00
[    0.163871] ACPI Error: Aborting method \_PR.CPU0.GCAP due to previous error (AE_ALREADY_EXISTS) (20191018/psparse-529)
[    0.163879] ACPI Error: Aborting method \_PR.CPU0._OSC due to previous error (AE_ALREADY_EXISTS) (20191018/psparse-529)
[    0.163882] ACPI: Marking method _OSC as Serialized because of AE_ALREADY_EXISTS error
[    0.164117] ACPI BIOS Error (bug): Could not resolve symbol [\_SB.OSCP], AE_NOT_FOUND (20191018/psargs-330)
[    0.164122] No Local Variables are initialized for Method [GCAP]
[    0.164123] Initialized Arguments for Method [GCAP]:  (1 arguments defined for method invocation)
[    0.164124]   Arg0:   00000000e135973b <Obj>           Buffer(8) 00 00 00 00 00 10 00 00
[    0.164127] ACPI Error: Aborting method \_PR.CPU1.GCAP due to previous error (AE_NOT_FOUND) (20191018/psparse-529)
[    0.164131] ACPI Error: Aborting method \_PR.CPU1._OSC due to previous error (AE_NOT_FOUND) (20191018/psparse-529)
[    0.164365] ACPI BIOS Error (bug): Could not resolve symbol [\_SB.OSCP], AE_NOT_FOUND (20191018/psargs-330)
[    0.164370] No Local Variables are initialized for Method [GCAP]
[    0.164370] Initialized Arguments for Method [GCAP]:  (1 arguments defined for method invocation)
[    0.164371]   Arg0:   0000000097cd46aa <Obj>           Buffer(8) 00 00 00 00 00 10 00 00
[    0.164374] ACPI Error: Aborting method \_PR.CPU2.GCAP due to previous error (AE_NOT_FOUND) (20191018/psparse-529)
[    0.164378] ACPI Error: Aborting method \_PR.CPU2._OSC due to previous error (AE_NOT_FOUND) (20191018/psparse-529)
[    0.164610] ACPI BIOS Error (bug): Could not resolve symbol [\_SB.OSCP], AE_NOT_FOUND (20191018/psargs-330)
[    0.164615] No Local Variables are initialized for Method [GCAP]
[    0.164616] Initialized Arguments for Method [GCAP]:  (1 arguments defined for method invocation)
[    0.164616]   Arg0:   00000000fd292c74 <Obj>           Buffer(8) 00 00 00 00 00 10 00 00
[    0.164619] ACPI Error: Aborting method \_PR.CPU3.GCAP due to previous error (AE_NOT_FOUND) (20191018/psparse-529)
[    0.164623] ACPI Error: Aborting method \_PR.CPU3._OSC due to previous error (AE_NOT_FOUND) (20191018/psparse-529)
[    0.164856] ACPI BIOS Error (bug): Could not resolve symbol [\_SB.OSCP], AE_NOT_FOUND (20191018/psargs-330)
[    0.164861] No Local Variables are initialized for Method [GCAP]
[    0.164862] Initialized Arguments for Method [GCAP]:  (1 arguments defined for method invocation)
[    0.164862]   Arg0:   00000000e82e118c <Obj>           Buffer(8) 00 00 00 00 00 10 00 00
[    0.164865] ACPI Error: Aborting method \_PR.CPU4.GCAP due to previous error (AE_NOT_FOUND) (20191018/psparse-529)
[    0.164869] ACPI Error: Aborting method \_PR.CPU4._OSC due to previous error (AE_NOT_FOUND) (20191018/psparse-529)
[    0.165101] ACPI BIOS Error (bug): Could not resolve symbol [\_SB.OSCP], AE_NOT_FOUND (20191018/psargs-330)
[    0.165106] No Local Variables are initialized for Method [GCAP]
[    0.165107] Initialized Arguments for Method [GCAP]:  (1 arguments defined for method invocation)
[    0.165107]   Arg0:   00000000a4616362 <Obj>           Buffer(8) 00 00 00 00 00 10 00 00
[    0.165110] ACPI Error: Aborting method \_PR.CPU5.GCAP due to previous error (AE_NOT_FOUND) (20191018/psparse-529)
[    0.165114] ACPI Error: Aborting method \_PR.CPU5._OSC due to previous error (AE_NOT_FOUND) (20191018/psparse-529)
[    0.165346] ACPI BIOS Error (bug): Could not resolve symbol [\_SB.OSCP], AE_NOT_FOUND (20191018/psargs-330)
[    0.165351] No Local Variables are initialized for Method [GCAP]
[    0.165352] Initialized Arguments for Method [GCAP]:  (1 arguments defined for method invocation)
[    0.165352]   Arg0:   00000000578c3255 <Obj>           Buffer(8) 00 00 00 00 00 10 00 00
[    0.165355] ACPI Error: Aborting method \_PR.CPU6.GCAP due to previous error (AE_NOT_FOUND) (20191018/psparse-529)
[    0.165359] ACPI Error: Aborting method \_PR.CPU6._OSC due to previous error (AE_NOT_FOUND) (20191018/psparse-529)
[    0.165591] ACPI BIOS Error (bug): Could not resolve symbol [\_SB.OSCP], AE_NOT_FOUND (20191018/psargs-330)
[    0.165596] No Local Variables are initialized for Method [GCAP]
[    0.165596] Initialized Arguments for Method [GCAP]:  (1 arguments defined for method invocation)
[    0.165597]   Arg0:   0000000012d602f1 <Obj>           Buffer(8) 00 00 00 00 00 10 00 00
[    0.165600] ACPI Error: Aborting method \_PR.CPU7.GCAP due to previous error (AE_NOT_FOUND) (20191018/psparse-529)
[    0.165604] ACPI Error: Aborting method \_PR.CPU7._OSC due to previous error (AE_NOT_FOUND) (20191018/psparse-529)
[    0.166238] ACPI: Dynamic OEM Table Load:
[    0.166242] ACPI Error: AE_ALREADY_EXISTS, SSDT 0xFFFF98DFEC77A800 Table is already loaded (20191018/tbdata-520)
[    0.166247] No Local Variables are initialized for Method [GCAP]
[    0.166248] Initialized Arguments for Method [GCAP]:  (1 arguments defined for method invocation)
[    0.166248]   Arg0:   000000002da3d9ca <Obj>           Buffer(12) 00 00 00 00 BF 0B 00 00
[    0.166252] ACPI Error: Aborting method \_PR.CPU0.GCAP due to previous error (AE_ALREADY_EXISTS) (20191018/psparse-529)
[    0.166262] ACPI Error: Aborting method \_PR.CPU0._PDC due to previous error (AE_ALREADY_EXISTS) (20191018/psparse-529)
[    0.166265] ACPI: Marking method _PDC as Serialized because of AE_ALREADY_EXISTS error
[    0.166660] ACPI: Dynamic OEM Table Load:
[    0.166665] ACPI Error: AE_ALREADY_EXISTS, SSDT 0xFFFF98DFECBD4000 Table is already loaded (20191018/tbdata-520)
[    0.166670] No Local Variables are initialized for Method [APPT]
[    0.166670] No Arguments are initialized for method [APPT]
[    0.166671] ACPI Error: Aborting method \_PR.CPU1.APPT due to previous error (AE_ALREADY_EXISTS) (20191018/psparse-529)
[    0.166680] ACPI Error: Aborting method \_PR.CPU1.GCAP due to previous error (AE_ALREADY_EXISTS) (20191018/psparse-529)
[    0.166685] ACPI Error: Aborting method \_PR.CPU1._PDC due to previous error (AE_ALREADY_EXISTS) (20191018/psparse-529)
[    0.166688] ACPI: Marking method _PDC as Serialized because of AE_ALREADY_EXISTS error
[    0.166969] ACPI BIOS Error (bug): Could not resolve symbol [\_SB.OSCP], AE_NOT_FOUND (20191018/psargs-330)
[    0.166974] No Local Variables are initialized for Method [GCAP]
[    0.166975] Initialized Arguments for Method [GCAP]:  (1 arguments defined for method invocation)
[    0.166976]   Arg0:   00000000c67c9be6 <Obj>           Buffer(12) 00 00 00 00 BF 0B 00 00
[    0.166979] ACPI Error: Aborting method \_PR.CPU2.GCAP due to previous error (AE_NOT_FOUND) (20191018/psparse-529)
[    0.166983] ACPI Error: Aborting method \_PR.CPU2._PDC due to previous error (AE_NOT_FOUND) (20191018/psparse-529)
[    0.167266] ACPI BIOS Error (bug): Could not resolve symbol [\_SB.OSCP], AE_NOT_FOUND (20191018/psargs-330)
[    0.167271] No Local Variables are initialized for Method [GCAP]
[    0.167272] Initialized Arguments for Method [GCAP]:  (1 arguments defined for method invocation)
[    0.167272]   Arg0:   00000000572bdeac <Obj>           Buffer(12) 00 00 00 00 BF 0B 00 00
[    0.167275] ACPI Error: Aborting method \_PR.CPU3.GCAP due to previous error (AE_NOT_FOUND) (20191018/psparse-529)
[    0.167279] ACPI Error: Aborting method \_PR.CPU3._PDC due to previous error (AE_NOT_FOUND) (20191018/psparse-529)
[    0.167560] ACPI BIOS Error (bug): Could not resolve symbol [\_SB.OSCP], AE_NOT_FOUND (20191018/psargs-330)
[    0.167565] No Local Variables are initialized for Method [GCAP]
[    0.167565] Initialized Arguments for Method [GCAP]:  (1 arguments defined for method invocation)
[    0.167566]   Arg0:   00000000533c20c7 <Obj>           Buffer(12) 00 00 00 00 BF 0B 00 00
[    0.167569] ACPI Error: Aborting method \_PR.CPU4.GCAP due to previous error (AE_NOT_FOUND) (20191018/psparse-529)
[    0.167573] ACPI Error: Aborting method \_PR.CPU4._PDC due to previous error (AE_NOT_FOUND) (20191018/psparse-529)
[    0.167852] ACPI BIOS Error (bug): Could not resolve symbol [\_SB.OSCP], AE_NOT_FOUND (20191018/psargs-330)
[    0.167858] No Local Variables are initialized for Method [GCAP]
[    0.167858] Initialized Arguments for Method [GCAP]:  (1 arguments defined for method invocation)
[    0.167859]   Arg0:   0000000087e9e706 <Obj>           Buffer(12) 00 00 00 00 BF 0B 00 00
[    0.167862] ACPI Error: Aborting method \_PR.CPU5.GCAP due to previous error (AE_NOT_FOUND) (20191018/psparse-529)
[    0.167866] ACPI Error: Aborting method \_PR.CPU5._PDC due to previous error (AE_NOT_FOUND) (20191018/psparse-529)
[    0.168144] ACPI BIOS Error (bug): Could not resolve symbol [\_SB.OSCP], AE_NOT_FOUND (20191018/psargs-330)
[    0.168149] No Local Variables are initialized for Method [GCAP]
[    0.168150] Initialized Arguments for Method [GCAP]:  (1 arguments defined for method invocation)
[    0.168150]   Arg0:   0000000086c8c8f1 <Obj>           Buffer(12) 00 00 00 00 BF 0B 00 00
[    0.168153] ACPI Error: Aborting method \_PR.CPU6.GCAP due to previous error (AE_NOT_FOUND) (20191018/psparse-529)
[    0.168157] ACPI Error: Aborting method \_PR.CPU6._PDC due to previous error (AE_NOT_FOUND) (20191018/psparse-529)
[    0.168436] ACPI BIOS Error (bug): Could not resolve symbol [\_SB.OSCP], AE_NOT_FOUND (20191018/psargs-330)
[    0.168442] No Local Variables are initialized for Method [GCAP]
[    0.168442] Initialized Arguments for Method [GCAP]:  (1 arguments defined for method invocation)
[    0.168443]   Arg0:   00000000ad46841f <Obj>           Buffer(12) 00 00 00 00 BF 0B 00 00
[    0.168446] ACPI Error: Aborting method \_PR.CPU7.GCAP due to previous error (AE_NOT_FOUND) (20191018/psparse-529)
[    0.168450] ACPI Error: Aborting method \_PR.CPU7._PDC due to previous error (AE_NOT_FOUND) (20191018/psparse-529)
[    0.168700] ACPI: Interpreter enabled
[    0.168718] ACPI: (supports S0 S3 S4 S5)
[    0.168719] ACPI: Using IOAPIC for interrupt routing
[    0.168739] PCI: MMCONFIG for domain 0000 [bus 00-ff] at [mem 0xe0000000-0xefffffff] (base 0xe0000000)
[    0.169221] PCI: MMCONFIG at [mem 0xe0000000-0xefffffff] reserved in ACPI motherboard resources
[    0.169230] PCI: Using host bridge windows from ACPI; if necessary, use "pci=nocrs" and report a bug
[    0.169538] ACPI: Enabled 11 GPEs in block 00 to 7F
[    0.182825] ACPI: PCI Root Bridge [PCI0] (domain 0000 [bus 00-ff])
[    0.182829] acpi PNP0A08:00: _OSC: OS assumes control of [PCIeHotplug SHPCHotplug AER PCIeCapability LTR]
[    0.183167] PCI host bridge to bus 0000:00
[    0.183169] pci_bus 0000:00: root bus resource [io  0x0000-0x0cf7 window]
[    0.183169] pci_bus 0000:00: root bus resource [io  0x0d00-0xffff window]
[    0.183170] pci_bus 0000:00: root bus resource [mem 0x000a0000-0x000bffff window]
[    0.183171] pci_bus 0000:00: root bus resource [mem 0x000c0000-0x000c3fff window]
[    0.183172] pci_bus 0000:00: root bus resource [mem 0x000c4000-0x000c7fff window]
[    0.183172] pci_bus 0000:00: root bus resource [mem 0x000c8000-0x000cbfff window]
[    0.183173] pci_bus 0000:00: root bus resource [mem 0x000cc000-0x000cffff window]
[    0.183173] pci_bus 0000:00: root bus resource [mem 0x000d0000-0x000d3fff window]
[    0.183174] pci_bus 0000:00: root bus resource [mem 0x000d4000-0x000d7fff window]
[    0.183175] pci_bus 0000:00: root bus resource [mem 0x000d8000-0x000dbfff window]
[    0.183175] pci_bus 0000:00: root bus resource [mem 0x000dc000-0x000dffff window]
[    0.183176] pci_bus 0000:00: root bus resource [mem 0x000e0000-0x000e3fff window]
[    0.183177] pci_bus 0000:00: root bus resource [mem 0x000e4000-0x000e7fff window]
[    0.183177] pci_bus 0000:00: root bus resource [mem 0x000e8000-0x000ebfff window]
[    0.183178] pci_bus 0000:00: root bus resource [mem 0x000ec000-0x000effff window]
[    0.183179] pci_bus 0000:00: root bus resource [mem 0x000f0000-0x000fffff window]
[    0.183179] pci_bus 0000:00: root bus resource [mem 0x80000000-0xfeafffff window]
[    0.183180] pci_bus 0000:00: root bus resource [bus 00-ff]
[    0.183187] pci 0000:00:00.0: [8086:1910] type 00 class 0x060000
[    0.183277] pci 0000:00:01.0: [8086:1901] type 01 class 0x060400
[    0.183311] pci 0000:00:01.0: PME# supported from D0 D3hot D3cold
[    0.183379] pci 0000:00:01.1: [8086:1905] type 01 class 0x060400
[    0.183412] pci 0000:00:01.1: PME# supported from D0 D3hot D3cold
[    0.183476] pci 0000:00:01.2: [8086:1909] type 01 class 0x060400
[    0.183508] pci 0000:00:01.2: PME# supported from D0 D3hot D3cold
[    0.183649] pci 0000:00:14.0: [8086:a12f] type 00 class 0x0c0330
[    0.183668] pci 0000:00:14.0: reg 0x10: [mem 0x82700000-0x8270ffff 64bit]
[    0.183721] pci 0000:00:14.0: PME# supported from D3hot D3cold
[    0.183845] pci 0000:00:15.0: [8086:a160] type 00 class 0x118000
[    0.183895] pci 0000:00:15.0: reg 0x10: [mem 0x82728000-0x82728fff 64bit]
[    0.184108] pci 0000:00:16.0: [8086:a13a] type 00 class 0x078000
[    0.184125] pci 0000:00:16.0: reg 0x10: [mem 0x82729000-0x82729fff 64bit]
[    0.184176] pci 0000:00:16.0: PME# supported from D3hot
[    0.184284] pci 0000:00:19.0: [8086:a166] type 00 class 0x118000
[    0.184330] pci 0000:00:19.0: reg 0x10: [mem 0x8272a000-0x8272afff 64bit]
[    0.184535] pci 0000:00:1b.0: [8086:a167] type 01 class 0x060400
[    0.184606] pci 0000:00:1b.0: PME# supported from D0 D3hot D3cold
[    0.184711] pci 0000:00:1c.0: [8086:a110] type 01 class 0x060400
[    0.184776] pci 0000:00:1c.0: PME# supported from D0 D3hot D3cold
[    0.184919] pci 0000:00:1e.0: [8086:a127] type 00 class 0x118000
[    0.184968] pci 0000:00:1e.0: reg 0x10: [mem 0x8272b000-0x8272bfff 64bit]
[    0.185206] pci 0000:00:1e.1: [8086:a128] type 00 class 0x118000
[    0.185254] pci 0000:00:1e.1: reg 0x10: [mem 0x8272c000-0x8272cfff 64bit]
[    0.185480] pci 0000:00:1e.2: [8086:a129] type 00 class 0x118000
[    0.185528] pci 0000:00:1e.2: reg 0x10: [mem 0x8272d000-0x8272dfff 64bit]
[    0.185734] pci 0000:00:1e.3: [8086:a12a] type 00 class 0x118000
[    0.185781] pci 0000:00:1e.3: reg 0x10: [mem 0x8272e000-0x8272efff 64bit]
[    0.185981] pci 0000:00:1f.0: [8086:a151] type 00 class 0x060100
[    0.186131] pci 0000:00:1f.2: [8086:a121] type 00 class 0x058000
[    0.186142] pci 0000:00:1f.2: reg 0x10: [mem 0x82724000-0x82727fff]
[    0.186233] pci 0000:00:1f.3: [8086:a170] type 00 class 0x040300
[    0.186257] pci 0000:00:1f.3: reg 0x10: [mem 0x82720000-0x82723fff 64bit]
[    0.186285] pci 0000:00:1f.3: reg 0x20: [mem 0x00000000-0x0000ffff 64bit]
[    0.186326] pci 0000:00:1f.3: PME# supported from D3hot D3cold
[    0.186404] pci 0000:00:1f.4: [8086:a123] type 00 class 0x0c0500
[    0.186464] pci 0000:00:1f.4: reg 0x10: [mem 0x8272f000-0x8272f0ff 64bit]
[    0.186533] pci 0000:00:1f.4: reg 0x20: [io  0x5040-0x505f]
[    0.186694] pci 0000:01:00.0: [1002:67ef] type 00 class 0x030000
[    0.186710] pci 0000:01:00.0: reg 0x10: [mem 0xb0000000-0xbfffffff 64bit pref]
[    0.186718] pci 0000:01:00.0: reg 0x18: [mem 0xc0000000-0xc01fffff 64bit pref]
[    0.186723] pci 0000:01:00.0: reg 0x20: [io  0x4000-0x40ff]
[    0.186728] pci 0000:01:00.0: reg 0x24: [mem 0x82600000-0x8263ffff]
[    0.186734] pci 0000:01:00.0: reg 0x30: [mem 0x82640000-0x8265ffff pref]
[    0.186744] pci 0000:01:00.0: BAR 0: assigned to efifb
[    0.186773] pci 0000:01:00.0: supports D1 D2
[    0.186836] pci 0000:01:00.1: [1002:aae0] type 00 class 0x040300
[    0.186850] pci 0000:01:00.1: reg 0x10: [mem 0x82660000-0x82663fff 64bit]
[    0.186901] pci 0000:01:00.1: supports D1 D2
[    0.186969] pci 0000:00:01.0: PCI bridge to [bus 01]
[    0.186971] pci 0000:00:01.0:   bridge window [io  0x4000-0x4fff]
[    0.186972] pci 0000:00:01.0:   bridge window [mem 0x82600000-0x826fffff]
[    0.186974] pci 0000:00:01.0:   bridge window [mem 0xb0000000-0xc01fffff 64bit pref]
[    0.187024] pci 0000:04:00.0: [8086:1578] type 01 class 0x060400
[    0.187060] pci 0000:04:00.0: enabling Extended Tags
[    0.187111] pci 0000:04:00.0: supports D1 D2
[    0.187112] pci 0000:04:00.0: PME# supported from D0 D1 D2 D3hot D3cold
[    0.197716] pci 0000:00:01.1: PCI bridge to [bus 04-79]
[    0.197718] pci 0000:00:01.1:   bridge window [io  0x6000-0x9fff]
[    0.197720] pci 0000:00:01.1:   bridge window [mem 0x82800000-0x909fffff]
[    0.197722] pci 0000:00:01.1:   bridge window [mem 0xc0200000-0xce1fffff 64bit pref]
[    0.197815] pci 0000:05:00.0: [8086:15d3] type 01 class 0x060400
[    0.197856] pci 0000:05:00.0: enabling Extended Tags
[    0.197916] pci 0000:05:00.0: supports D1 D2
[    0.197917] pci 0000:05:00.0: PME# supported from D0 D1 D2 D3hot D3cold
[    0.198027] pci 0000:05:01.0: [8086:15d3] type 01 class 0x060400
[    0.198068] pci 0000:05:01.0: enabling Extended Tags
[    0.198127] pci 0000:05:01.0: supports D1 D2
[    0.198128] pci 0000:05:01.0: PME# supported from D0 D1 D2 D3hot D3cold
[    0.198209] pci 0000:05:02.0: [8086:15d3] type 01 class 0x060400
[    0.198249] pci 0000:05:02.0: enabling Extended Tags
[    0.198308] pci 0000:05:02.0: supports D1 D2
[    0.198308] pci 0000:05:02.0: PME# supported from D0 D1 D2 D3hot D3cold
[    0.198416] pci 0000:05:04.0: [8086:15d3] type 01 class 0x060400
[    0.198457] pci 0000:05:04.0: enabling Extended Tags
[    0.198516] pci 0000:05:04.0: supports D1 D2
[    0.198516] pci 0000:05:04.0: PME# supported from D0 D1 D2 D3hot D3cold
[    0.198606] pci 0000:04:00.0: PCI bridge to [bus 05-79]
[    0.198611] pci 0000:04:00.0:   bridge window [io  0x0000-0x0fff]
[    0.198613] pci 0000:04:00.0:   bridge window [mem 0x82800000-0x909fffff]
[    0.198617] pci 0000:04:00.0:   bridge window [mem 0xc0200000-0xce1fffff 64bit pref]
[    0.198671] pci 0000:06:00.0: [8086:15d2] type 00 class 0x088000
[    0.198694] pci 0000:06:00.0: reg 0x10: [mem 0x82900000-0x8293ffff]
[    0.198702] pci 0000:06:00.0: reg 0x14: [mem 0x82940000-0x82940fff]
[    0.198744] pci 0000:06:00.0: enabling Extended Tags
[    0.198822] pci 0000:06:00.0: supports D1 D2
[    0.198823] pci 0000:06:00.0: PME# supported from D0 D1 D2 D3hot D3cold
[    0.209723] pci 0000:05:00.0: PCI bridge to [bus 06]
[    0.209727] pci 0000:05:00.0:   bridge window [io  0x0000-0x0fff]
[    0.209730] pci 0000:05:00.0:   bridge window [mem 0x82900000-0x829fffff]
[    0.209798] pci 0000:05:01.0: PCI bridge to [bus 08-40]
[    0.209802] pci 0000:05:01.0:   bridge window [io  0x0000-0x0fff]
[    0.209805] pci 0000:05:01.0:   bridge window [mem 0x82a00000-0x899fffff]
[    0.209808] pci 0000:05:01.0:   bridge window [mem 0xc0200000-0xc71fffff 64bit pref]
[    0.209857] pci 0000:07:00.0: [8086:15d4] type 00 class 0x0c0330
[    0.209881] pci 0000:07:00.0: reg 0x10: [mem 0x00000000-0x0000ffff]
[    0.209923] pci 0000:07:00.0: enabling Extended Tags
[    0.210006] pci 0000:07:00.0: supports D1 D2
[    0.210007] pci 0000:07:00.0: PME# supported from D0 D1 D2 D3hot D3cold
[    0.210067] pci 0000:07:00.0: 8.000 Gb/s available PCIe bandwidth, limited by 2.5 GT/s x4 link at 0000:05:02.0 (capable of 31.504 Gb/s with 8 GT/s x4 link)
[    0.221725] pci 0000:05:02.0: PCI bridge to [bus 07]
[    0.221729] pci 0000:05:02.0:   bridge window [io  0x0000-0x0fff]
[    0.221732] pci 0000:05:02.0:   bridge window [mem 0x82800000-0x828fffff]
[    0.221799] pci 0000:05:04.0: PCI bridge to [bus 41-79]
[    0.221803] pci 0000:05:04.0:   bridge window [io  0x0000-0x0fff]
[    0.221806] pci 0000:05:04.0:   bridge window [mem 0x89a00000-0x909fffff]
[    0.221809] pci 0000:05:04.0:   bridge window [mem 0xc7200000-0xce1fffff 64bit pref]
[    0.221881] pci 0000:7a:00.0: [8086:1578] type 01 class 0x060400
[    0.221918] pci 0000:7a:00.0: enabling Extended Tags
[    0.221972] pci 0000:7a:00.0: supports D1 D2
[    0.221972] pci 0000:7a:00.0: PME# supported from D0 D1 D2 D3hot D3cold
[    0.233715] pci 0000:00:01.2: PCI bridge to [bus 7a-ef]
[    0.233716] pci 0000:00:01.2:   bridge window [io  0xa000-0xdfff]
[    0.233718] pci 0000:00:01.2:   bridge window [mem 0x90a00000-0x9ebfffff]
[    0.233721] pci 0000:00:01.2:   bridge window [mem 0xce200000-0xdc1fffff 64bit pref]
[    0.233813] pci 0000:7b:00.0: [8086:15d3] type 01 class 0x060400
[    0.233854] pci 0000:7b:00.0: enabling Extended Tags
[    0.233913] pci 0000:7b:00.0: supports D1 D2
[    0.233914] pci 0000:7b:00.0: PME# supported from D0 D1 D2 D3hot D3cold
[    0.234022] pci 0000:7b:01.0: [8086:15d3] type 01 class 0x060400
[    0.234063] pci 0000:7b:01.0: enabling Extended Tags
[    0.234122] pci 0000:7b:01.0: supports D1 D2
[    0.234123] pci 0000:7b:01.0: PME# supported from D0 D1 D2 D3hot D3cold
[    0.234200] pci 0000:7b:02.0: [8086:15d3] type 01 class 0x060400
[    0.234241] pci 0000:7b:02.0: enabling Extended Tags
[    0.234299] pci 0000:7b:02.0: supports D1 D2
[    0.234300] pci 0000:7b:02.0: PME# supported from D0 D1 D2 D3hot D3cold
[    0.234409] pci 0000:7b:04.0: [8086:15d3] type 01 class 0x060400
[    0.234450] pci 0000:7b:04.0: enabling Extended Tags
[    0.234508] pci 0000:7b:04.0: supports D1 D2
[    0.234509] pci 0000:7b:04.0: PME# supported from D0 D1 D2 D3hot D3cold
[    0.234598] pci 0000:7a:00.0: PCI bridge to [bus 7b-ef]
[    0.234601] pci 0000:7a:00.0:   bridge window [io  0x0000-0x0fff]
[    0.234604] pci 0000:7a:00.0:   bridge window [mem 0x90a00000-0x9ebfffff]
[    0.234607] pci 0000:7a:00.0:   bridge window [mem 0xce200000-0xdc1fffff 64bit pref]
[    0.234660] pci 0000:7c:00.0: [8086:15d2] type 00 class 0x088000
[    0.234682] pci 0000:7c:00.0: reg 0x10: [mem 0x90b00000-0x90b3ffff]
[    0.234690] pci 0000:7c:00.0: reg 0x14: [mem 0x90b40000-0x90b40fff]
[    0.234733] pci 0000:7c:00.0: enabling Extended Tags
[    0.234810] pci 0000:7c:00.0: supports D1 D2
[    0.234811] pci 0000:7c:00.0: PME# supported from D0 D1 D2 D3hot D3cold
[    0.245723] pci 0000:7b:00.0: PCI bridge to [bus 7c]
[    0.245727] pci 0000:7b:00.0:   bridge window [io  0x0000-0x0fff]
[    0.245729] pci 0000:7b:00.0:   bridge window [mem 0x90b00000-0x90bfffff]
[    0.245795] pci 0000:7b:01.0: PCI bridge to [bus 7e-b6]
[    0.245799] pci 0000:7b:01.0:   bridge window [io  0x0000-0x0fff]
[    0.245802] pci 0000:7b:01.0:   bridge window [mem 0x90c00000-0x97bfffff]
[    0.245805] pci 0000:7b:01.0:   bridge window [mem 0xce200000-0xd51fffff 64bit pref]
[    0.245858] pci 0000:7d:00.0: [8086:15d4] type 00 class 0x0c0330
[    0.245881] pci 0000:7d:00.0: reg 0x10: [mem 0x00000000-0x0000ffff]
[    0.245923] pci 0000:7d:00.0: enabling Extended Tags
[    0.246006] pci 0000:7d:00.0: supports D1 D2
[    0.246007] pci 0000:7d:00.0: PME# supported from D0 D1 D2 D3hot D3cold
[    0.246066] pci 0000:7d:00.0: 8.000 Gb/s available PCIe bandwidth, limited by 2.5 GT/s x4 link at 0000:7b:02.0 (capable of 31.504 Gb/s with 8 GT/s x4 link)
[    0.257725] pci 0000:7b:02.0: PCI bridge to [bus 7d]
[    0.257729] pci 0000:7b:02.0:   bridge window [io  0x0000-0x0fff]
[    0.257732] pci 0000:7b:02.0:   bridge window [mem 0x90a00000-0x90afffff]
[    0.257801] pci 0000:7b:04.0: PCI bridge to [bus b7-ef]
[    0.257805] pci 0000:7b:04.0:   bridge window [io  0x0000-0x0fff]
[    0.257807] pci 0000:7b:04.0:   bridge window [mem 0x97c00000-0x9ebfffff]
[    0.257811] pci 0000:7b:04.0:   bridge window [mem 0xd5200000-0xdc1fffff 64bit pref]
[    0.258041] pci 0000:02:00.0: [144d:a804] type 00 class 0x010802
[    0.258066] pci 0000:02:00.0: reg 0x10: [mem 0x82500000-0x82503fff 64bit]
[    0.258073] pci 0000:02:00.0: reg 0x18: [io  0x3000-0x30ff]
[    0.258462] pci 0000:00:1b.0: PCI bridge to [bus 02]
[    0.258464] pci 0000:00:1b.0:   bridge window [io  0x3000-0x3fff]
[    0.258466] pci 0000:00:1b.0:   bridge window [mem 0x82500000-0x825fffff]
[    0.258549] pci 0000:03:00.0: [14e4:43ba] type 00 class 0x028000
[    0.258583] pci 0000:03:00.0: reg 0x10: [mem 0x82400000-0x82407fff 64bit]
[    0.258598] pci 0000:03:00.0: reg 0x18: [mem 0x82000000-0x823fffff 64bit]
[    0.258716] pci 0000:03:00.0: supports D1 D2
[    0.258717] pci 0000:03:00.0: PME# supported from D0 D1 D2 D3hot D3cold
[    0.258901] pci 0000:00:1c.0: PCI bridge to [bus 03]
[    0.258905] pci 0000:00:1c.0:   bridge window [mem 0x82000000-0x824fffff]
[    0.260072] ACPI: PCI Interrupt Link [LNKA] (IRQs 1 3 4 5 6 7 10 12 14 15) *0
[    0.260147] ACPI: PCI Interrupt Link [LNKB] (IRQs 1 3 4 5 6 7 11 12 14 15) *0
[    0.260220] ACPI: PCI Interrupt Link [LNKC] (IRQs 1 3 4 5 6 7 10 12 14 15) *0
[    0.260293] ACPI: PCI Interrupt Link [LNKD] (IRQs 1 3 4 5 6 7 11 12 14 15) *0
[    0.260366] ACPI: PCI Interrupt Link [LNKE] (IRQs 1 3 4 5 6 7 10 12 14 15) *0
[    0.260438] ACPI: PCI Interrupt Link [LNKF] (IRQs 1 3 4 5 6 7 11 12 14 15) *0
[    0.260510] ACPI: PCI Interrupt Link [LNKG] (IRQs 1 3 4 5 6 7 10 12 14 15) *0
[    0.260582] ACPI: PCI Interrupt Link [LNKH] (IRQs 1 3 4 5 6 7 11 12 14 15) *0
[    0.260791] ACPI: EC: interrupt unblocked
[    0.260818] ACPI: EC: event unblocked
[    0.260828] ACPI: \_SB_.PCI0.LPCB.EC__: GPE=0x7, IRQ=-1, EC_CMD/EC_SC=0x66, EC_DATA=0x62
[    0.260829] ACPI: \_SB_.PCI0.LPCB.EC__: Boot DSDT EC used to handle transactions and events
[    0.260900] iommu: Default domain type: Translated 
[    0.260900] pci 0000:01:00.0: vgaarb: VGA device added: decodes=io+mem,owns=none,locks=none
[    0.260900] pci 0000:01:00.0: vgaarb: bridge control possible
[    0.260900] pci 0000:01:00.0: vgaarb: setting as boot device
[    0.260900] vgaarb: loaded
[    0.260900] SCSI subsystem initialized
[    0.260900] libata version 3.00 loaded.
[    0.260900] ACPI: bus type USB registered
[    0.260900] usbcore: registered new interface driver usbfs
[    0.260900] usbcore: registered new interface driver hub
[    0.260900] usbcore: registered new device driver usb
[    0.260900] pps_core: LinuxPPS API ver. 1 registered
[    0.260900] pps_core: Software ver. 5.3.6 - Copyright 2005-2007 Rodolfo Giometti <giometti@linux.it>
[    0.260900] PTP clock support registered
[    0.260900] EDAC MC: Ver: 3.0.0
[    0.260900] Registered efivars operations
[    0.260900] PCI: Using ACPI for IRQ routing
[    0.265526] PCI: pci_cache_line_size set to 64 bytes
[    0.266075] e820: reserve RAM buffer [mem 0x00058000-0x0005ffff]
[    0.266076] e820: reserve RAM buffer [mem 0x0009e000-0x0009ffff]
[    0.266076] e820: reserve RAM buffer [mem 0x7396a018-0x73ffffff]
[    0.266077] e820: reserve RAM buffer [mem 0x7397c018-0x73ffffff]
[    0.266078] e820: reserve RAM buffer [mem 0x74022000-0x77ffffff]
[    0.266078] e820: reserve RAM buffer [mem 0x74e05000-0x77ffffff]
[    0.266079] e820: reserve RAM buffer [mem 0x7507e000-0x77ffffff]
[    0.266080] e820: reserve RAM buffer [mem 0x7ac7f000-0x7bffffff]
[    0.266081] e820: reserve RAM buffer [mem 0x7b000000-0x7bffffff]
[    0.266081] e820: reserve RAM buffer [mem 0x47f000000-0x47fffffff]
[    0.266155] NetLabel: Initializing
[    0.266155] NetLabel:  domain hash size = 128
[    0.266156] NetLabel:  protocols = UNLABELED CIPSOv4 CALIPSO
[    0.266166] NetLabel:  unlabeled traffic allowed by default
[    0.266244] hpet0: at MMIO 0xfed00000, IRQs 2, 8, 0, 0, 0, 0, 0, 0
[    0.266247] hpet0: 8 comparators, 64-bit 24.000000 MHz counter
[    0.269703] clocksource: Switched to clocksource tsc-early
[    0.280174] *** VALIDATE bpf ***
[    0.280256] VFS: Disk quotas dquot_6.6.0
[    0.280268] VFS: Dquot-cache hash table entries: 512 (order 0, 4096 bytes)
[    0.280291] *** VALIDATE ramfs ***
[    0.280294] *** VALIDATE hugetlbfs ***
[    0.280354] AppArmor: AppArmor Filesystem Enabled
[    0.280377] pnp: PnP ACPI init
[    0.281140] system 00:00: [io  0xffff] has been reserved
[    0.281141] system 00:00: [io  0x1800-0x18fe] has been reserved
[    0.281142] system 00:00: [io  0x0800-0x087f] has been reserved
[    0.281146] system 00:00: Plug and Play ACPI device, IDs PNP0c02 (active)
[    0.281161] pnp 00:01: Plug and Play ACPI device, IDs PNP0b00 (active)
[    0.281213] pnp 00:02: Plug and Play ACPI device, IDs APP000b (active)
[    0.281413] system 00:03: [mem 0xfed10000-0xfed17fff] has been reserved
[    0.281414] system 00:03: [mem 0xfed18000-0xfed18fff] has been reserved
[    0.281415] system 00:03: [mem 0xfed19000-0xfed19fff] has been reserved
[    0.281416] system 00:03: [mem 0xe0000000-0xefffffff] could not be reserved
[    0.281417] system 00:03: [mem 0xfed20000-0xfed3ffff] has been reserved
[    0.281418] system 00:03: [mem 0xfed90000-0xfed93fff] could not be reserved
[    0.281419] system 00:03: [mem 0xfed45000-0xfed8ffff] has been reserved
[    0.281420] system 00:03: [mem 0xff000000-0xffffffff] could not be reserved
[    0.281421] system 00:03: [mem 0xfee00000-0xfeefffff] has been reserved
[    0.281422] system 00:03: [mem 0xfd000000-0xfdffffff] has been reserved
[    0.281423] system 00:03: [mem 0xfe000000-0xfe00ffff] has been reserved
[    0.281424] system 00:03: [mem 0xfe010000-0xfe010fff] has been reserved
[    0.281425] system 00:03: [mem 0xfe020000-0xfe035fff] has been reserved
[    0.281427] system 00:03: [mem 0xfe036000-0xfe03bfff] has been reserved
[    0.281428] system 00:03: [mem 0xfe03c000-0xfe03cfff] has been reserved
[    0.281429] system 00:03: [mem 0xfe03d000-0xfe0bffff] has been reserved
[    0.281430] system 00:03: [mem 0xfe0c0000-0xfe0fffff] has been reserved
[    0.281431] system 00:03: [mem 0xfe100000-0xfe1fffff] has been reserved
[    0.281432] system 00:03: [mem 0xfe200000-0xfe3fffff] has been reserved
[    0.281433] system 00:03: [mem 0xfe400000-0xfe40ffff] has been reserved
[    0.281434] system 00:03: [mem 0xfe410000-0xfe5fffff] has been reserved
[    0.281435] system 00:03: [mem 0xfe600000-0xfe7fffff] has been reserved
[    0.281438] system 00:03: Plug and Play ACPI device, IDs PNP0c02 (active)
[    0.281481] system 00:04: [mem 0x20000000-0x201fffff] could not be reserved
[    0.281482] system 00:04: [mem 0x40000000-0x401fffff] could not be reserved
[    0.281484] system 00:04: Plug and Play ACPI device, IDs PNP0c01 (active)
[    0.281683] pnp: PnP ACPI: found 5 devices
[    0.282617] apple-properties: device path parse error -19 at 0x14:
[    0.282622] apple-properties: 00000000: a6 01 00 00 04 00 00 00 02 01 0c 00 d0 41 03 0a  .............A..
[    0.282625] apple-properties: 00000010: 00 00 00 00 01 01 06 00 00 02 7f ff 04 00 1e 00  ................
[    0.282627] apple-properties: 00000020: 00 00 73 00 61 00 76 00 65 00 64 00 2d 00 63 00  ..s.a.v.e.d.-.c.
[    0.282629] apple-properties: 00000030: 6f 00 6e 00 66 00 69 00 67 00 00 00 e2 00 00 00  o.n.f.i.g.......
[    0.282632] apple-properties: 00000040: 47 00 00 00 00 00 00 00 00 00 00 00 00 00 00 00  G...............
[    0.282634] apple-properties: 00000050: 00 00 03 00 06 00 1b 19 00 6c 05 00 00 00 00 00  .........l......
[    0.282636] apple-properties: 00000060: 00 00 00 00 00 00 00 00 00 00 00 00 00 00 00 00  ................
[    0.282638] apple-properties: 00000070: 00 00 00 00 00 00 00 00 00 00 00 00 00 00 00 00  ................
[    0.282640] apple-properties: 00000080: 00 00 00 00 00 00 00 00 00 00 00 00 00 00 00 00  ................
[    0.282642] apple-properties: 00000090: 00 00 00 00 00 00 00 00 00 00 00 00 00 00 00 00  ................
[    0.282644] apple-properties: 000000a0: 00 00 00 00 00 00 00 00 00 00 00 00 00 00 00 00  ................
[    0.282646] apple-properties: 000000b0: 00 00 00 00 00 00 00 00 00 00 00 00 00 00 00 00  ................
[    0.282648] apple-properties: 000000c0: 00 00 00 00 00 00 00 00 00 00 00 00 00 00 00 00  ................
[    0.282650] apple-properties: 000000d0: 00 00 00 00 00 00 00 00 00 00 00 00 00 00 00 00  ................
[    0.282653] apple-properties: 000000e0: 00 00 00 00 00 00 00 00 00 00 00 00 00 00 00 00  ................
[    0.282655] apple-properties: 000000f0: 00 00 00 00 00 00 00 00 00 00 00 00 00 00 00 00  ................
[    0.282657] apple-properties: 00000100: 00 00 00 00 00 00 00 00 00 00 00 00 00 00 00 00  ................
[    0.282659] apple-properties: 00000110: 00 00 00 00 00 00 00 00 00 00 00 00 00 00 2c 00  ..............,.
[    0.282661] apple-properties: 00000120: 00 00 41 00 41 00 50 00 4c 00 2c 00 69 00 67 00  ..A.A.P.L.,.i.g.
[    0.282663] apple-properties: 00000130: 2d 00 70 00 6c 00 61 00 74 00 66 00 6f 00 72 00  -.p.l.a.t.f.o.r.
[    0.282666] apple-properties: 00000140: 6d 00 2d 00 69 00 64 00 00 00 08 00 00 00 06 00  m.-.i.d.........
[    0.282668] apple-properties: 00000150: 1b 19 20 00 00 00 41 00 41 00 50 00 4c 00 2c 00  .. ...A.A.P.L.,.
[    0.282670] apple-properties: 00000160: 47 00 66 00 78 00 59 00 54 00 69 00 6c 00 65 00  G.f.x.Y.T.i.l.e.
[    0.282672] apple-properties: 00000170: 00 00 08 00 00 00 01 00 00 00 24 00 00 00 67 00  ..........$...g.
[    0.282674] apple-properties: 00000180: 72 00 61 00 70 00 68 00 69 00 63 00 2d 00 6f 00  r.a.p.h.i.c.-.o.
[    0.282676] apple-properties: 00000190: 70 00 74 00 69 00 6f 00 6e 00 73 00 00 00 08 00  p.t.i.o.n.s.....
[    0.282678] apple-properties: 000001a0: 00 00 0c 00 00 00                                ......
[    0.282692] pci 0000:01:00.0: assigning 67 device properties
[    0.282720] pci 0000:06:00.0: assigning 8 device properties
[    0.282727] pci 0000:7c:00.0: assigning 8 device properties
[    0.282734] pci 0000:00:1f.3: assigning 4 device properties
[    0.287224] clocksource: acpi_pm: mask: 0xffffff max_cycles: 0xffffff, max_idle_ns: 2085701024 ns
[    0.287253] pci 0000:05:01.0: bridge window [io  0x1000-0x0fff] to [bus 08-40] add_size 1000
[    0.287254] pci 0000:05:02.0: bridge window [io  0x1000-0x0fff] to [bus 07] add_size 1000
[    0.287256] pci 0000:05:02.0: bridge window [mem 0x00100000-0x000fffff 64bit pref] to [bus 07] add_size 200000 add_align 100000
[    0.287257] pci 0000:05:04.0: bridge window [io  0x1000-0x0fff] to [bus 41-79] add_size 1000
[    0.287259] pci 0000:04:00.0: bridge window [io  0x1000-0x0fff] to [bus 05-79] add_size 3000
[    0.287260] pci 0000:7b:01.0: bridge window [io  0x1000-0x0fff] to [bus 7e-b6] add_size 1000
[    0.287261] pci 0000:7b:02.0: bridge window [io  0x1000-0x0fff] to [bus 7d] add_size 1000
[    0.287262] pci 0000:7b:02.0: bridge window [mem 0x00100000-0x000fffff 64bit pref] to [bus 7d] add_size 200000 add_align 100000
[    0.287263] pci 0000:7b:04.0: bridge window [io  0x1000-0x0fff] to [bus b7-ef] add_size 1000
[    0.287264] pci 0000:7a:00.0: bridge window [io  0x1000-0x0fff] to [bus 7b-ef] add_size 3000
[    0.287276] pci 0000:00:1f.3: BAR 4: assigned [mem 0x80000000-0x8000ffff 64bit]
[    0.287297] pci 0000:00:01.0: PCI bridge to [bus 01]
[    0.287298] pci 0000:00:01.0:   bridge window [io  0x4000-0x4fff]
[    0.287300] pci 0000:00:01.0:   bridge window [mem 0x82600000-0x826fffff]
[    0.287302] pci 0000:00:01.0:   bridge window [mem 0xb0000000-0xc01fffff 64bit pref]
[    0.287305] pci 0000:04:00.0: BAR 13: assigned [io  0x6000-0x8fff]
[    0.287309] pci 0000:05:02.0: BAR 15: no space for [mem size 0x00200000 64bit pref]
[    0.287310] pci 0000:05:02.0: BAR 15: failed to assign [mem size 0x00200000 64bit pref]
[    0.287311] pci 0000:05:01.0: BAR 13: assigned [io  0x6000-0x6fff]
[    0.287312] pci 0000:05:02.0: BAR 13: assigned [io  0x7000-0x7fff]
[    0.287313] pci 0000:05:04.0: BAR 13: assigned [io  0x8000-0x8fff]
[    0.287315] pci 0000:05:02.0: BAR 15: no space for [mem size 0x00200000 64bit pref]
[    0.287316] pci 0000:05:02.0: BAR 15: failed to assign [mem size 0x00200000 64bit pref]
[    0.287317] pci 0000:05:00.0: PCI bridge to [bus 06]
[    0.287320] pci 0000:05:00.0:   bridge window [mem 0x82900000-0x829fffff]
[    0.287325] pci 0000:05:01.0: PCI bridge to [bus 08-40]
[    0.287327] pci 0000:05:01.0:   bridge window [io  0x6000-0x6fff]
[    0.287330] pci 0000:05:01.0:   bridge window [mem 0x82a00000-0x899fffff]
[    0.287332] pci 0000:05:01.0:   bridge window [mem 0xc0200000-0xc71fffff 64bit pref]
[    0.287337] pci 0000:07:00.0: BAR 0: assigned [mem 0x82800000-0x8280ffff]
[    0.287340] pci 0000:05:02.0: PCI bridge to [bus 07]
[    0.287342] pci 0000:05:02.0:   bridge window [io  0x7000-0x7fff]
[    0.287345] pci 0000:05:02.0:   bridge window [mem 0x82800000-0x828fffff]
[    0.287350] pci 0000:05:04.0: PCI bridge to [bus 41-79]
[    0.287352] pci 0000:05:04.0:   bridge window [io  0x8000-0x8fff]
[    0.287355] pci 0000:05:04.0:   bridge window [mem 0x89a00000-0x909fffff]
[    0.287357] pci 0000:05:04.0:   bridge window [mem 0xc7200000-0xce1fffff 64bit pref]
[    0.287361] pci 0000:04:00.0: PCI bridge to [bus 05-79]
[    0.287362] pci 0000:04:00.0:   bridge window [io  0x6000-0x8fff]
[    0.287365] pci 0000:04:00.0:   bridge window [mem 0x82800000-0x909fffff]
[    0.287368] pci 0000:04:00.0:   bridge window [mem 0xc0200000-0xce1fffff 64bit pref]
[    0.287371] pci 0000:00:01.1: PCI bridge to [bus 04-79]
[    0.287372] pci 0000:00:01.1:   bridge window [io  0x6000-0x9fff]
[    0.287374] pci 0000:00:01.1:   bridge window [mem 0x82800000-0x909fffff]
[    0.287376] pci 0000:00:01.1:   bridge window [mem 0xc0200000-0xce1fffff 64bit pref]
[    0.287379] pci 0000:7a:00.0: BAR 13: assigned [io  0xa000-0xcfff]
[    0.287381] pci 0000:7b:02.0: BAR 15: no space for [mem size 0x00200000 64bit pref]
[    0.287382] pci 0000:7b:02.0: BAR 15: failed to assign [mem size 0x00200000 64bit pref]
[    0.287383] pci 0000:7b:01.0: BAR 13: assigned [io  0xa000-0xafff]
[    0.287384] pci 0000:7b:02.0: BAR 13: assigned [io  0xb000-0xbfff]
[    0.287384] pci 0000:7b:04.0: BAR 13: assigned [io  0xc000-0xcfff]
[    0.287386] pci 0000:7b:02.0: BAR 15: no space for [mem size 0x00200000 64bit pref]
[    0.287387] pci 0000:7b:02.0: BAR 15: failed to assign [mem size 0x00200000 64bit pref]
[    0.287388] pci 0000:7b:00.0: PCI bridge to [bus 7c]
[    0.287391] pci 0000:7b:00.0:   bridge window [mem 0x90b00000-0x90bfffff]
[    0.287397] pci 0000:7b:01.0: PCI bridge to [bus 7e-b6]
[    0.287398] pci 0000:7b:01.0:   bridge window [io  0xa000-0xafff]
[    0.287401] pci 0000:7b:01.0:   bridge window [mem 0x90c00000-0x97bfffff]
[    0.287404] pci 0000:7b:01.0:   bridge window [mem 0xce200000-0xd51fffff 64bit pref]
[    0.287408] pci 0000:7d:00.0: BAR 0: assigned [mem 0x90a00000-0x90a0ffff]
[    0.287411] pci 0000:7b:02.0: PCI bridge to [bus 7d]
[    0.287412] pci 0000:7b:02.0:   bridge window [io  0xb000-0xbfff]
[    0.287415] pci 0000:7b:02.0:   bridge window [mem 0x90a00000-0x90afffff]
[    0.287421] pci 0000:7b:04.0: PCI bridge to [bus b7-ef]
[    0.287422] pci 0000:7b:04.0:   bridge window [io  0xc000-0xcfff]
[    0.287425] pci 0000:7b:04.0:   bridge window [mem 0x97c00000-0x9ebfffff]
[    0.287427] pci 0000:7b:04.0:   bridge window [mem 0xd5200000-0xdc1fffff 64bit pref]
[    0.287431] pci 0000:7a:00.0: PCI bridge to [bus 7b-ef]
[    0.287432] pci 0000:7a:00.0:   bridge window [io  0xa000-0xcfff]
[    0.287435] pci 0000:7a:00.0:   bridge window [mem 0x90a00000-0x9ebfffff]
[    0.287438] pci 0000:7a:00.0:   bridge window [mem 0xce200000-0xdc1fffff 64bit pref]
[    0.287441] pci 0000:00:01.2: PCI bridge to [bus 7a-ef]
[    0.287442] pci 0000:00:01.2:   bridge window [io  0xa000-0xdfff]
[    0.287444] pci 0000:00:01.2:   bridge window [mem 0x90a00000-0x9ebfffff]
[    0.287446] pci 0000:00:01.2:   bridge window [mem 0xce200000-0xdc1fffff 64bit pref]
[    0.287448] pci 0000:00:1b.0: PCI bridge to [bus 02]
[    0.287461] pci 0000:00:1b.0:   bridge window [io  0x3000-0x3fff]
[    0.287464] pci 0000:00:1b.0:   bridge window [mem 0x82500000-0x825fffff]
[    0.287469] pci 0000:00:1c.0: PCI bridge to [bus 03]
[    0.287474] pci 0000:00:1c.0:   bridge window [mem 0x82000000-0x824fffff]
[    0.287480] pci_bus 0000:00: resource 4 [io  0x0000-0x0cf7 window]
[    0.287481] pci_bus 0000:00: resource 5 [io  0x0d00-0xffff window]
[    0.287482] pci_bus 0000:00: resource 6 [mem 0x000a0000-0x000bffff window]
[    0.287482] pci_bus 0000:00: resource 7 [mem 0x000c0000-0x000c3fff window]
[    0.287483] pci_bus 0000:00: resource 8 [mem 0x000c4000-0x000c7fff window]
[    0.287484] pci_bus 0000:00: resource 9 [mem 0x000c8000-0x000cbfff window]
[    0.287485] pci_bus 0000:00: resource 10 [mem 0x000cc000-0x000cffff window]
[    0.287486] pci_bus 0000:00: resource 11 [mem 0x000d0000-0x000d3fff window]
[    0.287486] pci_bus 0000:00: resource 12 [mem 0x000d4000-0x000d7fff window]
[    0.287487] pci_bus 0000:00: resource 13 [mem 0x000d8000-0x000dbfff window]
[    0.287488] pci_bus 0000:00: resource 14 [mem 0x000dc000-0x000dffff window]
[    0.287489] pci_bus 0000:00: resource 15 [mem 0x000e0000-0x000e3fff window]
[    0.287490] pci_bus 0000:00: resource 16 [mem 0x000e4000-0x000e7fff window]
[    0.287490] pci_bus 0000:00: resource 17 [mem 0x000e8000-0x000ebfff window]
[    0.287491] pci_bus 0000:00: resource 18 [mem 0x000ec000-0x000effff window]
[    0.287492] pci_bus 0000:00: resource 19 [mem 0x000f0000-0x000fffff window]
[    0.287493] pci_bus 0000:00: resource 20 [mem 0x80000000-0xfeafffff window]
[    0.287494] pci_bus 0000:01: resource 0 [io  0x4000-0x4fff]
[    0.287495] pci_bus 0000:01: resource 1 [mem 0x82600000-0x826fffff]
[    0.287495] pci_bus 0000:01: resource 2 [mem 0xb0000000-0xc01fffff 64bit pref]
[    0.287496] pci_bus 0000:04: resource 0 [io  0x6000-0x9fff]
[    0.287497] pci_bus 0000:04: resource 1 [mem 0x82800000-0x909fffff]
[    0.287498] pci_bus 0000:04: resource 2 [mem 0xc0200000-0xce1fffff 64bit pref]
[    0.287499] pci_bus 0000:05: resource 0 [io  0x6000-0x8fff]
[    0.287500] pci_bus 0000:05: resource 1 [mem 0x82800000-0x909fffff]
[    0.287500] pci_bus 0000:05: resource 2 [mem 0xc0200000-0xce1fffff 64bit pref]
[    0.287501] pci_bus 0000:06: resource 1 [mem 0x82900000-0x829fffff]
[    0.287502] pci_bus 0000:08: resource 0 [io  0x6000-0x6fff]
[    0.287503] pci_bus 0000:08: resource 1 [mem 0x82a00000-0x899fffff]
[    0.287504] pci_bus 0000:08: resource 2 [mem 0xc0200000-0xc71fffff 64bit pref]
[    0.287504] pci_bus 0000:07: resource 0 [io  0x7000-0x7fff]
[    0.287505] pci_bus 0000:07: resource 1 [mem 0x82800000-0x828fffff]
[    0.287506] pci_bus 0000:41: resource 0 [io  0x8000-0x8fff]
[    0.287507] pci_bus 0000:41: resource 1 [mem 0x89a00000-0x909fffff]
[    0.287507] pci_bus 0000:41: resource 2 [mem 0xc7200000-0xce1fffff 64bit pref]
[    0.287508] pci_bus 0000:7a: resource 0 [io  0xa000-0xdfff]
[    0.287509] pci_bus 0000:7a: resource 1 [mem 0x90a00000-0x9ebfffff]
[    0.287510] pci_bus 0000:7a: resource 2 [mem 0xce200000-0xdc1fffff 64bit pref]
[    0.287511] pci_bus 0000:7b: resource 0 [io  0xa000-0xcfff]
[    0.287511] pci_bus 0000:7b: resource 1 [mem 0x90a00000-0x9ebfffff]
[    0.287512] pci_bus 0000:7b: resource 2 [mem 0xce200000-0xdc1fffff 64bit pref]
[    0.287513] pci_bus 0000:7c: resource 1 [mem 0x90b00000-0x90bfffff]
[    0.287514] pci_bus 0000:7e: resource 0 [io  0xa000-0xafff]
[    0.287514] pci_bus 0000:7e: resource 1 [mem 0x90c00000-0x97bfffff]
[    0.287515] pci_bus 0000:7e: resource 2 [mem 0xce200000-0xd51fffff 64bit pref]
[    0.287516] pci_bus 0000:7d: resource 0 [io  0xb000-0xbfff]
[    0.287517] pci_bus 0000:7d: resource 1 [mem 0x90a00000-0x90afffff]
[    0.287518] pci_bus 0000:b7: resource 0 [io  0xc000-0xcfff]
[    0.287518] pci_bus 0000:b7: resource 1 [mem 0x97c00000-0x9ebfffff]
[    0.287519] pci_bus 0000:b7: resource 2 [mem 0xd5200000-0xdc1fffff 64bit pref]
[    0.287520] pci_bus 0000:02: resource 0 [io  0x3000-0x3fff]
[    0.287521] pci_bus 0000:02: resource 1 [mem 0x82500000-0x825fffff]
[    0.287522] pci_bus 0000:03: resource 1 [mem 0x82000000-0x824fffff]
[    0.287699] NET: Registered protocol family 2
[    0.287825] tcp_listen_portaddr_hash hash table entries: 8192 (order: 5, 131072 bytes, linear)
[    0.287893] TCP established hash table entries: 131072 (order: 8, 1048576 bytes, linear)
[    0.288042] TCP bind hash table entries: 65536 (order: 8, 1048576 bytes, linear)
[    0.288112] TCP: Hash tables configured (established 131072 bind 65536)
[    0.288152] UDP hash table entries: 8192 (order: 6, 262144 bytes, linear)
[    0.288190] UDP-Lite hash table entries: 8192 (order: 6, 262144 bytes, linear)
[    0.288242] NET: Registered protocol family 1
[    0.288247] NET: Registered protocol family 44
[    0.288592] pci 0000:01:00.1: D0 power state depends on 0000:01:00.0
[    0.288790] pci 0000:07:00.0: enabling device (0000 -> 0002)
[    0.289027] pci 0000:7d:00.0: enabling device (0000 -> 0002)
[    0.289300] PCI: CLS 256 bytes, default 64
[    0.289327] Trying to unpack rootfs image as initramfs...
[    1.092188] Freeing initrd memory: 65096K
[    1.092227] DMAR: ACPI device "device:91" under DMAR at fed91000 as 00:15.0
[    1.092229] DMAR: ACPI device "device:92" under DMAR at fed91000 as 00:1e.2
[    1.092231] DMAR: ACPI device "device:93" under DMAR at fed91000 as 00:1e.3
[    1.092232] DMAR: Failed to find handle for ACPI object \_SB.PCI0.UA00
[    1.092236] DMAR: Failed to find handle for ACPI object \_SB.PCI0.UA01
[    1.092238] DMAR: Failed to find handle for ACPI object \_SB.PCI0.UA02
[    1.117747] PCI-DMA: Using software bounce buffering for IO (SWIOTLB)
[    1.117748] software IO TLB: mapped [mem 0x6c75d000-0x7075d000] (64MB)
[    1.118005] check: Scanning for low memory corruption every 60 seconds
[    1.119307] Initialise system trusted keyrings
[    1.119314] Key type blacklist registered
[    1.119336] workingset: timestamp_bits=36 max_order=22 bucket_order=0
[    1.120326] zbud: loaded
[    1.120542] squashfs: version 4.0 (2009/01/31) Phillip Lougher
[    1.120654] fuse: init (API version 7.31)
[    1.120666] *** VALIDATE fuse ***
[    1.120667] *** VALIDATE fuse ***
[    1.120767] Platform Keyring initialized
[    1.124322] Key type asymmetric registered
[    1.124323] Asymmetric key parser 'x509' registered
[    1.124328] Block layer SCSI generic (bsg) driver version 0.4 loaded (major 244)
[    1.124359] io scheduler mq-deadline registered
[    1.125315] pcieport 0000:05:01.0: pciehp: Slot #1 AttnBtn- PwrCtrl- MRL- AttnInd- PwrInd- HotPlug+ Surprise+ Interlock- NoCompl+ LLActRep+
[    1.125461] pcieport 0000:05:02.0: pciehp: Slot #0 AttnBtn- PwrCtrl- MRL- AttnInd- PwrInd- HotPlug+ Surprise+ Interlock- NoCompl+ LLActRep+
[    1.125627] pcieport 0000:05:04.0: pciehp: Slot #4 AttnBtn- PwrCtrl- MRL- AttnInd- PwrInd- HotPlug+ Surprise+ Interlock- NoCompl+ LLActRep+
[    1.126013] pcieport 0000:7b:01.0: pciehp: Slot #1 AttnBtn- PwrCtrl- MRL- AttnInd- PwrInd- HotPlug+ Surprise+ Interlock- NoCompl+ LLActRep+
[    1.126145] pcieport 0000:7b:02.0: pciehp: Slot #0 AttnBtn- PwrCtrl- MRL- AttnInd- PwrInd- HotPlug+ Surprise+ Interlock- NoCompl+ LLActRep+
[    1.126310] pcieport 0000:7b:04.0: pciehp: Slot #4 AttnBtn- PwrCtrl- MRL- AttnInd- PwrInd- HotPlug+ Surprise+ Interlock- NoCompl+ LLActRep+
[    1.126426] shpchp: Standard Hot Plug PCI Controller Driver version: 0.4
[    1.126472] efifb: probing for efifb
[    1.126502] efifb: No BGRT, not showing boot graphics
[    1.126503] efifb: framebuffer at 0xb0300000, using 29400k, total 29400k
[    1.126504] efifb: mode is 3360x2100x32, linelength=14336, pages=1
[    1.126505] efifb: scrolling: redraw
[    1.126506] efifb: Truecolor: size=8:8:8:8, shift=24:16:8:0
[    1.126570] Console: switching to colour frame buffer device 210x65
[    1.136008] fb0: EFI VGA frame buffer device
[    1.136013] intel_idle: MWAIT substates: 0x11142120
[    1.136014] intel_idle: v0.4.1 model 0x5E
[    1.136017] intel_idle: state C8 is disabled
[    1.136017] intel_idle: state C9 is disabled
[    1.136256] intel_idle: lapic_timer_reliable_states 0xffffffff
[    1.136393] ACPI: AC Adapter [ADP1] (on-line)
[    1.136451] input: Lid Switch as /devices/LNXSYSTM:00/LNXSYBUS:00/PNP0C0D:00/input/input0
[    1.136472] ACPI: Lid Switch [LID0]
[    1.136489] input: Power Button as /devices/LNXSYSTM:00/LNXSYBUS:00/PNP0C0C:00/input/input1
[    1.136498] ACPI: Power Button [PWRB]
[    1.136514] input: Sleep Button as /devices/LNXSYSTM:00/LNXSYBUS:00/PNP0C0E:00/input/input2
[    1.136523] ACPI: Sleep Button [SLPB]
[    1.136538] input: Power Button as /devices/LNXSYSTM:00/LNXPWRBN:00/input/input3
[    1.136551] ACPI: Power Button [PWRF]
[    1.137478] Serial: 8250/16550 driver, 32 ports, IRQ sharing enabled
[    1.138601] Linux agpgart interface v0.103
[    1.140220] loop: module loaded
[    1.140341] libphy: Fixed MDIO Bus: probed
[    1.140341] tun: Universal TUN/TAP device driver, 1.6
[    1.140355] PPP generic driver version 2.4.2
[    1.140384] VFIO - User Level meta-driver version: 0.3
[    1.140461] ehci_hcd: USB 2.0 'Enhanced' Host Controller (EHCI) Driver
[    1.140465] ehci-pci: EHCI PCI platform driver
[    1.140472] ehci-platform: EHCI generic platform driver
[    1.140477] ohci_hcd: USB 1.1 'Open' Host Controller (OHCI) Driver
[    1.140478] ohci-pci: OHCI PCI platform driver
[    1.140497] ohci-platform: OHCI generic platform driver
[    1.140501] uhci_hcd: USB Universal Host Controller Interface driver
[    1.140638] xhci_hcd 0000:00:14.0: xHCI Host Controller
[    1.140641] xhci_hcd 0000:00:14.0: new USB bus registered, assigned bus number 1
[    1.141770] xhci_hcd 0000:00:14.0: hcc params 0x200077c1 hci version 0x100 quirks 0x0000000001109810
[    1.141805] xhci_hcd 0000:00:14.0: cache line size of 256 is not supported
[    1.141952] usb usb1: New USB device found, idVendor=1d6b, idProduct=0002, bcdDevice= 5.05
[    1.141952] usb usb1: New USB device strings: Mfr=3, Product=2, SerialNumber=1
[    1.141953] usb usb1: Product: xHCI Host Controller
[    1.141954] usb usb1: Manufacturer: Linux 5.5.11-050511-generic xhci-hcd
[    1.141954] usb usb1: SerialNumber: 0000:00:14.0
[    1.142059] hub 1-0:1.0: USB hub found
[    1.142082] hub 1-0:1.0: 16 ports detected
[    1.142423] xhci_hcd 0000:00:14.0: xHCI Host Controller
[    1.142425] xhci_hcd 0000:00:14.0: new USB bus registered, assigned bus number 2
[    1.142426] xhci_hcd 0000:00:14.0: Host supports USB 3.0 SuperSpeed
[    1.142447] usb usb2: New USB device found, idVendor=1d6b, idProduct=0003, bcdDevice= 5.05
[    1.142448] usb usb2: New USB device strings: Mfr=3, Product=2, SerialNumber=1
[    1.142449] usb usb2: Product: xHCI Host Controller
[    1.142449] usb usb2: Manufacturer: Linux 5.5.11-050511-generic xhci-hcd
[    1.142450] usb usb2: SerialNumber: 0000:00:14.0
[    1.142555] hub 2-0:1.0: USB hub found
[    1.142573] hub 2-0:1.0: 8 ports detected
[    1.142799] xhci_hcd 0000:07:00.0: xHCI Host Controller
[    1.142801] xhci_hcd 0000:07:00.0: new USB bus registered, assigned bus number 3
[    1.143875] xhci_hcd 0000:07:00.0: hcc params 0x200077c1 hci version 0x110 quirks 0x0000000200009810
[    1.144004] usb usb3: New USB device found, idVendor=1d6b, idProduct=0002, bcdDevice= 5.05
[    1.144005] usb usb3: New USB device strings: Mfr=3, Product=2, SerialNumber=1
[    1.144006] usb usb3: Product: xHCI Host Controller
[    1.144006] usb usb3: Manufacturer: Linux 5.5.11-050511-generic xhci-hcd
[    1.144007] usb usb3: SerialNumber: 0000:07:00.0
[    1.144100] hub 3-0:1.0: USB hub found
[    1.144105] hub 3-0:1.0: 2 ports detected
[    1.144217] xhci_hcd 0000:07:00.0: xHCI Host Controller
[    1.144218] xhci_hcd 0000:07:00.0: new USB bus registered, assigned bus number 4
[    1.144220] xhci_hcd 0000:07:00.0: Host supports USB 3.1 Enhanced SuperSpeed
[    1.144238] usb usb4: New USB device found, idVendor=1d6b, idProduct=0003, bcdDevice= 5.05
[    1.144239] usb usb4: New USB device strings: Mfr=3, Product=2, SerialNumber=1
[    1.144239] usb usb4: Product: xHCI Host Controller
[    1.144240] usb usb4: Manufacturer: Linux 5.5.11-050511-generic xhci-hcd
[    1.144240] usb usb4: SerialNumber: 0000:07:00.0
[    1.144336] hub 4-0:1.0: USB hub found
[    1.144341] hub 4-0:1.0: 2 ports detected
[    1.144465] xhci_hcd 0000:7d:00.0: xHCI Host Controller
[    1.144467] xhci_hcd 0000:7d:00.0: new USB bus registered, assigned bus number 5
[    1.145538] xhci_hcd 0000:7d:00.0: hcc params 0x200077c1 hci version 0x110 quirks 0x0000000200009810
[    1.145666] usb usb5: New USB device found, idVendor=1d6b, idProduct=0002, bcdDevice= 5.05
[    1.145666] usb usb5: New USB device strings: Mfr=3, Product=2, SerialNumber=1
[    1.145667] usb usb5: Product: xHCI Host Controller
[    1.145667] usb usb5: Manufacturer: Linux 5.5.11-050511-generic xhci-hcd
[    1.145668] usb usb5: SerialNumber: 0000:7d:00.0
[    1.145791] hub 5-0:1.0: USB hub found
[    1.145796] hub 5-0:1.0: 2 ports detected
[    1.145910] xhci_hcd 0000:7d:00.0: xHCI Host Controller
[    1.145911] xhci_hcd 0000:7d:00.0: new USB bus registered, assigned bus number 6
[    1.145912] xhci_hcd 0000:7d:00.0: Host supports USB 3.1 Enhanced SuperSpeed
[    1.145930] usb usb6: New USB device found, idVendor=1d6b, idProduct=0003, bcdDevice= 5.05
[    1.145931] usb usb6: New USB device strings: Mfr=3, Product=2, SerialNumber=1
[    1.145932] usb usb6: Product: xHCI Host Controller
[    1.145932] usb usb6: Manufacturer: Linux 5.5.11-050511-generic xhci-hcd
[    1.145933] usb usb6: SerialNumber: 0000:7d:00.0
[    1.146027] hub 6-0:1.0: USB hub found
[    1.146032] hub 6-0:1.0: 2 ports detected
[    1.146117] i8042: PNP: No PS/2 controller found.
[    1.146257] mousedev: PS/2 mouse device common for all mice
[    1.146528] rtc_cmos 00:01: RTC can wake from S4
[    1.146988] rtc_cmos 00:01: registered as rtc0
[    1.146997] rtc_cmos 00:01: alarms up to one month, y3k, 242 bytes nvram, hpet irqs
[    1.147000] i2c /dev entries driver
[    1.147027] device-mapper: uevent: version 1.0.3
[    1.147057] device-mapper: ioctl: 4.41.0-ioctl (2019-09-16) initialised: dm-devel@redhat.com
[    1.147116] platform eisa.0: Probing EISA bus 0
[    1.147117] platform eisa.0: EISA: Cannot allocate resource for mainboard
[    1.147118] platform eisa.0: Cannot allocate resource for EISA slot 1
[    1.147118] platform eisa.0: Cannot allocate resource for EISA slot 2
[    1.147119] platform eisa.0: Cannot allocate resource for EISA slot 3
[    1.147119] platform eisa.0: Cannot allocate resource for EISA slot 4
[    1.147120] platform eisa.0: Cannot allocate resource for EISA slot 5
[    1.147121] platform eisa.0: Cannot allocate resource for EISA slot 6
[    1.147121] platform eisa.0: Cannot allocate resource for EISA slot 7
[    1.147122] platform eisa.0: Cannot allocate resource for EISA slot 8
[    1.147122] platform eisa.0: EISA: Detected 0 cards
[    1.147124] intel_pstate: Intel P-state driver initializing
[    1.147672] intel_pstate: HWP enabled
[    1.147918] ledtrig-cpu: registered to indicate activity on CPUs
[    1.147920] EFI Variables Facility v0.08 2004-May-17
[    1.442969] intel_pmc_core intel_pmc_core.0:  initialized
[    1.442991] drop_monitor: Initializing network drop monitor service
[    1.443153] NET: Registered protocol family 10
[    1.449282] Segment Routing with IPv6
[    1.449297] NET: Registered protocol family 17
[    1.449486] Key type dns_resolver registered
[    1.450180] RAS: Correctable Errors collector initialized.
[    1.450226] microcode: sig=0x506e3, pf=0x20, revision=0xd6
[    1.450467] microcode: Microcode Update Driver: v2.2.
[    1.450470] IPI shorthand broadcast: enabled
[    1.450474] sched_clock: Marking stable (1454089326, -3624336)->(1456351008, -5886018)
[    1.450733] registered taskstats version 1
[    1.450740] Loading compiled-in X.509 certificates
[    1.452146] Loaded X.509 cert 'Build time autogenerated kernel key: 4d91a07fa2760a9fbef14f62f2d5d74389c83a99'
[    1.452168] zswap: loaded using pool lzo/zbud
[    1.452354] Key type ._fscrypt registered
[    1.452354] Key type .fscrypt registered
[    1.457010] Key type big_key registered
[    1.459748] Key type encrypted registered
[    1.459750] AppArmor: AppArmor sha1 policy hashing enabled
[    1.473774] usb 1-3: new high-speed USB device number 2 using xhci_hcd
[    1.486356] ima: No TPM chip found, activating TPM-bypass!
[    1.486362] ima: Allocated hash algorithm: sha1
[    1.486366] ima: No architecture policies found
[    1.486372] evm: Initialising EVM extended attributes:
[    1.486372] evm: security.selinux
[    1.486372] evm: security.SMACK64
[    1.486373] evm: security.SMACK64EXEC
[    1.486373] evm: security.SMACK64TRANSMUTE
[    1.486373] evm: security.SMACK64MMAP
[    1.486374] evm: security.apparmor
[    1.486374] evm: security.ima
[    1.486374] evm: security.capability
[    1.486375] evm: HMAC attrs: 0x1
[    1.495253] usb 1-3: New USB device found, idVendor=05ac, idProduct=1281, bcdDevice= 0.00
[    1.495254] usb 1-3: New USB device strings: Mfr=2, Product=3, SerialNumber=4
[    1.495255] usb 1-3: Product: Apple Mobile Device (Recovery Mode)
[    1.495256] usb 1-3: Manufacturer: Apple Inc.
[    1.495257] usb 1-3: SerialNumber: CPID:8002 CPRV:10 CPFM:03 SCEP:01 BDID:12 ECID:000C28DA308BAD26 IBFL:3D
[    1.621908] usb 1-11: new high-speed USB device number 3 using xhci_hcd
[    1.649897] usb 1-11: New USB device found, idVendor=2109, idProduct=2813, bcdDevice= 2.21
[    1.649899] usb 1-11: New USB device strings: Mfr=1, Product=2, SerialNumber=0
[    1.649899] usb 1-11: Product: USB2.0 Hub             
[    1.649900] usb 1-11: Manufacturer: VIA Labs, Inc.         
[    1.651365] hub 1-11:1.0: USB hub found
[    1.652251] hub 1-11:1.0: 4 ports detected
[    1.668549] PM:   Magic number: 8:680:291
[    1.668578] tty tty24: hash matches
[    1.668593] acpi device:8f: hash matches
[    1.668774] rtc_cmos 00:01: setting system clock to 2020-06-14T18:15:34 UTC (1592158534)
[    1.669805] Freeing unused decrypted memory: 2040K
[    1.670186] Freeing unused kernel image (initmem) memory: 2664K
[    1.670244] Write protecting the kernel read-only data: 22528k
[    1.670754] Freeing unused kernel image (text/rodata gap) memory: 2044K
[    1.670981] Freeing unused kernel image (rodata/data gap) memory: 976K
[    1.677341] x86/mm: Checked W+X mappings: passed, no W+X pages found.
[    1.677342] x86/mm: Checking user space page tables
[    1.683626] x86/mm: Checked W+X mappings: passed, no W+X pages found.
[    1.683627] Run /init as init process
[    1.746294] [Firmware Bug]: ACPI(GFX0) defines _DOD but not _DOS
[    1.746314] ACPI: Video Device [GFX0] (multi-head: yes  rom: no  post: no)
[    1.748321] acpi device:02: registered as cooling_device8
[    1.748348] input: Video Bus as /devices/LNXSYSTM:00/LNXSYBUS:00/PNP0A08:00/device:01/LNXVIDEO:00/input/input4
[    1.761803] nvme nvme0: pci function 0000:02:00.0
[    1.771305] AMD-Vi: AMD IOMMUv2 driver by Joerg Roedel <jroedel@suse.de>
[    1.771306] AMD-Vi: AMD IOMMUv2 functionality not available on this system
[    1.802464] [drm] amdgpu kernel modesetting enabled.
[    1.802511] CRAT table not found
[    1.802513] Virtual CRAT table created for CPU
[    1.802513] Parsing CRAT table with 1 nodes
[    1.802514] Creating topology SYSFS entries
[    1.802520] Topology: Add CPU node
[    1.802520] Finished initializing topology
[    1.802577] checking generic (b0300000 1cb6000) vs hw (b0000000 10000000)
[    1.802577] fb0: switching to amdgpudrmfb from EFI VGA
[    1.802617] Console: switching to colour dummy device 80x25
[    1.802679] amdgpu 0000:01:00.0: vgaarb: deactivate vga console
[    1.802809] [drm] initializing kernel modesetting (POLARIS11 0x1002:0x67EF 0x106B:0x0160 0xC0).
[    1.802830] [drm] register mmio base: 0x82600000
[    1.802830] [drm] register mmio size: 262144
[    1.802835] [drm] add ip block number 0 <vi_common>
[    1.802836] [drm] add ip block number 1 <gmc_v8_0>
[    1.802836] [drm] add ip block number 2 <tonga_ih>
[    1.802837] [drm] add ip block number 3 <gfx_v8_0>
[    1.802837] [drm] add ip block number 4 <sdma_v3_0>
[    1.802838] [drm] add ip block number 5 <powerplay>
[    1.802838] [drm] add ip block number 6 <dm>
[    1.802839] [drm] add ip block number 7 <uvd_v6_0>
[    1.802839] [drm] add ip block number 8 <vce_v3_0>
[    1.802856] ATOM BIOS: 113-C9801AU-029
[    1.802865] [drm] UVD is enabled in VM mode
[    1.802865] [drm] UVD ENC is enabled in VM mode
[    1.802867] [drm] VCE enabled in VM mode
[    1.802887] [drm] vm size is 64 GB, 2 levels, block size is 10-bit, fragment size is 9-bit
[    1.802912] amdgpu 0000:01:00.0: VRAM: 4096M 0x000000F400000000 - 0x000000F4FFFFFFFF (4096M used)
[    1.802913] amdgpu 0000:01:00.0: GART: 256M 0x000000FF00000000 - 0x000000FF0FFFFFFF
[    1.802918] [drm] Detected VRAM RAM=4096M, BAR=256M
[    1.802918] [drm] RAM width 128bits GDDR5
[    1.802954] [TTM] Zone  kernel: Available graphics memory: 8145658 KiB
[    1.802954] [TTM] Zone   dma32: Available graphics memory: 2097152 KiB
[    1.802955] [TTM] Initializing pool allocator
[    1.802957] [TTM] Initializing DMA pool allocator
[    1.802981] [drm] amdgpu: 4096M of VRAM memory ready
[    1.802983] [drm] amdgpu: 4096M of GTT memory ready.
[    1.802988] [drm] GART: num cpu pages 65536, num gpu pages 65536
[    1.803538] [drm] PCIE GART of 256M enabled (table at 0x000000F401AEB000).
[    1.803619] [drm] Chained IB support enabled!
[    1.804471] amdgpu: [powerplay] hwmgr_sw_init smu backed is polaris10_smu
[    1.804549] [drm] Found UVD firmware Version: 1.130 Family ID: 16
[    1.805268] [drm] Found VCE firmware Version: 52.4 Binary ID: 3
[    1.877845] [drm] DM_PPLIB: values for Engine clock
[    1.877846] [drm] DM_PPLIB:	 214000
[    1.877846] [drm] DM_PPLIB:	 320000
[    1.877846] [drm] DM_PPLIB:	 436000
[    1.877846] [drm] DM_PPLIB:	 556000
[    1.877847] [drm] DM_PPLIB:	 671000
[    1.877847] [drm] DM_PPLIB:	 756000
[    1.877847] [drm] DM_PPLIB:	 838000
[    1.877847] [drm] DM_PPLIB:	 907000
[    1.877848] [drm] DM_PPLIB: Validation clocks:
[    1.877848] [drm] DM_PPLIB:    engine_max_clock: 90700
[    1.877849] [drm] DM_PPLIB:    memory_max_clock: 127000
[    1.877849] [drm] DM_PPLIB:    level           : 8
[    1.877850] [drm] DM_PPLIB: values for Memory clock
[    1.877850] [drm] DM_PPLIB:	 300000
[    1.877850] [drm] DM_PPLIB:	 1270000
[    1.877851] [drm] DM_PPLIB: Validation clocks:
[    1.877851] [drm] DM_PPLIB:    engine_max_clock: 90700
[    1.877851] [drm] DM_PPLIB:    memory_max_clock: 127000
[    1.877851] [drm] DM_PPLIB:    level           : 8
[    1.877932] [drm] Display Core initialized with v3.2.56!
[    1.965769] usb 1-11.2: new high-speed USB device number 4 using xhci_hcd
[    1.985101] nvme nvme0: 1/0/0 default/read/poll queues
[    1.986366] usb 1-11.2: New USB device found, idVendor=1a40, idProduct=0101, bcdDevice= 1.11
[    1.986367] usb 1-11.2: New USB device strings: Mfr=0, Product=1, SerialNumber=0
[    1.986368] usb 1-11.2: Product: USB 2.0 Hub
[    1.987096] hub 1-11.2:1.0: USB hub found
[    1.987188] hub 1-11.2:1.0: 4 ports detected
[    2.014656]  nvme0n1: p1 p2
[    2.081741] usb 1-11.3: new high-speed USB device number 5 using xhci_hcd
[    2.090042] [drm] Supports vblank timestamp caching Rev 2 (21.10.2013).
[    2.090042] [drm] Driver supports precise vblank timestamp query.
[    2.117073] usb 1-11.3: New USB device found, idVendor=2109, idProduct=d101, bcdDevice= 3.01
[    2.117075] usb 1-11.3: New USB device strings: Mfr=1, Product=2, SerialNumber=3
[    2.117075] usb 1-11.3: Product: USB Keyboard           
[    2.117076] usb 1-11.3: Manufacturer: VIA Labs, Inc.         
[    2.117077] usb 1-11.3: SerialNumber: 0000000000000001
[    2.120527] hid: raw HID events driver (C) Jiri Kosina
[    2.127615] usbcore: registered new interface driver usbhid
[    2.127616] usbhid: USB HID core driver
[    2.129109] hid-generic 0003:2109:D101.0001: hiddev0,hidraw0: USB HID v1.10 Device [VIA Labs, Inc.          USB Keyboard           ] on usb-0000:00:14.0-11.3/input0
[    2.136258] [drm] UVD and UVD ENC initialized successfully.
[    2.146209] tsc: Refined TSC clocksource calibration: 2903.971 MHz
[    2.146213] clocksource: tsc: mask: 0xffffffffffffffff max_cycles: 0x29dbea8485b, max_idle_ns: 440795350411 ns
[    2.146262] clocksource: Switched to clocksource tsc
[    2.246207] [drm] VCE initialized successfully.
[    2.247345] kfd kfd: Allocated 3969056 bytes on gart
[    2.248014] Virtual CRAT table created for GPU
[    2.248015] Parsing CRAT table with 1 nodes
[    2.248017] Creating topology SYSFS entries
[    2.248048] Topology: Add dGPU node [0x67ef:0x1002]
[    2.248050] kfd kfd: added device 1002:67ef
[    2.252029] [drm] fb mappable at 0xB201B000
[    2.252030] [drm] vram apper at 0xB0000000
[    2.252030] [drm] size 20738048
[    2.252031] [drm] fb depth is 24
[    2.252031] [drm]    pitch is 11520
[    2.252236] fbcon: amdgpudrmfb (fb0) is primary device
[    2.307221] Console: switching to colour frame buffer device 240x67
[    2.324713] amdgpu 0000:01:00.0: fb0: amdgpudrmfb frame buffer device
[    2.338420] [drm] Initialized amdgpu 3.36.0 20150101 for 0000:01:00.0 on minor 0
[    2.393775] usb 1-11.2.4: new full-speed USB device number 6 using xhci_hcd
[    2.616747] usb 1-11.2.4: New USB device found, idVendor=046d, idProduct=c534, bcdDevice=29.01
[    2.616748] usb 1-11.2.4: New USB device strings: Mfr=1, Product=2, SerialNumber=0
[    2.616749] usb 1-11.2.4: Product: USB Receiver
[    2.616750] usb 1-11.2.4: Manufacturer: Logitech
[    2.617705] raid6: avx2x4   gen() 36665 MB/s
[    2.623683] input: Logitech USB Receiver as /devices/pci0000:00/0000:00:14.0/usb1/1-11/1-11.2/1-11.2.4/1-11.2.4:1.0/0003:046D:C534.0002/input/input5
[    2.681975] hid-generic 0003:046D:C534.0002: input,hidraw1: USB HID v1.11 Keyboard [Logitech USB Receiver] on usb-0000:00:14.0-11.2.4/input0
[    2.684326] input: Logitech USB Receiver Mouse as /devices/pci0000:00/0000:00:14.0/usb1/1-11/1-11.2/1-11.2.4/1-11.2.4:1.1/0003:046D:C534.0003/input/input6
[    2.684468] input: Logitech USB Receiver Consumer Control as /devices/pci0000:00/0000:00:14.0/usb1/1-11/1-11.2/1-11.2.4/1-11.2.4:1.1/0003:046D:C534.0003/input/input7
[    2.685705] raid6: avx2x4   xor() 22811 MB/s
[    2.741836] input: Logitech USB Receiver System Control as /devices/pci0000:00/0000:00:14.0/usb1/1-11/1-11.2/1-11.2.4/1-11.2.4:1.1/0003:046D:C534.0003/input/input8
[    2.741916] hid-generic 0003:046D:C534.0003: input,hiddev1,hidraw2: USB HID v1.11 Mouse [Logitech USB Receiver] on usb-0000:00:14.0-11.2.4/input1
[    2.753703] raid6: avx2x2   gen() 31950 MB/s
[    2.821704] raid6: avx2x2   xor() 20294 MB/s
[    2.889704] raid6: avx2x1   gen() 26384 MB/s
[    2.957704] raid6: avx2x1   xor() 19494 MB/s
[    3.025703] raid6: sse2x4   gen() 15627 MB/s
[    3.093705] raid6: sse2x4   xor()  9628 MB/s
[    3.161706] raid6: sse2x2   gen() 13081 MB/s
[    3.229705] raid6: sse2x2   xor()  8874 MB/s
[    3.297707] raid6: sse2x1   gen() 12123 MB/s
[    3.365706] raid6: sse2x1   xor()  6935 MB/s
[    3.365707] raid6: using algorithm avx2x4 gen() 36665 MB/s
[    3.365707] raid6: .... xor() 22811 MB/s, rmw enabled
[    3.365708] raid6: using avx2x2 recovery algorithm
[    3.367759] xor: automatically using best checksumming function   avx       
[    3.383331] Btrfs loaded, crc32c=crc32c-intel
[    3.426341] EXT4-fs (nvme0n1p2): mounted filesystem with ordered data mode. Opts: (null)
[    3.466311] logitech-djreceiver 0003:046D:C534.0002: hidraw1: USB HID v1.11 Keyboard [Logitech USB Receiver] on usb-0000:00:14.0-11.2.4/input0
[    3.654504] logitech-djreceiver 0003:046D:C534.0003: hiddev1,hidraw2: USB HID v1.11 Mouse [Logitech USB Receiver] on usb-0000:00:14.0-11.2.4/input1
[    3.716692] logitech-djreceiver 0003:046D:C534.0003: device of type eQUAD nano Lite (0x0a) connected on slot 1
[    3.716927] input: Logitech Wireless Keyboard PID:4023 Keyboard as /devices/pci0000:00/0000:00:14.0/usb1/1-11/1-11.2/1-11.2.4/1-11.2.4:1.1/0003:046D:C534.0003/0003:046D:4023.0004/input/input11
[    3.717023] input: Logitech Wireless Keyboard PID:4023 Consumer Control as /devices/pci0000:00/0000:00:14.0/usb1/1-11/1-11.2/1-11.2.4/1-11.2.4:1.1/0003:046D:C534.0003/0003:046D:4023.0004/input/input12
[    3.717129] input: Logitech Wireless Keyboard PID:4023 System Control as /devices/pci0000:00/0000:00:14.0/usb1/1-11/1-11.2/1-11.2.4/1-11.2.4:1.1/0003:046D:C534.0003/0003:046D:4023.0004/input/input13
[    3.717190] hid-generic 0003:046D:4023.0004: input,hidraw3: USB HID v1.11 Keyboard [Logitech Wireless Keyboard PID:4023] on usb-0000:00:14.0-11.2.4/input1:1
[    3.718625] logitech-djreceiver 0003:046D:C534.0003: device of type eQUAD nano Lite (0x0a) connected on slot 2
[    3.718804] input: Logitech Wireless Mouse PID:4054 Mouse as /devices/pci0000:00/0000:00:14.0/usb1/1-11/1-11.2/1-11.2.4/1-11.2.4:1.1/0003:046D:C534.0003/0003:046D:4054.0005/input/input18
[    3.718890] hid-generic 0003:046D:4054.0005: input,hidraw4: USB HID v1.11 Mouse [Logitech Wireless Mouse PID:4054] on usb-0000:00:14.0-11.2.4/input1:2
[    3.880855] input: Logitech Wireless Keyboard PID:4023 as /devices/pci0000:00/0000:00:14.0/usb1/1-11/1-11.2/1-11.2.4/1-11.2.4:1.1/0003:046D:C534.0003/0003:046D:4023.0004/input/input22
[    3.880993] logitech-hidpp-device 0003:046D:4023.0004: input,hidraw3: USB HID v1.11 Keyboard [Logitech Wireless Keyboard PID:4023] on usb-0000:00:14.0-11.2.4/input1:1
[    3.928888] input: Logitech Wireless Mouse as /devices/pci0000:00/0000:00:14.0/usb1/1-11/1-11.2/1-11.2.4/1-11.2.4:1.1/0003:046D:C534.0003/0003:046D:4054.0005/input/input23
[    3.929269] logitech-hidpp-device 0003:046D:4054.0005: input,hidraw4: USB HID v1.11 Mouse [Logitech Wireless Mouse] on usb-0000:00:14.0-11.2.4/input1:2
[    4.594249] systemd[1]: systemd 237 running in system mode. (+PAM +AUDIT +SELINUX +IMA +APPARMOR +SMACK +SYSVINIT +UTMP +LIBCRYPTSETUP +GCRYPT +GNUTLS +ACL +XZ +LZ4 +SECCOMP +BLKID +ELFUTILS +KMOD -IDN2 +IDN -PCRE2 default-hierarchy=hybrid)
[    4.614194] systemd[1]: Detected architecture x86-64.
[    4.631509] systemd[1]: Set hostname to <asimov-MacBookPro>.
[    4.687371] systemd[1]: Created slice User and Session Slice.
[    4.687399] systemd[1]: Reached target User and Group Name Lookups.
[    4.687434] systemd[1]: Started Forward Password Requests to Wall Directory Watch.
[    4.687441] systemd[1]: Reached target Remote File Systems.
[    4.687526] systemd[1]: Created slice System Slice.
[    4.687565] systemd[1]: Listening on fsck to fsckd communication Socket.
[    4.688710] systemd[1]: Listening on Process Core Dump Socket.
[    4.700039] EXT4-fs (nvme0n1p2): re-mounted. Opts: errors=remount-ro
[    4.705379] lp: driver loaded but no devices found
[    4.710637] ppdev: user-space parallel port driver
[    4.768115] cryptd: max_cpu_qlen set to 1000
[    4.774488] AVX2 version of gcm_enc/dec engaged.
[    4.774490] AES CTR mode by8 optimization enabled
[    4.792415] systemd-journald[478]: Received request to flush runtime journal from PID 1
[    4.894738] smbus_hc ACPI0001:00: SBS HC: offset = 0x20, query_bit = 0x10
[    4.896300] apple_gmux: Found gmux version 4.0.29 [indexed]
[    4.919184] Bluetooth: Core ver 2.22
[    4.919200] NET: Registered protocol family 31
[    4.919201] Bluetooth: HCI device and connection manager initialized
[    4.919204] Bluetooth: HCI socket layer initialized
[    4.919205] Bluetooth: L2CAP socket layer initialized
[    4.919209] Bluetooth: SCO socket layer initialized
[    4.922003] intel-lpss 0000:00:15.0: enabling device (0000 -> 0002)
[    4.922313] idma64 idma64.0: Found Intel integrated DMA 64-bit
[    4.927064] cfg80211: Loading compiled-in X.509 certificates for regulatory database
[    4.939000] cfg80211: Loaded X.509 cert 'sforshee: 00b28ddf47aef9cea7'
[    4.941733] intel-lpss 0000:00:19.0: enabling device (0000 -> 0002)
[    4.961738] intel-lpss 0000:00:1e.0: enabling device (0000 -> 0002)
[    4.962008] idma64 idma64.2: Found Intel integrated DMA 64-bit
[    4.966949] RAPL PMU: API unit is 2^-32 Joules, 4 fixed counters, 655360 ms ovfl timer
[    4.966951] RAPL PMU: hw unit of domain pp0-core 2^-14 Joules
[    4.966951] RAPL PMU: hw unit of domain package 2^-14 Joules
[    4.966952] RAPL PMU: hw unit of domain dram 2^-14 Joules
[    4.966952] RAPL PMU: hw unit of domain pp1-gpu 2^-14 Joules
[    4.975930] usbcore: registered new interface driver brcmfmac
[    4.978978] Bluetooth: HCI UART driver ver 2.3
[    4.978979] Bluetooth: HCI UART protocol H4 registered
[    4.978980] Bluetooth: HCI UART protocol BCSP registered
[    4.978989] Bluetooth: HCI UART protocol LL registered
[    4.978989] Bluetooth: HCI UART protocol ATH3K registered
[    4.978996] Bluetooth: HCI UART protocol Three-wire (H5) registered
[    4.979058] Bluetooth: HCI UART protocol Intel registered
[    4.981822] Bluetooth: HCI UART protocol Broadcom registered
[    4.981830] Bluetooth: HCI UART protocol QCA registered
[    4.981836] Bluetooth: HCI UART protocol AG6XX registered
[    4.982595] intel-lpss 0000:00:1e.1: enabling device (0000 -> 0002)
[    4.982949] idma64 idma64.3: Found Intel integrated DMA 64-bit
[    4.983013] snd_hda_intel 0000:01:00.1: enabling device (0000 -> 0002)
[    4.983070] snd_hda_intel 0000:01:00.1: Force to non-snoop mode
[    4.986529] Bluetooth: HCI UART protocol Marvell registered
[    4.992447] snd_hda_intel 0000:01:00.1: bound 0000:01:00.0 (ops amdgpu_dm_audio_component_bind_ops [amdgpu])
[    4.997676] input: HDA ATI HDMI HDMI/DP,pcm=3 as /devices/pci0000:00/0000:00:01.0/0000:01:00.1/sound/card1/input24
[    4.997766] input: HDA ATI HDMI HDMI/DP,pcm=7 as /devices/pci0000:00/0000:00:01.0/0000:01:00.1/sound/card1/input25
[    4.997811] input: HDA ATI HDMI HDMI/DP,pcm=8 as /devices/pci0000:00/0000:00:01.0/0000:01:00.1/sound/card1/input26
[    4.997844] input: HDA ATI HDMI HDMI/DP,pcm=9 as /devices/pci0000:00/0000:00:01.0/0000:01:00.1/sound/card1/input27
[    4.997879] input: HDA ATI HDMI HDMI/DP,pcm=10 as /devices/pci0000:00/0000:00:01.0/0000:01:00.1/sound/card1/input28
[    4.997911] input: HDA ATI HDMI HDMI/DP,pcm=11 as /devices/pci0000:00/0000:00:01.0/0000:01:00.1/sound/card1/input29
[    5.001796] intel-lpss 0000:00:1e.2: enabling device (0000 -> 0002)
[    5.002185] idma64 idma64.4: Found Intel integrated DMA 64-bit
[    5.020294] snd_hda_codec_cirrus: loading out-of-tree module taints kernel.
[    5.020339] snd_hda_codec_cirrus: module verification failed: signature and/or required key missing - tainting kernel
[    5.021143] snd_hda_codec_cirrus hdaudioC0D0: autoconfig for CS8409: line_outs=2 (0x24/0x25/0x0/0x0/0x0) type:speaker
[    5.021145] snd_hda_codec_cirrus hdaudioC0D0:    speaker_outs=0 (0x0/0x0/0x0/0x0/0x0)
[    5.021147] snd_hda_codec_cirrus hdaudioC0D0:    hp_outs=1 (0x2c/0x0/0x0/0x0/0x0)
[    5.021149] snd_hda_codec_cirrus hdaudioC0D0:    mono: mono_out=0x0
[    5.021150] snd_hda_codec_cirrus hdaudioC0D0:    inputs:
[    5.021152] snd_hda_codec_cirrus hdaudioC0D0:      Internal Mic=0x44
[    5.021154] snd_hda_codec_cirrus hdaudioC0D0:      Mic=0x3c
[    5.021785] intel-lpss 0000:00:1e.3: enabling device (0000 -> 0002)
[    5.022152] idma64 idma64.5: Found Intel integrated DMA 64-bit
[    5.044304] audit: type=1400 audit(1592158537.869:2): apparmor="STATUS" operation="profile_load" profile="unconfined" name="libreoffice-xpdfimport" pid=741 comm="apparmor_parser"
[    5.050135] audit: type=1400 audit(1592158537.877:3): apparmor="STATUS" operation="profile_load" profile="unconfined" name="/sbin/dhclient" pid=735 comm="apparmor_parser"
