[    0.000000] microcode: microcode updated early to revision 0xdc, date = 2020-04-27
[    0.000000] Linux version 5.5.11-050511-generic (kernel@kathleen) (gcc version 9.3.0 (Ubuntu 9.3.0-3ubuntu1)) #202003210837 SMP Sat Mar 21 08:40:31 UTC 2020
[    0.000000] Command line: BOOT_IMAGE=/boot/vmlinuz-5.5.11-050511-generic root=/dev/mapper/mint--vg-root ro quiet splash vt.handoff=1
[    0.000000] KERNEL supported cpus:
[    0.000000]   Intel GenuineIntel
[    0.000000]   AMD AuthenticAMD
[    0.000000]   Hygon HygonGenuine
[    0.000000]   Centaur CentaurHauls
[    0.000000]   zhaoxin   Shanghai  
[    0.000000] x86/fpu: Supporting XSAVE feature 0x001: 'x87 floating point registers'
[    0.000000] x86/fpu: Supporting XSAVE feature 0x002: 'SSE registers'
[    0.000000] x86/fpu: Supporting XSAVE feature 0x004: 'AVX registers'
[    0.000000] x86/fpu: Supporting XSAVE feature 0x008: 'MPX bounds registers'
[    0.000000] x86/fpu: Supporting XSAVE feature 0x010: 'MPX CSR'
[    0.000000] x86/fpu: xstate_offset[2]:  576, xstate_sizes[2]:  256
[    0.000000] x86/fpu: xstate_offset[3]:  832, xstate_sizes[3]:   64
[    0.000000] x86/fpu: xstate_offset[4]:  896, xstate_sizes[4]:   64
[    0.000000] x86/fpu: Enabled xstate features 0x1f, context size is 960 bytes, using 'compacted' format.
[    0.000000] BIOS-provided physical RAM map:
[    0.000000] BIOS-e820: [mem 0x0000000000000000-0x0000000000057fff] usable
[    0.000000] BIOS-e820: [mem 0x0000000000058000-0x0000000000058fff] reserved
[    0.000000] BIOS-e820: [mem 0x0000000000059000-0x000000000009dfff] usable
[    0.000000] BIOS-e820: [mem 0x000000000009e000-0x00000000000fffff] reserved
[    0.000000] BIOS-e820: [mem 0x0000000000100000-0x0000000074021fff] usable
[    0.000000] BIOS-e820: [mem 0x0000000074022000-0x0000000074373fff] reserved
[    0.000000] BIOS-e820: [mem 0x0000000074374000-0x0000000074e04fff] usable
[    0.000000] BIOS-e820: [mem 0x0000000074e05000-0x0000000074e05fff] ACPI NVS
[    0.000000] BIOS-e820: [mem 0x0000000074e06000-0x0000000074e4ffff] reserved
[    0.000000] BIOS-e820: [mem 0x0000000074e50000-0x000000007507dfff] usable
[    0.000000] BIOS-e820: [mem 0x000000007507e000-0x000000007507efff] reserved
[    0.000000] BIOS-e820: [mem 0x000000007507f000-0x000000007ac7efff] usable
[    0.000000] BIOS-e820: [mem 0x000000007ac7f000-0x000000007af4efff] reserved
[    0.000000] BIOS-e820: [mem 0x000000007af4f000-0x000000007af9efff] ACPI NVS
[    0.000000] BIOS-e820: [mem 0x000000007af9f000-0x000000007affefff] ACPI data
[    0.000000] BIOS-e820: [mem 0x000000007afff000-0x000000007affffff] usable
[    0.000000] BIOS-e820: [mem 0x000000007b000000-0x000000007fffffff] reserved
[    0.000000] BIOS-e820: [mem 0x00000000e00fa000-0x00000000e00fafff] reserved
[    0.000000] BIOS-e820: [mem 0x00000000e00fd000-0x00000000e00fdfff] reserved
[    0.000000] BIOS-e820: [mem 0x00000000fe000000-0x00000000fe010fff] reserved
[    0.000000] BIOS-e820: [mem 0x00000000ff939000-0x00000000ff968fff] reserved
[    0.000000] BIOS-e820: [mem 0x0000000100000000-0x000000047effffff] usable
[    0.000000] NX (Execute Disable) protection: active
[    0.000000] e820: update [mem 0x73954018-0x73962857] usable ==> usable
[    0.000000] e820: update [mem 0x73954018-0x73962857] usable ==> usable
[    0.000000] e820: update [mem 0x72545018-0x7255670d] usable ==> usable
[    0.000000] e820: update [mem 0x72545018-0x7255670d] usable ==> usable
[    0.000000] extended physical RAM map:
[    0.000000] reserve setup_data: [mem 0x0000000000000000-0x0000000000057fff] usable
[    0.000000] reserve setup_data: [mem 0x0000000000058000-0x0000000000058fff] reserved
[    0.000000] reserve setup_data: [mem 0x0000000000059000-0x000000000009dfff] usable
[    0.000000] reserve setup_data: [mem 0x000000000009e000-0x00000000000fffff] reserved
[    0.000000] reserve setup_data: [mem 0x0000000000100000-0x0000000072545017] usable
[    0.000000] reserve setup_data: [mem 0x0000000072545018-0x000000007255670d] usable
[    0.000000] reserve setup_data: [mem 0x000000007255670e-0x0000000073954017] usable
[    0.000000] reserve setup_data: [mem 0x0000000073954018-0x0000000073962857] usable
[    0.000000] reserve setup_data: [mem 0x0000000073962858-0x0000000074021fff] usable
[    0.000000] reserve setup_data: [mem 0x0000000074022000-0x0000000074373fff] reserved
[    0.000000] reserve setup_data: [mem 0x0000000074374000-0x0000000074e04fff] usable
[    0.000000] reserve setup_data: [mem 0x0000000074e05000-0x0000000074e05fff] ACPI NVS
[    0.000000] reserve setup_data: [mem 0x0000000074e06000-0x0000000074e4ffff] reserved
[    0.000000] reserve setup_data: [mem 0x0000000074e50000-0x000000007507dfff] usable
[    0.000000] reserve setup_data: [mem 0x000000007507e000-0x000000007507efff] reserved
[    0.000000] reserve setup_data: [mem 0x000000007507f000-0x000000007ac7efff] usable
[    0.000000] reserve setup_data: [mem 0x000000007ac7f000-0x000000007af4efff] reserved
[    0.000000] reserve setup_data: [mem 0x000000007af4f000-0x000000007af9efff] ACPI NVS
[    0.000000] reserve setup_data: [mem 0x000000007af9f000-0x000000007affefff] ACPI data
[    0.000000] reserve setup_data: [mem 0x000000007afff000-0x000000007affffff] usable
[    0.000000] reserve setup_data: [mem 0x000000007b000000-0x000000007fffffff] reserved
[    0.000000] reserve setup_data: [mem 0x00000000e00fa000-0x00000000e00fafff] reserved
[    0.000000] reserve setup_data: [mem 0x00000000e00fd000-0x00000000e00fdfff] reserved
[    0.000000] reserve setup_data: [mem 0x00000000fe000000-0x00000000fe010fff] reserved
[    0.000000] reserve setup_data: [mem 0x00000000ff939000-0x00000000ff968fff] reserved
[    0.000000] reserve setup_data: [mem 0x0000000100000000-0x000000047effffff] usable
[    0.000000] efi: EFI v2.40 by Apple
[    0.000000] efi:  ACPI=0x7affe000  ACPI 2.0=0x7affe014  SMBIOS=0x7aeff000  SMBIOS 3.0=0x7aefd000 
[    0.000000] SMBIOS 3.0.0 present.
[    0.000000] DMI: Apple Inc. MacBookPro13,3/Mac-A5C67F76ED83108C, BIOS 267.0.0.0.0 04/24/2020
[    0.000000] tsc: Detected 2900.000 MHz processor
[    0.000952] tsc: Detected 2899.886 MHz TSC
[    0.000952] e820: update [mem 0x00000000-0x00000fff] usable ==> reserved
[    0.000953] e820: remove [mem 0x000a0000-0x000fffff] usable
[    0.000958] last_pfn = 0x47f000 max_arch_pfn = 0x400000000
[    0.000961] MTRR default type: write-back
[    0.000962] MTRR fixed ranges enabled:
[    0.000962]   00000-9FFFF write-back
[    0.000963]   A0000-BFFFF uncachable
[    0.000964]   C0000-DFFFF write-protect
[    0.000964]   E0000-FFFFF uncachable
[    0.000965] MTRR variable ranges enabled:
[    0.000966]   0 base 0080000000 mask 7F80000000 uncachable
[    0.000966]   1 base 007C000000 mask 7FFC000000 uncachable
[    0.000967]   2 base 007B000000 mask 7FFF000000 uncachable
[    0.000967]   3 base 4000000000 mask 4000000000 uncachable
[    0.000968]   4 disabled
[    0.000968]   5 disabled
[    0.000969]   6 disabled
[    0.000969]   7 disabled
[    0.000969]   8 disabled
[    0.000969]   9 disabled
[    0.001267] x86/PAT: Configuration [0-7]: WB  WC  UC- UC  WB  WP  UC- WT  
[    0.001391] last_pfn = 0x7b000 max_arch_pfn = 0x400000000
[    0.012404] check: Scanning 1 areas for low memory corruption
[    0.012419] Using GB pages for direct mapping
[    0.012420] BRK [0x21ee01000, 0x21ee01fff] PGTABLE
[    0.012422] BRK [0x21ee02000, 0x21ee02fff] PGTABLE
[    0.012422] BRK [0x21ee03000, 0x21ee03fff] PGTABLE
[    0.012457] BRK [0x21ee04000, 0x21ee04fff] PGTABLE
[    0.012458] BRK [0x21ee05000, 0x21ee05fff] PGTABLE
[    0.012571] BRK [0x21ee06000, 0x21ee06fff] PGTABLE
[    0.012601] BRK [0x21ee07000, 0x21ee07fff] PGTABLE
[    0.012654] BRK [0x21ee08000, 0x21ee08fff] PGTABLE
[    0.012699] BRK [0x21ee09000, 0x21ee09fff] PGTABLE
[    0.012740] BRK [0x21ee0a000, 0x21ee0afff] PGTABLE
[    0.012821] BRK [0x21ee0b000, 0x21ee0bfff] PGTABLE
[    0.012871] BRK [0x21ee0c000, 0x21ee0cfff] PGTABLE
[    0.012916] Secure boot disabled
[    0.012917] RAMDISK: [mem 0x3cbc3000-0x3fffdfff]
[    0.012933] ACPI: Early table checksum verification disabled
[    0.012935] ACPI: RSDP 0x000000007AFFE014 000024 (v02 APPLE )
[    0.012937] ACPI: XSDT 0x000000007AFC6188 0000D4 (v01 APPLE  Apple00  00000000      01000013)
[    0.012941] ACPI: FACP 0x000000007AFF8000 0000F4 (v05 APPLE  Apple00  00000000 Loki 0000005F)
[    0.012945] ACPI: DSDT 0x000000007AFEB000 0086AB (v02 APPLE  MacBookP 00150001 INTL 20140424)
[    0.012947] ACPI: FACS 0x000000007AF9B000 000040
[    0.012949] ACPI: UEFI 0x000000007AF9D000 000042 (v01 INTEL  EDK2     00000002      01000013)
[    0.012951] ACPI: ECDT 0x000000007AFFA000 000053 (v01 APPLE  Apple00  00000001 Loki 0000005F)
[    0.012953] ACPI: HPET 0x000000007AFF7000 000038 (v01 APPLE  Apple00  00000001 Loki 0000005F)
[    0.012955] ACPI: APIC 0x000000007AFF6000 0000BC (v02 APPLE  Apple00  00000001 Loki 0000005F)
[    0.012956] ACPI: MCFG 0x000000007AFF5000 00003C (v01 APPLE  Apple00  00000001 Loki 0000005F)
[    0.012958] ACPI: SBST 0x000000007AFF4000 000030 (v01 APPLE  Apple00  00000001 Loki 0000005F)
[    0.012960] ACPI: SSDT 0x000000007AFEA000 000024 (v01 APPLE  SmcDppt  00001000 INTL 20140424)
[    0.012962] ACPI: SSDT 0x000000007AFE9000 0007FD (v02 APPLE  PEG0GFX0 00001000 INTL 20140424)
[    0.012964] ACPI: SSDT 0x000000007AFE8000 000024 (v01 APPLE  PEG0SSD0 00001000 INTL 20140424)
[    0.012966] ACPI: SSDT 0x000000007AFE5000 000031 (v01 APPLE  SsdtS3   00001000 INTL 20140424)
[    0.012968] ACPI: SSDT 0x000000007AFE4000 0000DD (v01 APPLE  SataAhci 00001000 INTL 20140424)
[    0.012970] ACPI: SSDT 0x000000007AFE3000 0000B8 (v01 APPLE  Sdxc     00001000 INTL 20140424)
[    0.012971] ACPI: SSDT 0x000000007AFCE000 00996E (v02 APPLE  TbtPEG12 00001000 INTL 20140424)
[    0.012973] ACPI: SSDT 0x000000007AFCD000 000C97 (v02 APPLE  Xhci     00001000 INTL 20140424)
[    0.012975] ACPI: SSDT 0x000000007AFCC000 000612 (v02 PmRef  Cpu0Ist  00003000 INTL 20140424)
[    0.012977] ACPI: SSDT 0x000000007AFCB000 0005AA (v02 PmRef  ApIst    00003000 INTL 20140424)
[    0.012979] ACPI: SSDT 0x000000007AFCA000 000295 (v02 PmRef  Cpu0Cst  00003001 INTL 20140424)
[    0.012981] ACPI: SSDT 0x000000007AFC9000 000119 (v02 PmRef  ApCst    00003000 INTL 20140424)
[    0.012983] ACPI: SSDT 0x000000007AFC8000 000EEF (v02 CpuRef CpuSsdt  00003000 INTL 20140424)
[    0.012985] ACPI: DMAR 0x000000007AFC7000 000160 (v01 APPLE  SKL      00000001 INTL 00000001)
[    0.012987] ACPI: VFCT 0x000000007AFB7000 00E884 (v01 APPLE  Apple00  00000001 AMD  31504F47)
[    0.012992] ACPI: DMI detected to setup _OSI("Darwin"): Apple hardware
[    0.012994] ACPI: Local APIC address 0xfee00000
[    0.013266] No NUMA configuration found
[    0.013266] Faking a node at [mem 0x0000000000000000-0x000000047effffff]
[    0.013275] NODE_DATA(0) allocated [mem 0x47efd6000-0x47effffff]
[    0.013440] Zone ranges:
[    0.013440]   DMA      [mem 0x0000000000001000-0x0000000000ffffff]
[    0.013441]   DMA32    [mem 0x0000000001000000-0x00000000ffffffff]
[    0.013442]   Normal   [mem 0x0000000100000000-0x000000047effffff]
[    0.013443]   Device   empty
[    0.013443] Movable zone start for each node
[    0.013445] Early memory node ranges
[    0.013446]   node   0: [mem 0x0000000000001000-0x0000000000057fff]
[    0.013447]   node   0: [mem 0x0000000000059000-0x000000000009dfff]
[    0.013447]   node   0: [mem 0x0000000000100000-0x0000000074021fff]
[    0.013448]   node   0: [mem 0x0000000074374000-0x0000000074e04fff]
[    0.013448]   node   0: [mem 0x0000000074e50000-0x000000007507dfff]
[    0.013449]   node   0: [mem 0x000000007507f000-0x000000007ac7efff]
[    0.013449]   node   0: [mem 0x000000007afff000-0x000000007affffff]
[    0.013449]   node   0: [mem 0x0000000100000000-0x000000047effffff]
[    0.013627] Zeroed struct page in unavailable ranges: 26498 pages
[    0.013628] Initmem setup node 0 [mem 0x0000000000001000-0x000000047effffff]
[    0.013629] On node 0 totalpages: 4167806
[    0.013629]   DMA zone: 64 pages used for memmap
[    0.013630]   DMA zone: 21 pages reserved
[    0.013630]   DMA zone: 3996 pages, LIFO batch:0
[    0.013669]   DMA32 zone: 7780 pages used for memmap
[    0.013669]   DMA32 zone: 497890 pages, LIFO batch:63
[    0.020679]   Normal zone: 57280 pages used for memmap
[    0.020680]   Normal zone: 3665920 pages, LIFO batch:63
[    0.055395] ACPI: PM-Timer IO Port: 0x1808
[    0.055396] ACPI: Local APIC address 0xfee00000
[    0.055401] ACPI: LAPIC_NMI (acpi_id[0x01] high edge lint[0x1])
[    0.055401] ACPI: LAPIC_NMI (acpi_id[0x02] high edge lint[0x1])
[    0.055402] ACPI: LAPIC_NMI (acpi_id[0x03] high edge lint[0x1])
[    0.055402] ACPI: LAPIC_NMI (acpi_id[0x04] high edge lint[0x1])
[    0.055403] ACPI: LAPIC_NMI (acpi_id[0x05] high edge lint[0x1])
[    0.055403] ACPI: LAPIC_NMI (acpi_id[0x06] high edge lint[0x1])
[    0.055403] ACPI: LAPIC_NMI (acpi_id[0x07] high edge lint[0x1])
[    0.055404] ACPI: LAPIC_NMI (acpi_id[0x08] high edge lint[0x1])
[    0.055439] IOAPIC[0]: apic_id 2, version 32, address 0xfec00000, GSI 0-23
[    0.055441] ACPI: INT_SRC_OVR (bus 0 bus_irq 0 global_irq 2 dfl dfl)
[    0.055442] ACPI: INT_SRC_OVR (bus 0 bus_irq 9 global_irq 9 high level)
[    0.055443] ACPI: IRQ0 used by override.
[    0.055444] ACPI: IRQ9 used by override.
[    0.055445] Using ACPI (MADT) for SMP configuration information
[    0.055446] ACPI: HPET id: 0x8086a201 base: 0xfed00000
[    0.055448] smpboot: Allowing 8 CPUs, 0 hotplug CPUs
[    0.055462] PM: Registered nosave memory: [mem 0x00000000-0x00000fff]
[    0.055463] PM: Registered nosave memory: [mem 0x00058000-0x00058fff]
[    0.055464] PM: Registered nosave memory: [mem 0x0009e000-0x000fffff]
[    0.055465] PM: Registered nosave memory: [mem 0x72545000-0x72545fff]
[    0.055466] PM: Registered nosave memory: [mem 0x72556000-0x72556fff]
[    0.055467] PM: Registered nosave memory: [mem 0x73954000-0x73954fff]
[    0.055468] PM: Registered nosave memory: [mem 0x73962000-0x73962fff]
[    0.055469] PM: Registered nosave memory: [mem 0x74022000-0x74373fff]
[    0.055470] PM: Registered nosave memory: [mem 0x74e05000-0x74e05fff]
[    0.055471] PM: Registered nosave memory: [mem 0x74e06000-0x74e4ffff]
[    0.055472] PM: Registered nosave memory: [mem 0x7507e000-0x7507efff]
[    0.055473] PM: Registered nosave memory: [mem 0x7ac7f000-0x7af4efff]
[    0.055473] PM: Registered nosave memory: [mem 0x7af4f000-0x7af9efff]
[    0.055473] PM: Registered nosave memory: [mem 0x7af9f000-0x7affefff]
[    0.055474] PM: Registered nosave memory: [mem 0x7b000000-0x7fffffff]
[    0.055475] PM: Registered nosave memory: [mem 0x80000000-0xe00f9fff]
[    0.055475] PM: Registered nosave memory: [mem 0xe00fa000-0xe00fafff]
[    0.055476] PM: Registered nosave memory: [mem 0xe00fb000-0xe00fcfff]
[    0.055476] PM: Registered nosave memory: [mem 0xe00fd000-0xe00fdfff]
[    0.055476] PM: Registered nosave memory: [mem 0xe00fe000-0xfdffffff]
[    0.055477] PM: Registered nosave memory: [mem 0xfe000000-0xfe010fff]
[    0.055477] PM: Registered nosave memory: [mem 0xfe011000-0xff938fff]
[    0.055477] PM: Registered nosave memory: [mem 0xff939000-0xff968fff]
[    0.055478] PM: Registered nosave memory: [mem 0xff969000-0xffffffff]
[    0.055479] [mem 0x80000000-0xe00f9fff] available for PCI devices
[    0.055480] Booting paravirtualized kernel on bare hardware
[    0.055482] clocksource: refined-jiffies: mask: 0xffffffff max_cycles: 0xffffffff, max_idle_ns: 7645519600211568 ns
[    0.055486] setup_percpu: NR_CPUS:8192 nr_cpumask_bits:8 nr_cpu_ids:8 nr_node_ids:1
[    0.055612] percpu: Embedded 57 pages/cpu s196608 r8192 d28672 u262144
[    0.055616] pcpu-alloc: s196608 r8192 d28672 u262144 alloc=1*2097152
[    0.055617] pcpu-alloc: [0] 0 1 2 3 4 5 6 7 
[    0.055637] Built 1 zonelists, mobility grouping on.  Total pages: 4102661
[    0.055637] Policy zone: Normal
[    0.055638] Kernel command line: BOOT_IMAGE=/boot/vmlinuz-5.5.11-050511-generic root=/dev/mapper/mint--vg-root ro quiet splash vt.handoff=1
[    0.056252] Dentry cache hash table entries: 2097152 (order: 12, 16777216 bytes, linear)
[    0.056524] Inode-cache hash table entries: 1048576 (order: 11, 8388608 bytes, linear)
[    0.056582] mem auto-init: stack:off, heap alloc:on, heap free:off
[    0.086845] Memory: 16083448K/16671224K available (14339K kernel code, 2410K rwdata, 5168K rodata, 2664K init, 5032K bss, 587776K reserved, 0K cma-reserved)
[    0.087017] SLUB: HWalign=64, Order=0-3, MinObjects=0, CPUs=8, Nodes=1
[    0.087030] Kernel/User page tables isolation: enabled
[    0.087041] ftrace: allocating 44712 entries in 175 pages
[    0.100062] ftrace: allocated 175 pages with 6 groups
[    0.100156] rcu: Hierarchical RCU implementation.
[    0.100156] rcu: 	RCU restricting CPUs from NR_CPUS=8192 to nr_cpu_ids=8.
[    0.100157] 	Tasks RCU enabled.
[    0.100158] rcu: RCU calculated value of scheduler-enlistment delay is 25 jiffies.
[    0.100158] rcu: Adjusting geometry for rcu_fanout_leaf=16, nr_cpu_ids=8
[    0.102333] NR_IRQS: 524544, nr_irqs: 488, preallocated irqs: 16
[    0.102753] random: crng done (trusting CPU's manufacturer)
[    0.102774] Console: colour dummy device 80x25
[    0.102778] printk: console [tty0] enabled
[    0.102793] ACPI: Core revision 20191018
[    0.103026] clocksource: hpet: mask: 0xffffffff max_cycles: 0xffffffff, max_idle_ns: 79635855245 ns
[    0.103097] APIC: Switch to symmetric I/O mode setup
[    0.103099] DMAR: Host address width 39
[    0.103100] DMAR: DRHD base: 0x000000fed90000 flags: 0x0
[    0.103104] DMAR: dmar0: reg_base_addr fed90000 ver 1:0 cap 1c0000c40660462 ecap 7e3ff0501e
[    0.103104] DMAR: DRHD base: 0x000000fed91000 flags: 0x1
[    0.103107] DMAR: dmar1: reg_base_addr fed91000 ver 1:0 cap d2008c40660462 ecap f050da
[    0.103107] DMAR: RMRR base: 0x0000007b800000 end: 0x0000007fffffff
[    0.103108] DMAR: ANDD device: 1 name: \_SB.PCI0.I2C0
[    0.103109] DMAR: ANDD device: 7 name: \_SB.PCI0.SPI0
[    0.103109] DMAR: ANDD device: 8 name: \_SB.PCI0.SPI1
[    0.103109] DMAR: ANDD device: 9 name: \_SB.PCI0.UA00
[    0.103110] DMAR: ANDD device: a name: \_SB.PCI0.UA01
[    0.103110] DMAR: ANDD device: b name: \_SB.PCI0.UA02
[    0.103112] DMAR-IR: IOAPIC id 2 under DRHD base  0xfed91000 IOMMU 1
[    0.103112] DMAR-IR: HPET id 0 under DRHD base 0xfed91000
[    0.103113] DMAR-IR: Queued invalidation will be enabled to support x2apic and Intr-remapping.
[    0.103619] DMAR-IR: Enabled IRQ remapping in x2apic mode
[    0.103620] x2apic enabled
[    0.103632] Switched APIC routing to cluster x2apic.
[    0.104645] ..TIMER: vector=0x30 apic1=0 pin1=2 apic2=-1 pin2=-1
[    0.123103] clocksource: tsc-early: mask: 0xffffffffffffffff max_cycles: 0x29ccd767b87, max_idle_ns: 440795223720 ns
[    0.123106] Calibrating delay loop (skipped), value calculated using timer frequency.. 5799.77 BogoMIPS (lpj=11599544)
[    0.123107] pid_max: default: 32768 minimum: 301
[    0.132595] LSM: Security Framework initializing
[    0.132606] Yama: becoming mindful.
[    0.132628] AppArmor: AppArmor initialized
[    0.132683] Mount-cache hash table entries: 32768 (order: 6, 262144 bytes, linear)
[    0.132706] Mountpoint-cache hash table entries: 32768 (order: 6, 262144 bytes, linear)
[    0.132723] *** VALIDATE tmpfs ***
[    0.132843] *** VALIDATE proc ***
[    0.132881] *** VALIDATE cgroup1 ***
[    0.132882] *** VALIDATE cgroup2 ***
[    0.132947] mce: CPU0: Thermal monitoring enabled (TM1)
[    0.132962] process: using mwait in idle threads
[    0.132964] Last level iTLB entries: 4KB 64, 2MB 8, 4MB 8
[    0.132965] Last level dTLB entries: 4KB 64, 2MB 0, 4MB 0, 1GB 4
[    0.132967] Spectre V1 : Mitigation: usercopy/swapgs barriers and __user pointer sanitization
[    0.132968] Spectre V2 : Mitigation: Full generic retpoline
[    0.132968] Spectre V2 : Spectre v2 / SpectreRSB mitigation: Filling RSB on context switch
[    0.132968] Spectre V2 : Enabling Restricted Speculation for firmware calls
[    0.132969] Spectre V2 : mitigation: Enabling conditional Indirect Branch Prediction Barrier
[    0.132970] Spectre V2 : User space: Mitigation: STIBP via seccomp and prctl
[    0.132970] Speculative Store Bypass: Mitigation: Speculative Store Bypass disabled via prctl and seccomp
[    0.132973] TAA: Mitigation: Clear CPU buffers
[    0.132973] MDS: Mitigation: Clear CPU buffers
[    0.133164] Freeing SMP alternatives memory: 36K
[    0.134738] TSC deadline timer enabled
[    0.134743] smpboot: CPU0: Intel(R) Core(TM) i7-6920HQ CPU @ 2.90GHz (family: 0x6, model: 0x5e, stepping: 0x3)
[    0.134836] Performance Events: PEBS fmt3+, Skylake events, 32-deep LBR, full-width counters, Intel PMU driver.
[    0.134840] ... version:                4
[    0.134841] ... bit width:              48
[    0.134841] ... generic registers:      4
[    0.134842] ... value mask:             0000ffffffffffff
[    0.134842] ... max period:             00007fffffffffff
[    0.134842] ... fixed-purpose events:   3
[    0.134843] ... event mask:             000000070000000f
[    0.134872] rcu: Hierarchical SRCU implementation.
[    0.135104] NMI watchdog: Enabled. Permanently consumes one hw-PMU counter.
[    0.135104] smp: Bringing up secondary CPUs ...
[    0.135104] x86: Booting SMP configuration:
[    0.135104] .... node  #0, CPUs:      #1 #2 #3 #4
[    0.136877] MDS CPU bug present and SMT on, data leak possible. See https://www.kernel.org/doc/html/latest/admin-guide/hw-vuln/mds.html for more details.
[    0.136877] TAA CPU bug present and SMT on, data leak possible. See https://www.kernel.org/doc/html/latest/admin-guide/hw-vuln/tsx_async_abort.html for more details.
[    0.136877]  #5 #6 #7
[    0.139580] smp: Brought up 1 node, 8 CPUs
[    0.139580] smpboot: Max logical packages: 1
[    0.139580] smpboot: Total of 8 processors activated (46398.17 BogoMIPS)
[    0.143150] devtmpfs: initialized
[    0.143150] x86/mm: Memory block size: 128MB
[    0.144362] PM: Registering ACPI NVS region [mem 0x74e05000-0x74e05fff] (4096 bytes)
[    0.144362] PM: Registering ACPI NVS region [mem 0x7af4f000-0x7af9efff] (327680 bytes)
[    0.144362] clocksource: jiffies: mask: 0xffffffff max_cycles: 0xffffffff, max_idle_ns: 7645041785100000 ns
[    0.144362] futex hash table entries: 2048 (order: 5, 131072 bytes, linear)
[    0.144362] pinctrl core: initialized pinctrl subsystem
[    0.144362] PM: RTC time: 16:28:59, date: 2020-06-21
[    0.144362] thermal_sys: Registered thermal governor 'fair_share'
[    0.144362] thermal_sys: Registered thermal governor 'bang_bang'
[    0.144362] thermal_sys: Registered thermal governor 'step_wise'
[    0.144362] thermal_sys: Registered thermal governor 'user_space'
[    0.144362] NET: Registered protocol family 16
[    0.144362] audit: initializing netlink subsys (disabled)
[    0.144362] audit: type=2000 audit(1592756939.044:1): state=initialized audit_enabled=0 res=1
[    0.144362] EISA bus registered
[    0.144362] cpuidle: using governor ladder
[    0.144362] cpuidle: using governor menu
[    0.144362] ACPI FADT declares the system doesn't support PCIe ASPM, so disable it
[    0.144362] ACPI: bus type PCI registered
[    0.144362] acpiphp: ACPI Hot Plug PCI Controller Driver version: 0.5
[    0.144362] PCI: MMCONFIG for domain 0000 [bus 00-ff] at [mem 0xe0000000-0xefffffff] (base 0xe0000000)
[    0.144362] PCI: not using MMCONFIG
[    0.144362] PCI: Using configuration type 1 for base access
[    0.144362] ENERGY_PERF_BIAS: Set to 'normal', was 'performance'
[    0.147125] HugeTLB registered 1.00 GiB page size, pre-allocated 0 pages
[    0.147125] HugeTLB registered 2.00 MiB page size, pre-allocated 0 pages
[    0.147160] ACPI: Disabled all _OSI OS vendors
[    0.147161] ACPI: Added _OSI(Module Device)
[    0.147162] ACPI: Added _OSI(Processor Device)
[    0.147162] ACPI: Added _OSI(3.0 _SCP Extensions)
[    0.147163] ACPI: Added _OSI(Processor Aggregator Device)
[    0.147163] ACPI: Added _OSI(Linux-Dell-Video)
[    0.147164] ACPI: Added _OSI(Linux-Lenovo-NV-HDMI-Audio)
[    0.147165] ACPI: Added _OSI(Linux-HPI-Hybrid-Graphics)
[    0.147165] ACPI: Added _OSI(Darwin)
[    0.160913] ACPI: 14 ACPI AML tables successfully acquired and loaded
[    0.160913] ACPI: EC: EC started
[    0.160913] ACPI: EC: interrupt blocked
[    0.164307] ACPI: \: Used as first EC
[    0.164308] ACPI: \: GPE=0x7, IRQ=-1, EC_CMD/EC_SC=0x66, EC_DATA=0x62
[    0.164308] ACPI: EC: Boot ECDT EC used to handle transactions
[    0.164655] ACPI: BIOS _OSI(Darwin) query honored via DMI
[    0.164713] ACPI: [Firmware Bug]: BIOS _OSI(Linux) query ignored
[    0.164713] ACPI: Dynamic OEM Table Load:
[    0.164713] ACPI Error: AE_ALREADY_EXISTS, SSDT 0xFFFF90B4ACBD9000 Table is already loaded (20191018/tbdata-520)
[    0.164713] fbcon: Taking over console
[    0.164713] No Local Variables are initialized for Method [GCAP]
[    0.164713] Initialized Arguments for Method [GCAP]:  (1 arguments defined for method invocation)
[    0.164713]   Arg0:   000000006127ebe0 <Obj>           Buffer(8) 00 00 00 00 00 10 00 00
[    0.164713] ACPI Error: Aborting method \_PR.CPU0.GCAP due to previous error (AE_ALREADY_EXISTS) (20191018/psparse-529)
[    0.164713] ACPI Error: Aborting method \_PR.CPU0._OSC due to previous error (AE_ALREADY_EXISTS) (20191018/psparse-529)
[    0.164713] ACPI: Marking method _OSC as Serialized because of AE_ALREADY_EXISTS error
[    0.164713] ACPI BIOS Error (bug): Could not resolve symbol [\_SB.OSCP], AE_NOT_FOUND (20191018/psargs-330)
[    0.164713] No Local Variables are initialized for Method [GCAP]
[    0.164713] Initialized Arguments for Method [GCAP]:  (1 arguments defined for method invocation)
[    0.164713]   Arg0:   0000000040ab44ef <Obj>           Buffer(8) 00 00 00 00 00 10 00 00
[    0.164713] ACPI Error: Aborting method \_PR.CPU1.GCAP due to previous error (AE_NOT_FOUND) (20191018/psparse-529)
[    0.164713] ACPI Error: Aborting method \_PR.CPU1._OSC due to previous error (AE_NOT_FOUND) (20191018/psparse-529)
[    0.164713] ACPI BIOS Error (bug): Could not resolve symbol [\_SB.OSCP], AE_NOT_FOUND (20191018/psargs-330)
[    0.164713] No Local Variables are initialized for Method [GCAP]
[    0.164713] Initialized Arguments for Method [GCAP]:  (1 arguments defined for method invocation)
[    0.164713]   Arg0:   0000000079841db2 <Obj>           Buffer(8) 00 00 00 00 00 10 00 00
[    0.164713] ACPI Error: Aborting method \_PR.CPU2.GCAP due to previous error (AE_NOT_FOUND) (20191018/psparse-529)
[    0.164713] ACPI Error: Aborting method \_PR.CPU2._OSC due to previous error (AE_NOT_FOUND) (20191018/psparse-529)
[    0.164713] ACPI BIOS Error (bug): Could not resolve symbol [\_SB.OSCP], AE_NOT_FOUND (20191018/psargs-330)
[    0.164713] No Local Variables are initialized for Method [GCAP]
[    0.164713] Initialized Arguments for Method [GCAP]:  (1 arguments defined for method invocation)
[    0.164713]   Arg0:   00000000e36bb039 <Obj>           Buffer(8) 00 00 00 00 00 10 00 00
[    0.164713] ACPI Error: Aborting method \_PR.CPU3.GCAP due to previous error (AE_NOT_FOUND) (20191018/psparse-529)
[    0.164713] ACPI Error: Aborting method \_PR.CPU3._OSC due to previous error (AE_NOT_FOUND) (20191018/psparse-529)
[    0.164713] ACPI BIOS Error (bug): Could not resolve symbol [\_SB.OSCP], AE_NOT_FOUND (20191018/psargs-330)
[    0.164713] No Local Variables are initialized for Method [GCAP]
[    0.164713] Initialized Arguments for Method [GCAP]:  (1 arguments defined for method invocation)
[    0.164713]   Arg0:   0000000088d1818a <Obj>           Buffer(8) 00 00 00 00 00 10 00 00
[    0.164713] ACPI Error: Aborting method \_PR.CPU4.GCAP due to previous error (AE_NOT_FOUND) (20191018/psparse-529)
[    0.164713] ACPI Error: Aborting method \_PR.CPU4._OSC due to previous error (AE_NOT_FOUND) (20191018/psparse-529)
[    0.167112] ACPI BIOS Error (bug): Could not resolve symbol [\_SB.OSCP], AE_NOT_FOUND (20191018/psargs-330)
[    0.167117] No Local Variables are initialized for Method [GCAP]
[    0.167118] Initialized Arguments for Method [GCAP]:  (1 arguments defined for method invocation)
[    0.167118]   Arg0:   00000000216e965e <Obj>           Buffer(8) 00 00 00 00 00 10 00 00
[    0.167121] ACPI Error: Aborting method \_PR.CPU5.GCAP due to previous error (AE_NOT_FOUND) (20191018/psparse-529)
[    0.167126] ACPI Error: Aborting method \_PR.CPU5._OSC due to previous error (AE_NOT_FOUND) (20191018/psparse-529)
[    0.167356] ACPI BIOS Error (bug): Could not resolve symbol [\_SB.OSCP], AE_NOT_FOUND (20191018/psargs-330)
[    0.167361] No Local Variables are initialized for Method [GCAP]
[    0.167362] Initialized Arguments for Method [GCAP]:  (1 arguments defined for method invocation)
[    0.167362]   Arg0:   0000000058761748 <Obj>           Buffer(8) 00 00 00 00 00 10 00 00
[    0.167365] ACPI Error: Aborting method \_PR.CPU6.GCAP due to previous error (AE_NOT_FOUND) (20191018/psparse-529)
[    0.167369] ACPI Error: Aborting method \_PR.CPU6._OSC due to previous error (AE_NOT_FOUND) (20191018/psparse-529)
[    0.167599] ACPI BIOS Error (bug): Could not resolve symbol [\_SB.OSCP], AE_NOT_FOUND (20191018/psargs-330)
[    0.167604] No Local Variables are initialized for Method [GCAP]
[    0.167605] Initialized Arguments for Method [GCAP]:  (1 arguments defined for method invocation)
[    0.167605]   Arg0:   00000000e26d8dc2 <Obj>           Buffer(8) 00 00 00 00 00 10 00 00
[    0.167608] ACPI Error: Aborting method \_PR.CPU7.GCAP due to previous error (AE_NOT_FOUND) (20191018/psparse-529)
[    0.167612] ACPI Error: Aborting method \_PR.CPU7._OSC due to previous error (AE_NOT_FOUND) (20191018/psparse-529)
[    0.168245] ACPI: Dynamic OEM Table Load:
[    0.168250] ACPI Error: AE_ALREADY_EXISTS, SSDT 0xFFFF90B4AC7F2800 Table is already loaded (20191018/tbdata-520)
[    0.168255] No Local Variables are initialized for Method [GCAP]
[    0.168256] Initialized Arguments for Method [GCAP]:  (1 arguments defined for method invocation)
[    0.168256]   Arg0:   000000000ad1edc9 <Obj>           Buffer(12) 00 00 00 00 BF 0B 00 00
[    0.168259] ACPI Error: Aborting method \_PR.CPU0.GCAP due to previous error (AE_ALREADY_EXISTS) (20191018/psparse-529)
[    0.168267] ACPI Error: Aborting method \_PR.CPU0._PDC due to previous error (AE_ALREADY_EXISTS) (20191018/psparse-529)
[    0.168267] ACPI: Marking method _PDC as Serialized because of AE_ALREADY_EXISTS error
[    0.168267] ACPI: Dynamic OEM Table Load:
[    0.168267] ACPI Error: AE_ALREADY_EXISTS, SSDT 0xFFFF90B4AC43A000 Table is already loaded (20191018/tbdata-520)
[    0.168267] No Local Variables are initialized for Method [APPT]
[    0.168267] No Arguments are initialized for method [APPT]
[    0.168267] ACPI Error: Aborting method \_PR.CPU1.APPT due to previous error (AE_ALREADY_EXISTS) (20191018/psparse-529)
[    0.168269] ACPI Error: Aborting method \_PR.CPU1.GCAP due to previous error (AE_ALREADY_EXISTS) (20191018/psparse-529)
[    0.168269] ACPI Error: Aborting method \_PR.CPU1._PDC due to previous error (AE_ALREADY_EXISTS) (20191018/psparse-529)
[    0.168269] ACPI: Marking method _PDC as Serialized because of AE_ALREADY_EXISTS error
[    0.168269] ACPI BIOS Error (bug): Could not resolve symbol [\_SB.OSCP], AE_NOT_FOUND (20191018/psargs-330)
[    0.168269] No Local Variables are initialized for Method [GCAP]
[    0.168269] Initialized Arguments for Method [GCAP]:  (1 arguments defined for method invocation)
[    0.168269]   Arg0:   00000000d1213e98 <Obj>           Buffer(12) 00 00 00 00 BF 0B 00 00
[    0.168269] ACPI Error: Aborting method \_PR.CPU2.GCAP due to previous error (AE_NOT_FOUND) (20191018/psparse-529)
[    0.168269] ACPI Error: Aborting method \_PR.CPU2._PDC due to previous error (AE_NOT_FOUND) (20191018/psparse-529)
[    0.168269] ACPI BIOS Error (bug): Could not resolve symbol [\_SB.OSCP], AE_NOT_FOUND (20191018/psargs-330)
[    0.168269] No Local Variables are initialized for Method [GCAP]
[    0.168269] Initialized Arguments for Method [GCAP]:  (1 arguments defined for method invocation)
[    0.168269]   Arg0:   00000000ec840c6e <Obj>           Buffer(12) 00 00 00 00 BF 0B 00 00
[    0.168269] ACPI Error: Aborting method \_PR.CPU3.GCAP due to previous error (AE_NOT_FOUND) (20191018/psparse-529)
[    0.168269] ACPI Error: Aborting method \_PR.CPU3._PDC due to previous error (AE_NOT_FOUND) (20191018/psparse-529)
[    0.168269] ACPI BIOS Error (bug): Could not resolve symbol [\_SB.OSCP], AE_NOT_FOUND (20191018/psargs-330)
[    0.168269] No Local Variables are initialized for Method [GCAP]
[    0.168269] Initialized Arguments for Method [GCAP]:  (1 arguments defined for method invocation)
[    0.168269]   Arg0:   00000000fc67d858 <Obj>           Buffer(12) 00 00 00 00 BF 0B 00 00
[    0.168269] ACPI Error: Aborting method \_PR.CPU4.GCAP due to previous error (AE_NOT_FOUND) (20191018/psparse-529)
[    0.168269] ACPI Error: Aborting method \_PR.CPU4._PDC due to previous error (AE_NOT_FOUND) (20191018/psparse-529)
[    0.168279] ACPI BIOS Error (bug): Could not resolve symbol [\_SB.OSCP], AE_NOT_FOUND (20191018/psargs-330)
[    0.168284] No Local Variables are initialized for Method [GCAP]
[    0.168285] Initialized Arguments for Method [GCAP]:  (1 arguments defined for method invocation)
[    0.168285]   Arg0:   00000000c85cf1df <Obj>           Buffer(12) 00 00 00 00 BF 0B 00 00
[    0.168288] ACPI Error: Aborting method \_PR.CPU5.GCAP due to previous error (AE_NOT_FOUND) (20191018/psparse-529)
[    0.168292] ACPI Error: Aborting method \_PR.CPU5._PDC due to previous error (AE_NOT_FOUND) (20191018/psparse-529)
[    0.168569] ACPI BIOS Error (bug): Could not resolve symbol [\_SB.OSCP], AE_NOT_FOUND (20191018/psargs-330)
[    0.168574] No Local Variables are initialized for Method [GCAP]
[    0.168575] Initialized Arguments for Method [GCAP]:  (1 arguments defined for method invocation)
[    0.168575]   Arg0:   000000005954d2d0 <Obj>           Buffer(12) 00 00 00 00 BF 0B 00 00
[    0.168578] ACPI Error: Aborting method \_PR.CPU6.GCAP due to previous error (AE_NOT_FOUND) (20191018/psparse-529)
[    0.168582] ACPI Error: Aborting method \_PR.CPU6._PDC due to previous error (AE_NOT_FOUND) (20191018/psparse-529)
[    0.168858] ACPI BIOS Error (bug): Could not resolve symbol [\_SB.OSCP], AE_NOT_FOUND (20191018/psargs-330)
[    0.168863] No Local Variables are initialized for Method [GCAP]
[    0.168864] Initialized Arguments for Method [GCAP]:  (1 arguments defined for method invocation)
[    0.168864]   Arg0:   000000006a400e75 <Obj>           Buffer(12) 00 00 00 00 BF 0B 00 00
[    0.168867] ACPI Error: Aborting method \_PR.CPU7.GCAP due to previous error (AE_NOT_FOUND) (20191018/psparse-529)
[    0.168872] ACPI Error: Aborting method \_PR.CPU7._PDC due to previous error (AE_NOT_FOUND) (20191018/psparse-529)
[    0.169123] ACPI: Interpreter enabled
[    0.169141] ACPI: (supports S0 S3 S4 S5)
[    0.169141] ACPI: Using IOAPIC for interrupt routing
[    0.169160] PCI: MMCONFIG for domain 0000 [bus 00-ff] at [mem 0xe0000000-0xefffffff] (base 0xe0000000)
[    0.171284] PCI: MMCONFIG at [mem 0xe0000000-0xefffffff] reserved in ACPI motherboard resources
[    0.171293] PCI: Using host bridge windows from ACPI; if necessary, use "pci=nocrs" and report a bug
[    0.171603] ACPI: Enabled 11 GPEs in block 00 to 7F
[    0.184827] ACPI: PCI Root Bridge [PCI0] (domain 0000 [bus 00-ff])
[    0.184830] acpi PNP0A08:00: _OSC: OS assumes control of [PCIeHotplug SHPCHotplug AER PCIeCapability LTR]
[    0.185173] PCI host bridge to bus 0000:00
[    0.185175] pci_bus 0000:00: root bus resource [io  0x0000-0x0cf7 window]
[    0.185176] pci_bus 0000:00: root bus resource [io  0x0d00-0xffff window]
[    0.185177] pci_bus 0000:00: root bus resource [mem 0x000a0000-0x000bffff window]
[    0.185177] pci_bus 0000:00: root bus resource [mem 0x000c0000-0x000c3fff window]
[    0.185178] pci_bus 0000:00: root bus resource [mem 0x000c4000-0x000c7fff window]
[    0.185179] pci_bus 0000:00: root bus resource [mem 0x000c8000-0x000cbfff window]
[    0.185179] pci_bus 0000:00: root bus resource [mem 0x000cc000-0x000cffff window]
[    0.185180] pci_bus 0000:00: root bus resource [mem 0x000d0000-0x000d3fff window]
[    0.185181] pci_bus 0000:00: root bus resource [mem 0x000d4000-0x000d7fff window]
[    0.185181] pci_bus 0000:00: root bus resource [mem 0x000d8000-0x000dbfff window]
[    0.185182] pci_bus 0000:00: root bus resource [mem 0x000dc000-0x000dffff window]
[    0.185182] pci_bus 0000:00: root bus resource [mem 0x000e0000-0x000e3fff window]
[    0.185183] pci_bus 0000:00: root bus resource [mem 0x000e4000-0x000e7fff window]
[    0.185184] pci_bus 0000:00: root bus resource [mem 0x000e8000-0x000ebfff window]
[    0.185184] pci_bus 0000:00: root bus resource [mem 0x000ec000-0x000effff window]
[    0.185185] pci_bus 0000:00: root bus resource [mem 0x000f0000-0x000fffff window]
[    0.185186] pci_bus 0000:00: root bus resource [mem 0x80000000-0xfeafffff window]
[    0.185187] pci_bus 0000:00: root bus resource [bus 00-ff]
[    0.185193] pci 0000:00:00.0: [8086:1910] type 00 class 0x060000
[    0.185284] pci 0000:00:01.0: [8086:1901] type 01 class 0x060400
[    0.185319] pci 0000:00:01.0: PME# supported from D0 D3hot D3cold
[    0.185387] pci 0000:00:01.1: [8086:1905] type 01 class 0x060400
[    0.185420] pci 0000:00:01.1: PME# supported from D0 D3hot D3cold
[    0.185489] pci 0000:00:01.2: [8086:1909] type 01 class 0x060400
[    0.185521] pci 0000:00:01.2: PME# supported from D0 D3hot D3cold
[    0.185662] pci 0000:00:14.0: [8086:a12f] type 00 class 0x0c0330
[    0.185681] pci 0000:00:14.0: reg 0x10: [mem 0x82700000-0x8270ffff 64bit]
[    0.185735] pci 0000:00:14.0: PME# supported from D3hot D3cold
[    0.185852] pci 0000:00:15.0: [8086:a160] type 00 class 0x118000
[    0.185902] pci 0000:00:15.0: reg 0x10: [mem 0x82728000-0x82728fff 64bit]
[    0.186122] pci 0000:00:16.0: [8086:a13a] type 00 class 0x078000
[    0.186140] pci 0000:00:16.0: reg 0x10: [mem 0x82729000-0x82729fff 64bit]
[    0.186191] pci 0000:00:16.0: PME# supported from D3hot
[    0.186303] pci 0000:00:19.0: [8086:a166] type 00 class 0x118000
[    0.186350] pci 0000:00:19.0: reg 0x10: [mem 0x8272a000-0x8272afff 64bit]
[    0.186562] pci 0000:00:1b.0: [8086:a167] type 01 class 0x060400
[    0.186633] pci 0000:00:1b.0: PME# supported from D0 D3hot D3cold
[    0.186741] pci 0000:00:1c.0: [8086:a110] type 01 class 0x060400
[    0.186806] pci 0000:00:1c.0: PME# supported from D0 D3hot D3cold
[    0.186931] pci 0000:00:1e.0: [8086:a127] type 00 class 0x118000
[    0.186981] pci 0000:00:1e.0: reg 0x10: [mem 0x8272b000-0x8272bfff 64bit]
[    0.187221] pci 0000:00:1e.1: [8086:a128] type 00 class 0x118000
[    0.187269] pci 0000:00:1e.1: reg 0x10: [mem 0x8272c000-0x8272cfff 64bit]
[    0.187489] pci 0000:00:1e.2: [8086:a129] type 00 class 0x118000
[    0.187540] pci 0000:00:1e.2: reg 0x10: [mem 0x8272d000-0x8272dfff 64bit]
[    0.187763] pci 0000:00:1e.3: [8086:a12a] type 00 class 0x118000
[    0.187814] pci 0000:00:1e.3: reg 0x10: [mem 0x8272e000-0x8272efff 64bit]
[    0.188012] pci 0000:00:1f.0: [8086:a151] type 00 class 0x060100
[    0.188163] pci 0000:00:1f.2: [8086:a121] type 00 class 0x058000
[    0.188175] pci 0000:00:1f.2: reg 0x10: [mem 0x82724000-0x82727fff]
[    0.188275] pci 0000:00:1f.3: [8086:a170] type 00 class 0x040300
[    0.188299] pci 0000:00:1f.3: reg 0x10: [mem 0x82720000-0x82723fff 64bit]
[    0.188327] pci 0000:00:1f.3: reg 0x20: [mem 0x00000000-0x0000ffff 64bit]
[    0.188368] pci 0000:00:1f.3: PME# supported from D3hot D3cold
[    0.188457] pci 0000:00:1f.4: [8086:a123] type 00 class 0x0c0500
[    0.188517] pci 0000:00:1f.4: reg 0x10: [mem 0x8272f000-0x8272f0ff 64bit]
[    0.188586] pci 0000:00:1f.4: reg 0x20: [io  0x5040-0x505f]
[    0.188746] pci 0000:01:00.0: [1002:67ef] type 00 class 0x030000
[    0.188763] pci 0000:01:00.0: reg 0x10: [mem 0xb0000000-0xbfffffff 64bit pref]
[    0.188771] pci 0000:01:00.0: reg 0x18: [mem 0xc0000000-0xc01fffff 64bit pref]
[    0.188776] pci 0000:01:00.0: reg 0x20: [io  0x4000-0x40ff]
[    0.188781] pci 0000:01:00.0: reg 0x24: [mem 0x82600000-0x8263ffff]
[    0.188787] pci 0000:01:00.0: reg 0x30: [mem 0x82640000-0x8265ffff pref]
[    0.188797] pci 0000:01:00.0: BAR 0: assigned to efifb
[    0.188826] pci 0000:01:00.0: supports D1 D2
[    0.188890] pci 0000:01:00.1: [1002:aae0] type 00 class 0x040300
[    0.188905] pci 0000:01:00.1: reg 0x10: [mem 0x82660000-0x82663fff 64bit]
[    0.188956] pci 0000:01:00.1: supports D1 D2
[    0.189025] pci 0000:00:01.0: PCI bridge to [bus 01]
[    0.189026] pci 0000:00:01.0:   bridge window [io  0x4000-0x4fff]
[    0.189028] pci 0000:00:01.0:   bridge window [mem 0x82600000-0x826fffff]
[    0.189030] pci 0000:00:01.0:   bridge window [mem 0xb0000000-0xc01fffff 64bit pref]
[    0.189078] pci 0000:04:00.0: [8086:1578] type 01 class 0x060400
[    0.189114] pci 0000:04:00.0: enabling Extended Tags
[    0.189166] pci 0000:04:00.0: supports D1 D2
[    0.189166] pci 0000:04:00.0: PME# supported from D0 D1 D2 D3hot D3cold
[    0.199147] pci 0000:00:01.1: PCI bridge to [bus 04-79]
[    0.199149] pci 0000:00:01.1:   bridge window [io  0x6000-0x9fff]
[    0.199151] pci 0000:00:01.1:   bridge window [mem 0x82800000-0x909fffff]
[    0.199153] pci 0000:00:01.1:   bridge window [mem 0xc0200000-0xce1fffff 64bit pref]
[    0.199247] pci 0000:05:00.0: [8086:15d3] type 01 class 0x060400
[    0.199289] pci 0000:05:00.0: enabling Extended Tags
[    0.199349] pci 0000:05:00.0: supports D1 D2
[    0.199350] pci 0000:05:00.0: PME# supported from D0 D1 D2 D3hot D3cold
[    0.199462] pci 0000:05:01.0: [8086:15d3] type 01 class 0x060400
[    0.199504] pci 0000:05:01.0: enabling Extended Tags
[    0.199563] pci 0000:05:01.0: supports D1 D2
[    0.199564] pci 0000:05:01.0: PME# supported from D0 D1 D2 D3hot D3cold
[    0.199645] pci 0000:05:02.0: [8086:15d3] type 01 class 0x060400
[    0.199686] pci 0000:05:02.0: enabling Extended Tags
[    0.199745] pci 0000:05:02.0: supports D1 D2
[    0.199745] pci 0000:05:02.0: PME# supported from D0 D1 D2 D3hot D3cold
[    0.199864] pci 0000:05:04.0: [8086:15d3] type 01 class 0x060400
[    0.199906] pci 0000:05:04.0: enabling Extended Tags
[    0.199965] pci 0000:05:04.0: supports D1 D2
[    0.199966] pci 0000:05:04.0: PME# supported from D0 D1 D2 D3hot D3cold
[    0.200058] pci 0000:04:00.0: PCI bridge to [bus 05-79]
[    0.200062] pci 0000:04:00.0:   bridge window [io  0x0000-0x0fff]
[    0.200064] pci 0000:04:00.0:   bridge window [mem 0x82800000-0x909fffff]
[    0.200068] pci 0000:04:00.0:   bridge window [mem 0xc0200000-0xce1fffff 64bit pref]
[    0.200123] pci 0000:06:00.0: [8086:15d2] type 00 class 0x088000
[    0.200146] pci 0000:06:00.0: reg 0x10: [mem 0x82900000-0x8293ffff]
[    0.200154] pci 0000:06:00.0: reg 0x14: [mem 0x82940000-0x82940fff]
[    0.200196] pci 0000:06:00.0: enabling Extended Tags
[    0.200274] pci 0000:06:00.0: supports D1 D2
[    0.200275] pci 0000:06:00.0: PME# supported from D0 D1 D2 D3hot D3cold
[    0.211153] pci 0000:05:00.0: PCI bridge to [bus 06]
[    0.211158] pci 0000:05:00.0:   bridge window [io  0x0000-0x0fff]
[    0.211160] pci 0000:05:00.0:   bridge window [mem 0x82900000-0x829fffff]
[    0.211227] pci 0000:05:01.0: PCI bridge to [bus 08-40]
[    0.211231] pci 0000:05:01.0:   bridge window [io  0x0000-0x0fff]
[    0.211234] pci 0000:05:01.0:   bridge window [mem 0x82a00000-0x899fffff]
[    0.211238] pci 0000:05:01.0:   bridge window [mem 0xc0200000-0xc71fffff 64bit pref]
[    0.211291] pci 0000:07:00.0: [8086:15d4] type 00 class 0x0c0330
[    0.211314] pci 0000:07:00.0: reg 0x10: [mem 0x00000000-0x0000ffff]
[    0.211357] pci 0000:07:00.0: enabling Extended Tags
[    0.211440] pci 0000:07:00.0: supports D1 D2
[    0.211441] pci 0000:07:00.0: PME# supported from D0 D1 D2 D3hot D3cold
[    0.211501] pci 0000:07:00.0: 8.000 Gb/s available PCIe bandwidth, limited by 2.5 GT/s x4 link at 0000:05:02.0 (capable of 31.504 Gb/s with 8 GT/s x4 link)
[    0.223155] pci 0000:05:02.0: PCI bridge to [bus 07]
[    0.223159] pci 0000:05:02.0:   bridge window [io  0x0000-0x0fff]
[    0.223161] pci 0000:05:02.0:   bridge window [mem 0x82800000-0x828fffff]
[    0.223230] pci 0000:05:04.0: PCI bridge to [bus 41-79]
[    0.223234] pci 0000:05:04.0:   bridge window [io  0x0000-0x0fff]
[    0.223237] pci 0000:05:04.0:   bridge window [mem 0x89a00000-0x909fffff]
[    0.223241] pci 0000:05:04.0:   bridge window [mem 0xc7200000-0xce1fffff 64bit pref]
[    0.223311] pci 0000:7a:00.0: [8086:1578] type 01 class 0x060400
[    0.223348] pci 0000:7a:00.0: enabling Extended Tags
[    0.223402] pci 0000:7a:00.0: supports D1 D2
[    0.223403] pci 0000:7a:00.0: PME# supported from D0 D1 D2 D3hot D3cold
[    0.235146] pci 0000:00:01.2: PCI bridge to [bus 7a-ef]
[    0.235148] pci 0000:00:01.2:   bridge window [io  0xa000-0xdfff]
[    0.235149] pci 0000:00:01.2:   bridge window [mem 0x90a00000-0x9ebfffff]
[    0.235152] pci 0000:00:01.2:   bridge window [mem 0xce200000-0xdc1fffff 64bit pref]
[    0.235243] pci 0000:7b:00.0: [8086:15d3] type 01 class 0x060400
[    0.235284] pci 0000:7b:00.0: enabling Extended Tags
[    0.235344] pci 0000:7b:00.0: supports D1 D2
[    0.235344] pci 0000:7b:00.0: PME# supported from D0 D1 D2 D3hot D3cold
[    0.235458] pci 0000:7b:01.0: [8086:15d3] type 01 class 0x060400
[    0.235499] pci 0000:7b:01.0: enabling Extended Tags
[    0.235557] pci 0000:7b:01.0: supports D1 D2
[    0.235558] pci 0000:7b:01.0: PME# supported from D0 D1 D2 D3hot D3cold
[    0.235638] pci 0000:7b:02.0: [8086:15d3] type 01 class 0x060400
[    0.235678] pci 0000:7b:02.0: enabling Extended Tags
[    0.235736] pci 0000:7b:02.0: supports D1 D2
[    0.235737] pci 0000:7b:02.0: PME# supported from D0 D1 D2 D3hot D3cold
[    0.235846] pci 0000:7b:04.0: [8086:15d3] type 01 class 0x060400
[    0.235886] pci 0000:7b:04.0: enabling Extended Tags
[    0.235945] pci 0000:7b:04.0: supports D1 D2
[    0.235945] pci 0000:7b:04.0: PME# supported from D0 D1 D2 D3hot D3cold
[    0.236042] pci 0000:7a:00.0: PCI bridge to [bus 7b-ef]
[    0.236046] pci 0000:7a:00.0:   bridge window [io  0x0000-0x0fff]
[    0.236048] pci 0000:7a:00.0:   bridge window [mem 0x90a00000-0x9ebfffff]
[    0.236052] pci 0000:7a:00.0:   bridge window [mem 0xce200000-0xdc1fffff 64bit pref]
[    0.236108] pci 0000:7c:00.0: [8086:15d2] type 00 class 0x088000
[    0.236131] pci 0000:7c:00.0: reg 0x10: [mem 0x90b00000-0x90b3ffff]
[    0.236139] pci 0000:7c:00.0: reg 0x14: [mem 0x90b40000-0x90b40fff]
[    0.236181] pci 0000:7c:00.0: enabling Extended Tags
[    0.236258] pci 0000:7c:00.0: supports D1 D2
[    0.236259] pci 0000:7c:00.0: PME# supported from D0 D1 D2 D3hot D3cold
[    0.247152] pci 0000:7b:00.0: PCI bridge to [bus 7c]
[    0.247156] pci 0000:7b:00.0:   bridge window [io  0x0000-0x0fff]
[    0.247158] pci 0000:7b:00.0:   bridge window [mem 0x90b00000-0x90bfffff]
[    0.247227] pci 0000:7b:01.0: PCI bridge to [bus 7e-b6]
[    0.247231] pci 0000:7b:01.0:   bridge window [io  0x0000-0x0fff]
[    0.247234] pci 0000:7b:01.0:   bridge window [mem 0x90c00000-0x97bfffff]
[    0.247237] pci 0000:7b:01.0:   bridge window [mem 0xce200000-0xd51fffff 64bit pref]
[    0.247288] pci 0000:7d:00.0: [8086:15d4] type 00 class 0x0c0330
[    0.247312] pci 0000:7d:00.0: reg 0x10: [mem 0x00000000-0x0000ffff]
[    0.247354] pci 0000:7d:00.0: enabling Extended Tags
[    0.247436] pci 0000:7d:00.0: supports D1 D2
[    0.247437] pci 0000:7d:00.0: PME# supported from D0 D1 D2 D3hot D3cold
[    0.247496] pci 0000:7d:00.0: 8.000 Gb/s available PCIe bandwidth, limited by 2.5 GT/s x4 link at 0000:7b:02.0 (capable of 31.504 Gb/s with 8 GT/s x4 link)
[    0.259153] pci 0000:7b:02.0: PCI bridge to [bus 7d]
[    0.259157] pci 0000:7b:02.0:   bridge window [io  0x0000-0x0fff]
[    0.259159] pci 0000:7b:02.0:   bridge window [mem 0x90a00000-0x90afffff]
[    0.259226] pci 0000:7b:04.0: PCI bridge to [bus b7-ef]
[    0.259230] pci 0000:7b:04.0:   bridge window [io  0x0000-0x0fff]
[    0.259232] pci 0000:7b:04.0:   bridge window [mem 0x97c00000-0x9ebfffff]
[    0.259236] pci 0000:7b:04.0:   bridge window [mem 0xd5200000-0xdc1fffff 64bit pref]
[    0.259468] pci 0000:02:00.0: [144d:a804] type 00 class 0x010802
[    0.259492] pci 0000:02:00.0: reg 0x10: [mem 0x82500000-0x82503fff 64bit]
[    0.259500] pci 0000:02:00.0: reg 0x18: [io  0x3000-0x30ff]
[    0.259891] pci 0000:00:1b.0: PCI bridge to [bus 02]
[    0.259893] pci 0000:00:1b.0:   bridge window [io  0x3000-0x3fff]
[    0.259895] pci 0000:00:1b.0:   bridge window [mem 0x82500000-0x825fffff]
[    0.259979] pci 0000:03:00.0: [14e4:43ba] type 00 class 0x028000
[    0.260014] pci 0000:03:00.0: reg 0x10: [mem 0x82400000-0x82407fff 64bit]
[    0.260029] pci 0000:03:00.0: reg 0x18: [mem 0x82000000-0x823fffff 64bit]
[    0.260147] pci 0000:03:00.0: supports D1 D2
[    0.260148] pci 0000:03:00.0: PME# supported from D0 D1 D2 D3hot D3cold
[    0.260334] pci 0000:00:1c.0: PCI bridge to [bus 03]
[    0.260338] pci 0000:00:1c.0:   bridge window [mem 0x82000000-0x824fffff]
[    0.261518] ACPI: PCI Interrupt Link [LNKA] (IRQs 1 3 4 5 6 7 10 12 14 15) *0
[    0.261589] ACPI: PCI Interrupt Link [LNKB] (IRQs 1 3 4 5 6 7 11 12 14 15) *0
[    0.261659] ACPI: PCI Interrupt Link [LNKC] (IRQs 1 3 4 5 6 7 10 12 14 15) *0
[    0.261728] ACPI: PCI Interrupt Link [LNKD] (IRQs 1 3 4 5 6 7 11 12 14 15) *0
[    0.261800] ACPI: PCI Interrupt Link [LNKE] (IRQs 1 3 4 5 6 7 10 12 14 15) *0
[    0.261872] ACPI: PCI Interrupt Link [LNKF] (IRQs 1 3 4 5 6 7 11 12 14 15) *0
[    0.261944] ACPI: PCI Interrupt Link [LNKG] (IRQs 1 3 4 5 6 7 10 12 14 15) *0
[    0.262016] ACPI: PCI Interrupt Link [LNKH] (IRQs 1 3 4 5 6 7 11 12 14 15) *0
[    0.263105] ACPI: EC: interrupt unblocked
[    0.263105] ACPI: EC: event unblocked
[    0.263105] ACPI: \_SB_.PCI0.LPCB.EC__: GPE=0x7, IRQ=-1, EC_CMD/EC_SC=0x66, EC_DATA=0x62
[    0.263105] ACPI: \_SB_.PCI0.LPCB.EC__: Boot DSDT EC used to handle transactions and events
[    0.263115] iommu: Default domain type: Translated 
[    0.263123] pci 0000:01:00.0: vgaarb: VGA device added: decodes=io+mem,owns=none,locks=none
[    0.263123] pci 0000:01:00.0: vgaarb: bridge control possible
[    0.263123] pci 0000:01:00.0: vgaarb: setting as boot device
[    0.263123] vgaarb: loaded
[    0.263260] SCSI subsystem initialized
[    0.263272] libata version 3.00 loaded.
[    0.263272] ACPI: bus type USB registered
[    0.263272] usbcore: registered new interface driver usbfs
[    0.263272] usbcore: registered new interface driver hub
[    0.263272] usbcore: registered new device driver usb
[    0.263272] pps_core: LinuxPPS API ver. 1 registered
[    0.263272] pps_core: Software ver. 5.3.6 - Copyright 2005-2007 Rodolfo Giometti <giometti@linux.it>
[    0.263272] PTP clock support registered
[    0.263272] EDAC MC: Ver: 3.0.0
[    0.263534] Registered efivars operations
[    0.263534] PCI: Using ACPI for IRQ routing
[    0.270141] PCI: pci_cache_line_size set to 64 bytes
[    0.270704] e820: reserve RAM buffer [mem 0x00058000-0x0005ffff]
[    0.270705] e820: reserve RAM buffer [mem 0x0009e000-0x0009ffff]
[    0.270706] e820: reserve RAM buffer [mem 0x72545018-0x73ffffff]
[    0.270706] e820: reserve RAM buffer [mem 0x73954018-0x73ffffff]
[    0.270707] e820: reserve RAM buffer [mem 0x74022000-0x77ffffff]
[    0.270708] e820: reserve RAM buffer [mem 0x74e05000-0x77ffffff]
[    0.270708] e820: reserve RAM buffer [mem 0x7507e000-0x77ffffff]
[    0.270709] e820: reserve RAM buffer [mem 0x7ac7f000-0x7bffffff]
[    0.270710] e820: reserve RAM buffer [mem 0x7b000000-0x7bffffff]
[    0.270710] e820: reserve RAM buffer [mem 0x47f000000-0x47fffffff]
[    0.270787] NetLabel: Initializing
[    0.270788] NetLabel:  domain hash size = 128
[    0.270788] NetLabel:  protocols = UNLABELED CIPSOv4 CALIPSO
[    0.270799] NetLabel:  unlabeled traffic allowed by default
[    0.271382] hpet0: at MMIO 0xfed00000, IRQs 2, 8, 0, 0, 0, 0, 0, 0
[    0.271385] hpet0: 8 comparators, 64-bit 24.000000 MHz counter
[    0.273434] clocksource: Switched to clocksource tsc-early
[    0.282905] *** VALIDATE bpf ***
[    0.282999] VFS: Disk quotas dquot_6.6.0
[    0.283016] VFS: Dquot-cache hash table entries: 512 (order 0, 4096 bytes)
[    0.283043] *** VALIDATE ramfs ***
[    0.283048] *** VALIDATE hugetlbfs ***
[    0.283122] AppArmor: AppArmor Filesystem Enabled
[    0.283145] pnp: PnP ACPI init
[    0.283894] system 00:00: [io  0xffff] has been reserved
[    0.283895] system 00:00: [io  0x1800-0x18fe] has been reserved
[    0.283896] system 00:00: [io  0x0800-0x087f] has been reserved
[    0.283900] system 00:00: Plug and Play ACPI device, IDs PNP0c02 (active)
[    0.283920] pnp 00:01: Plug and Play ACPI device, IDs PNP0b00 (active)
[    0.283973] pnp 00:02: Plug and Play ACPI device, IDs APP000b (active)
[    0.284170] system 00:03: [mem 0xfed10000-0xfed17fff] has been reserved
[    0.284171] system 00:03: [mem 0xfed18000-0xfed18fff] has been reserved
[    0.284172] system 00:03: [mem 0xfed19000-0xfed19fff] has been reserved
[    0.284174] system 00:03: [mem 0xe0000000-0xefffffff] could not be reserved
[    0.284175] system 00:03: [mem 0xfed20000-0xfed3ffff] has been reserved
[    0.284176] system 00:03: [mem 0xfed90000-0xfed93fff] could not be reserved
[    0.284177] system 00:03: [mem 0xfed45000-0xfed8ffff] has been reserved
[    0.284178] system 00:03: [mem 0xff000000-0xffffffff] could not be reserved
[    0.284179] system 00:03: [mem 0xfee00000-0xfeefffff] has been reserved
[    0.284180] system 00:03: [mem 0xfd000000-0xfdffffff] has been reserved
[    0.284181] system 00:03: [mem 0xfe000000-0xfe00ffff] has been reserved
[    0.284182] system 00:03: [mem 0xfe010000-0xfe010fff] has been reserved
[    0.284183] system 00:03: [mem 0xfe020000-0xfe035fff] has been reserved
[    0.284184] system 00:03: [mem 0xfe036000-0xfe03bfff] has been reserved
[    0.284185] system 00:03: [mem 0xfe03c000-0xfe03cfff] has been reserved
[    0.284186] system 00:03: [mem 0xfe03d000-0xfe0bffff] has been reserved
[    0.284187] system 00:03: [mem 0xfe0c0000-0xfe0fffff] has been reserved
[    0.284188] system 00:03: [mem 0xfe100000-0xfe1fffff] has been reserved
[    0.284189] system 00:03: [mem 0xfe200000-0xfe3fffff] has been reserved
[    0.284191] system 00:03: [mem 0xfe400000-0xfe40ffff] has been reserved
[    0.284192] system 00:03: [mem 0xfe410000-0xfe5fffff] has been reserved
[    0.284193] system 00:03: [mem 0xfe600000-0xfe7fffff] has been reserved
[    0.284195] system 00:03: Plug and Play ACPI device, IDs PNP0c02 (active)
[    0.284238] system 00:04: [mem 0x20000000-0x201fffff] could not be reserved
[    0.284239] system 00:04: [mem 0x40000000-0x401fffff] could not be reserved
[    0.284242] system 00:04: Plug and Play ACPI device, IDs PNP0c01 (active)
[    0.284440] pnp: PnP ACPI: found 5 devices
[    0.285435] apple-properties: device path parse error -19 at 0x14:
[    0.285440] apple-properties: 00000000: a6 01 00 00 04 00 00 00 02 01 0c 00 d0 41 03 0a  .............A..
[    0.285443] apple-properties: 00000010: 00 00 00 00 01 01 06 00 00 02 7f ff 04 00 1e 00  ................
[    0.285445] apple-properties: 00000020: 00 00 73 00 61 00 76 00 65 00 64 00 2d 00 63 00  ..s.a.v.e.d.-.c.
[    0.285447] apple-properties: 00000030: 6f 00 6e 00 66 00 69 00 67 00 00 00 e2 00 00 00  o.n.f.i.g.......
[    0.285449] apple-properties: 00000040: 47 00 00 00 00 00 00 00 00 00 00 00 00 00 00 00  G...............
[    0.285451] apple-properties: 00000050: 00 00 03 00 06 00 1b 19 00 6c 05 00 00 00 00 00  .........l......
[    0.285453] apple-properties: 00000060: 00 00 00 00 00 00 00 00 00 00 00 00 00 00 00 00  ................
[    0.285456] apple-properties: 00000070: 00 00 00 00 00 00 00 00 00 00 00 00 00 00 00 00  ................
[    0.285458] apple-properties: 00000080: 00 00 00 00 00 00 00 00 00 00 00 00 00 00 00 00  ................
[    0.285460] apple-properties: 00000090: 00 00 00 00 00 00 00 00 00 00 00 00 00 00 00 00  ................
[    0.285462] apple-properties: 000000a0: 00 00 00 00 00 00 00 00 00 00 00 00 00 00 00 00  ................
[    0.285464] apple-properties: 000000b0: 00 00 00 00 00 00 00 00 00 00 00 00 00 00 00 00  ................
[    0.285466] apple-properties: 000000c0: 00 00 00 00 00 00 00 00 00 00 00 00 00 00 00 00  ................
[    0.285468] apple-properties: 000000d0: 00 00 00 00 00 00 00 00 00 00 00 00 00 00 00 00  ................
[    0.285470] apple-properties: 000000e0: 00 00 00 00 00 00 00 00 00 00 00 00 00 00 00 00  ................
[    0.285472] apple-properties: 000000f0: 00 00 00 00 00 00 00 00 00 00 00 00 00 00 00 00  ................
[    0.285475] apple-properties: 00000100: 00 00 00 00 00 00 00 00 00 00 00 00 00 00 00 00  ................
[    0.285477] apple-properties: 00000110: 00 00 00 00 00 00 00 00 00 00 00 00 00 00 2c 00  ..............,.
[    0.285479] apple-properties: 00000120: 00 00 41 00 41 00 50 00 4c 00 2c 00 69 00 67 00  ..A.A.P.L.,.i.g.
[    0.285481] apple-properties: 00000130: 2d 00 70 00 6c 00 61 00 74 00 66 00 6f 00 72 00  -.p.l.a.t.f.o.r.
[    0.285483] apple-properties: 00000140: 6d 00 2d 00 69 00 64 00 00 00 08 00 00 00 06 00  m.-.i.d.........
[    0.285485] apple-properties: 00000150: 1b 19 20 00 00 00 41 00 41 00 50 00 4c 00 2c 00  .. ...A.A.P.L.,.
[    0.285487] apple-properties: 00000160: 47 00 66 00 78 00 59 00 54 00 69 00 6c 00 65 00  G.f.x.Y.T.i.l.e.
[    0.285489] apple-properties: 00000170: 00 00 08 00 00 00 01 00 00 00 24 00 00 00 67 00  ..........$...g.
[    0.285491] apple-properties: 00000180: 72 00 61 00 70 00 68 00 69 00 63 00 2d 00 6f 00  r.a.p.h.i.c.-.o.
[    0.285494] apple-properties: 00000190: 70 00 74 00 69 00 6f 00 6e 00 73 00 00 00 08 00  p.t.i.o.n.s.....
[    0.285496] apple-properties: 000001a0: 00 00 0c 00 00 00                                ......
[    0.285510] pci 0000:01:00.0: assigning 67 device properties
[    0.285544] pci 0000:06:00.0: assigning 8 device properties
[    0.285551] pci 0000:7c:00.0: assigning 8 device properties
[    0.285557] pci 0000:00:1f.3: assigning 4 device properties
[    0.290048] clocksource: acpi_pm: mask: 0xffffff max_cycles: 0xffffff, max_idle_ns: 2085701024 ns
[    0.290076] pci 0000:05:01.0: bridge window [io  0x1000-0x0fff] to [bus 08-40] add_size 1000
[    0.290078] pci 0000:05:02.0: bridge window [io  0x1000-0x0fff] to [bus 07] add_size 1000
[    0.290079] pci 0000:05:02.0: bridge window [mem 0x00100000-0x000fffff 64bit pref] to [bus 07] add_size 200000 add_align 100000
[    0.290081] pci 0000:05:04.0: bridge window [io  0x1000-0x0fff] to [bus 41-79] add_size 1000
[    0.290082] pci 0000:04:00.0: bridge window [io  0x1000-0x0fff] to [bus 05-79] add_size 3000
[    0.290084] pci 0000:7b:01.0: bridge window [io  0x1000-0x0fff] to [bus 7e-b6] add_size 1000
[    0.290085] pci 0000:7b:02.0: bridge window [io  0x1000-0x0fff] to [bus 7d] add_size 1000
[    0.290086] pci 0000:7b:02.0: bridge window [mem 0x00100000-0x000fffff 64bit pref] to [bus 7d] add_size 200000 add_align 100000
[    0.290087] pci 0000:7b:04.0: bridge window [io  0x1000-0x0fff] to [bus b7-ef] add_size 1000
[    0.290089] pci 0000:7a:00.0: bridge window [io  0x1000-0x0fff] to [bus 7b-ef] add_size 3000
[    0.290103] pci 0000:00:1f.3: BAR 4: assigned [mem 0x80000000-0x8000ffff 64bit]
[    0.290123] pci 0000:00:01.0: PCI bridge to [bus 01]
[    0.290124] pci 0000:00:01.0:   bridge window [io  0x4000-0x4fff]
[    0.290126] pci 0000:00:01.0:   bridge window [mem 0x82600000-0x826fffff]
[    0.290128] pci 0000:00:01.0:   bridge window [mem 0xb0000000-0xc01fffff 64bit pref]
[    0.290131] pci 0000:04:00.0: BAR 13: assigned [io  0x6000-0x8fff]
[    0.290135] pci 0000:05:02.0: BAR 15: no space for [mem size 0x00200000 64bit pref]
[    0.290136] pci 0000:05:02.0: BAR 15: failed to assign [mem size 0x00200000 64bit pref]
[    0.290137] pci 0000:05:01.0: BAR 13: assigned [io  0x6000-0x6fff]
[    0.290138] pci 0000:05:02.0: BAR 13: assigned [io  0x7000-0x7fff]
[    0.290139] pci 0000:05:04.0: BAR 13: assigned [io  0x8000-0x8fff]
[    0.290141] pci 0000:05:02.0: BAR 15: no space for [mem size 0x00200000 64bit pref]
[    0.290142] pci 0000:05:02.0: BAR 15: failed to assign [mem size 0x00200000 64bit pref]
[    0.290143] pci 0000:05:00.0: PCI bridge to [bus 06]
[    0.290147] pci 0000:05:00.0:   bridge window [mem 0x82900000-0x829fffff]
[    0.290152] pci 0000:05:01.0: PCI bridge to [bus 08-40]
[    0.290154] pci 0000:05:01.0:   bridge window [io  0x6000-0x6fff]
[    0.290157] pci 0000:05:01.0:   bridge window [mem 0x82a00000-0x899fffff]
[    0.290159] pci 0000:05:01.0:   bridge window [mem 0xc0200000-0xc71fffff 64bit pref]
[    0.290164] pci 0000:07:00.0: BAR 0: assigned [mem 0x82800000-0x8280ffff]
[    0.290167] pci 0000:05:02.0: PCI bridge to [bus 07]
[    0.290168] pci 0000:05:02.0:   bridge window [io  0x7000-0x7fff]
[    0.290171] pci 0000:05:02.0:   bridge window [mem 0x82800000-0x828fffff]
[    0.290177] pci 0000:05:04.0: PCI bridge to [bus 41-79]
[    0.290178] pci 0000:05:04.0:   bridge window [io  0x8000-0x8fff]
[    0.290181] pci 0000:05:04.0:   bridge window [mem 0x89a00000-0x909fffff]
[    0.290184] pci 0000:05:04.0:   bridge window [mem 0xc7200000-0xce1fffff 64bit pref]
[    0.290188] pci 0000:04:00.0: PCI bridge to [bus 05-79]
[    0.290189] pci 0000:04:00.0:   bridge window [io  0x6000-0x8fff]
[    0.290192] pci 0000:04:00.0:   bridge window [mem 0x82800000-0x909fffff]
[    0.290194] pci 0000:04:00.0:   bridge window [mem 0xc0200000-0xce1fffff 64bit pref]
[    0.290198] pci 0000:00:01.1: PCI bridge to [bus 04-79]
[    0.290199] pci 0000:00:01.1:   bridge window [io  0x6000-0x9fff]
[    0.290201] pci 0000:00:01.1:   bridge window [mem 0x82800000-0x909fffff]
[    0.290202] pci 0000:00:01.1:   bridge window [mem 0xc0200000-0xce1fffff 64bit pref]
[    0.290205] pci 0000:7a:00.0: BAR 13: assigned [io  0xa000-0xcfff]
[    0.290208] pci 0000:7b:02.0: BAR 15: no space for [mem size 0x00200000 64bit pref]
[    0.290209] pci 0000:7b:02.0: BAR 15: failed to assign [mem size 0x00200000 64bit pref]
[    0.290209] pci 0000:7b:01.0: BAR 13: assigned [io  0xa000-0xafff]
[    0.290210] pci 0000:7b:02.0: BAR 13: assigned [io  0xb000-0xbfff]
[    0.290211] pci 0000:7b:04.0: BAR 13: assigned [io  0xc000-0xcfff]
[    0.290213] pci 0000:7b:02.0: BAR 15: no space for [mem size 0x00200000 64bit pref]
[    0.290214] pci 0000:7b:02.0: BAR 15: failed to assign [mem size 0x00200000 64bit pref]
[    0.290215] pci 0000:7b:00.0: PCI bridge to [bus 7c]
[    0.290218] pci 0000:7b:00.0:   bridge window [mem 0x90b00000-0x90bfffff]
[    0.290224] pci 0000:7b:01.0: PCI bridge to [bus 7e-b6]
[    0.290225] pci 0000:7b:01.0:   bridge window [io  0xa000-0xafff]
[    0.290228] pci 0000:7b:01.0:   bridge window [mem 0x90c00000-0x97bfffff]
[    0.290230] pci 0000:7b:01.0:   bridge window [mem 0xce200000-0xd51fffff 64bit pref]
[    0.290235] pci 0000:7d:00.0: BAR 0: assigned [mem 0x90a00000-0x90a0ffff]
[    0.290238] pci 0000:7b:02.0: PCI bridge to [bus 7d]
[    0.290239] pci 0000:7b:02.0:   bridge window [io  0xb000-0xbfff]
[    0.290242] pci 0000:7b:02.0:   bridge window [mem 0x90a00000-0x90afffff]
[    0.290248] pci 0000:7b:04.0: PCI bridge to [bus b7-ef]
[    0.290249] pci 0000:7b:04.0:   bridge window [io  0xc000-0xcfff]
[    0.290252] pci 0000:7b:04.0:   bridge window [mem 0x97c00000-0x9ebfffff]
[    0.290254] pci 0000:7b:04.0:   bridge window [mem 0xd5200000-0xdc1fffff 64bit pref]
[    0.290258] pci 0000:7a:00.0: PCI bridge to [bus 7b-ef]
[    0.290260] pci 0000:7a:00.0:   bridge window [io  0xa000-0xcfff]
[    0.290262] pci 0000:7a:00.0:   bridge window [mem 0x90a00000-0x9ebfffff]
[    0.290265] pci 0000:7a:00.0:   bridge window [mem 0xce200000-0xdc1fffff 64bit pref]
[    0.290268] pci 0000:00:01.2: PCI bridge to [bus 7a-ef]
[    0.290270] pci 0000:00:01.2:   bridge window [io  0xa000-0xdfff]
[    0.290271] pci 0000:00:01.2:   bridge window [mem 0x90a00000-0x9ebfffff]
[    0.290273] pci 0000:00:01.2:   bridge window [mem 0xce200000-0xdc1fffff 64bit pref]
[    0.290276] pci 0000:00:1b.0: PCI bridge to [bus 02]
[    0.290288] pci 0000:00:1b.0:   bridge window [io  0x3000-0x3fff]
[    0.290291] pci 0000:00:1b.0:   bridge window [mem 0x82500000-0x825fffff]
[    0.290297] pci 0000:00:1c.0: PCI bridge to [bus 03]
[    0.290301] pci 0000:00:1c.0:   bridge window [mem 0x82000000-0x824fffff]
[    0.290307] pci_bus 0000:00: resource 4 [io  0x0000-0x0cf7 window]
[    0.290308] pci_bus 0000:00: resource 5 [io  0x0d00-0xffff window]
[    0.290309] pci_bus 0000:00: resource 6 [mem 0x000a0000-0x000bffff window]
[    0.290309] pci_bus 0000:00: resource 7 [mem 0x000c0000-0x000c3fff window]
[    0.290310] pci_bus 0000:00: resource 8 [mem 0x000c4000-0x000c7fff window]
[    0.290311] pci_bus 0000:00: resource 9 [mem 0x000c8000-0x000cbfff window]
[    0.290312] pci_bus 0000:00: resource 10 [mem 0x000cc000-0x000cffff window]
[    0.290313] pci_bus 0000:00: resource 11 [mem 0x000d0000-0x000d3fff window]
[    0.290313] pci_bus 0000:00: resource 12 [mem 0x000d4000-0x000d7fff window]
[    0.290314] pci_bus 0000:00: resource 13 [mem 0x000d8000-0x000dbfff window]
[    0.290315] pci_bus 0000:00: resource 14 [mem 0x000dc000-0x000dffff window]
[    0.290316] pci_bus 0000:00: resource 15 [mem 0x000e0000-0x000e3fff window]
[    0.290317] pci_bus 0000:00: resource 16 [mem 0x000e4000-0x000e7fff window]
[    0.290317] pci_bus 0000:00: resource 17 [mem 0x000e8000-0x000ebfff window]
[    0.290318] pci_bus 0000:00: resource 18 [mem 0x000ec000-0x000effff window]
[    0.290319] pci_bus 0000:00: resource 19 [mem 0x000f0000-0x000fffff window]
[    0.290320] pci_bus 0000:00: resource 20 [mem 0x80000000-0xfeafffff window]
[    0.290321] pci_bus 0000:01: resource 0 [io  0x4000-0x4fff]
[    0.290322] pci_bus 0000:01: resource 1 [mem 0x82600000-0x826fffff]
[    0.290322] pci_bus 0000:01: resource 2 [mem 0xb0000000-0xc01fffff 64bit pref]
[    0.290323] pci_bus 0000:04: resource 0 [io  0x6000-0x9fff]
[    0.290324] pci_bus 0000:04: resource 1 [mem 0x82800000-0x909fffff]
[    0.290325] pci_bus 0000:04: resource 2 [mem 0xc0200000-0xce1fffff 64bit pref]
[    0.290326] pci_bus 0000:05: resource 0 [io  0x6000-0x8fff]
[    0.290326] pci_bus 0000:05: resource 1 [mem 0x82800000-0x909fffff]
[    0.290327] pci_bus 0000:05: resource 2 [mem 0xc0200000-0xce1fffff 64bit pref]
[    0.290328] pci_bus 0000:06: resource 1 [mem 0x82900000-0x829fffff]
[    0.290329] pci_bus 0000:08: resource 0 [io  0x6000-0x6fff]
[    0.290330] pci_bus 0000:08: resource 1 [mem 0x82a00000-0x899fffff]
[    0.290330] pci_bus 0000:08: resource 2 [mem 0xc0200000-0xc71fffff 64bit pref]
[    0.290331] pci_bus 0000:07: resource 0 [io  0x7000-0x7fff]
[    0.290332] pci_bus 0000:07: resource 1 [mem 0x82800000-0x828fffff]
[    0.290333] pci_bus 0000:41: resource 0 [io  0x8000-0x8fff]
[    0.290333] pci_bus 0000:41: resource 1 [mem 0x89a00000-0x909fffff]
[    0.290334] pci_bus 0000:41: resource 2 [mem 0xc7200000-0xce1fffff 64bit pref]
[    0.290335] pci_bus 0000:7a: resource 0 [io  0xa000-0xdfff]
[    0.290336] pci_bus 0000:7a: resource 1 [mem 0x90a00000-0x9ebfffff]
[    0.290337] pci_bus 0000:7a: resource 2 [mem 0xce200000-0xdc1fffff 64bit pref]
[    0.290338] pci_bus 0000:7b: resource 0 [io  0xa000-0xcfff]
[    0.290338] pci_bus 0000:7b: resource 1 [mem 0x90a00000-0x9ebfffff]
[    0.290339] pci_bus 0000:7b: resource 2 [mem 0xce200000-0xdc1fffff 64bit pref]
[    0.290340] pci_bus 0000:7c: resource 1 [mem 0x90b00000-0x90bfffff]
[    0.290341] pci_bus 0000:7e: resource 0 [io  0xa000-0xafff]
[    0.290341] pci_bus 0000:7e: resource 1 [mem 0x90c00000-0x97bfffff]
[    0.290342] pci_bus 0000:7e: resource 2 [mem 0xce200000-0xd51fffff 64bit pref]
[    0.290343] pci_bus 0000:7d: resource 0 [io  0xb000-0xbfff]
[    0.290344] pci_bus 0000:7d: resource 1 [mem 0x90a00000-0x90afffff]
[    0.290345] pci_bus 0000:b7: resource 0 [io  0xc000-0xcfff]
[    0.290345] pci_bus 0000:b7: resource 1 [mem 0x97c00000-0x9ebfffff]
[    0.290346] pci_bus 0000:b7: resource 2 [mem 0xd5200000-0xdc1fffff 64bit pref]
[    0.290347] pci_bus 0000:02: resource 0 [io  0x3000-0x3fff]
[    0.290348] pci_bus 0000:02: resource 1 [mem 0x82500000-0x825fffff]
[    0.290349] pci_bus 0000:03: resource 1 [mem 0x82000000-0x824fffff]
[    0.290548] NET: Registered protocol family 2
[    0.290688] tcp_listen_portaddr_hash hash table entries: 8192 (order: 5, 131072 bytes, linear)
[    0.290757] TCP established hash table entries: 131072 (order: 8, 1048576 bytes, linear)
[    0.290907] TCP bind hash table entries: 65536 (order: 8, 1048576 bytes, linear)
[    0.290978] TCP: Hash tables configured (established 131072 bind 65536)
[    0.291015] UDP hash table entries: 8192 (order: 6, 262144 bytes, linear)
[    0.291052] UDP-Lite hash table entries: 8192 (order: 6, 262144 bytes, linear)
[    0.291113] NET: Registered protocol family 1
[    0.291116] NET: Registered protocol family 44
[    0.291465] pci 0000:01:00.1: D0 power state depends on 0000:01:00.0
[    0.291661] pci 0000:07:00.0: enabling device (0000 -> 0002)
[    0.291899] pci 0000:7d:00.0: enabling device (0000 -> 0002)
[    0.292172] PCI: CLS 256 bytes, default 64
[    0.292198] Trying to unpack rootfs image as initramfs...
[    1.003359] Freeing initrd memory: 53484K
[    1.003419] DMAR: ACPI device "device:91" under DMAR at fed91000 as 00:15.0
[    1.003422] DMAR: ACPI device "device:92" under DMAR at fed91000 as 00:1e.2
[    1.003424] DMAR: ACPI device "device:93" under DMAR at fed91000 as 00:1e.3
[    1.003425] DMAR: Failed to find handle for ACPI object \_SB.PCI0.UA00
[    1.003430] DMAR: Failed to find handle for ACPI object \_SB.PCI0.UA01
[    1.003432] DMAR: Failed to find handle for ACPI object \_SB.PCI0.UA02
[    1.023157] PCI-DMA: Using software bounce buffering for IO (SWIOTLB)
[    1.023158] software IO TLB: mapped [mem 0x6c815000-0x70815000] (64MB)
[    1.023420] check: Scanning for low memory corruption every 60 seconds
[    1.024762] Initialise system trusted keyrings
[    1.024775] Key type blacklist registered
[    1.024798] workingset: timestamp_bits=36 max_order=22 bucket_order=0
[    1.025925] zbud: loaded
[    1.026196] squashfs: version 4.0 (2009/01/31) Phillip Lougher
[    1.026328] fuse: init (API version 7.31)
[    1.026343] *** VALIDATE fuse ***
[    1.026344] *** VALIDATE fuse ***
[    1.026465] Platform Keyring initialized
[    1.029907] Key type asymmetric registered
[    1.029908] Asymmetric key parser 'x509' registered
[    1.029913] Block layer SCSI generic (bsg) driver version 0.4 loaded (major 244)
[    1.029942] io scheduler mq-deadline registered
[    1.030832] pcieport 0000:05:01.0: pciehp: Slot #1 AttnBtn- PwrCtrl- MRL- AttnInd- PwrInd- HotPlug+ Surprise+ Interlock- NoCompl+ LLActRep+
[    1.030966] pcieport 0000:05:02.0: pciehp: Slot #0 AttnBtn- PwrCtrl- MRL- AttnInd- PwrInd- HotPlug+ Surprise+ Interlock- NoCompl+ LLActRep+
[    1.031125] pcieport 0000:05:04.0: pciehp: Slot #4 AttnBtn- PwrCtrl- MRL- AttnInd- PwrInd- HotPlug+ Surprise+ Interlock- NoCompl+ LLActRep+
[    1.031477] pcieport 0000:7b:01.0: pciehp: Slot #1 AttnBtn- PwrCtrl- MRL- AttnInd- PwrInd- HotPlug+ Surprise+ Interlock- NoCompl+ LLActRep+
[    1.031607] pcieport 0000:7b:02.0: pciehp: Slot #0 AttnBtn- PwrCtrl- MRL- AttnInd- PwrInd- HotPlug+ Surprise+ Interlock- NoCompl+ LLActRep+
[    1.031761] pcieport 0000:7b:04.0: pciehp: Slot #4 AttnBtn- PwrCtrl- MRL- AttnInd- PwrInd- HotPlug+ Surprise+ Interlock- NoCompl+ LLActRep+
[    1.031872] shpchp: Standard Hot Plug PCI Controller Driver version: 0.4
[    1.031916] efifb: probing for efifb
[    1.031942] efifb: No BGRT, not showing boot graphics
[    1.031943] efifb: framebuffer at 0xb0300000, using 29400k, total 29400k
[    1.031944] efifb: mode is 3360x2100x32, linelength=14336, pages=1
[    1.031944] efifb: scrolling: redraw
[    1.031945] efifb: Truecolor: size=8:8:8:8, shift=24:16:8:0
[    1.032001] Console: switching to colour frame buffer device 210x65
[    1.040979] fb0: EFI VGA frame buffer device
[    1.040984] intel_idle: MWAIT substates: 0x11142120
[    1.040985] intel_idle: v0.4.1 model 0x5E
[    1.040988] intel_idle: state C8 is disabled
[    1.040988] intel_idle: state C9 is disabled
[    1.041300] intel_idle: lapic_timer_reliable_states 0xffffffff
[    1.041442] ACPI: AC Adapter [ADP1] (on-line)
[    1.041495] input: Lid Switch as /devices/LNXSYSTM:00/LNXSYBUS:00/PNP0C0D:00/input/input0
[    1.041517] ACPI: Lid Switch [LID0]
[    1.041539] input: Power Button as /devices/LNXSYSTM:00/LNXSYBUS:00/PNP0C0C:00/input/input1
[    1.041550] ACPI: Power Button [PWRB]
[    1.041568] input: Sleep Button as /devices/LNXSYSTM:00/LNXSYBUS:00/PNP0C0E:00/input/input2
[    1.041579] ACPI: Sleep Button [SLPB]
[    1.041597] input: Power Button as /devices/LNXSYSTM:00/LNXPWRBN:00/input/input3
[    1.041611] ACPI: Power Button [PWRF]
[    1.042675] Serial: 8250/16550 driver, 32 ports, IRQ sharing enabled
[    1.043791] Linux agpgart interface v0.103
[    1.045905] loop: module loaded
[    1.046069] libphy: Fixed MDIO Bus: probed
[    1.046070] tun: Universal TUN/TAP device driver, 1.6
[    1.046113] PPP generic driver version 2.4.2
[    1.046215] VFIO - User Level meta-driver version: 0.3
[    1.046286] ehci_hcd: USB 2.0 'Enhanced' Host Controller (EHCI) Driver
[    1.046288] ehci-pci: EHCI PCI platform driver
[    1.046300] ehci-platform: EHCI generic platform driver
[    1.046306] ohci_hcd: USB 1.1 'Open' Host Controller (OHCI) Driver
[    1.046307] ohci-pci: OHCI PCI platform driver
[    1.046313] ohci-platform: OHCI generic platform driver
[    1.046317] uhci_hcd: USB Universal Host Controller Interface driver
[    1.046475] xhci_hcd 0000:00:14.0: xHCI Host Controller
[    1.046479] xhci_hcd 0000:00:14.0: new USB bus registered, assigned bus number 1
[    1.047554] xhci_hcd 0000:00:14.0: hcc params 0x200077c1 hci version 0x100 quirks 0x0000000001109810
[    1.047566] xhci_hcd 0000:00:14.0: cache line size of 256 is not supported
[    1.047720] usb usb1: New USB device found, idVendor=1d6b, idProduct=0002, bcdDevice= 5.05
[    1.047721] usb usb1: New USB device strings: Mfr=3, Product=2, SerialNumber=1
[    1.047722] usb usb1: Product: xHCI Host Controller
[    1.047722] usb usb1: Manufacturer: Linux 5.5.11-050511-generic xhci-hcd
[    1.047723] usb usb1: SerialNumber: 0000:00:14.0
[    1.047852] hub 1-0:1.0: USB hub found
[    1.047877] hub 1-0:1.0: 16 ports detected
[    1.048252] xhci_hcd 0000:00:14.0: xHCI Host Controller
[    1.048254] xhci_hcd 0000:00:14.0: new USB bus registered, assigned bus number 2
[    1.048256] xhci_hcd 0000:00:14.0: Host supports USB 3.0 SuperSpeed
[    1.048281] usb usb2: New USB device found, idVendor=1d6b, idProduct=0003, bcdDevice= 5.05
[    1.048281] usb usb2: New USB device strings: Mfr=3, Product=2, SerialNumber=1
[    1.048282] usb usb2: Product: xHCI Host Controller
[    1.048283] usb usb2: Manufacturer: Linux 5.5.11-050511-generic xhci-hcd
[    1.048283] usb usb2: SerialNumber: 0000:00:14.0
[    1.048366] hub 2-0:1.0: USB hub found
[    1.048385] hub 2-0:1.0: 8 ports detected
[    1.048642] xhci_hcd 0000:07:00.0: xHCI Host Controller
[    1.048647] xhci_hcd 0000:07:00.0: new USB bus registered, assigned bus number 3
[    1.049722] xhci_hcd 0000:07:00.0: hcc params 0x200077c1 hci version 0x110 quirks 0x0000000200009810
[    1.049860] usb usb3: New USB device found, idVendor=1d6b, idProduct=0002, bcdDevice= 5.05
[    1.049861] usb usb3: New USB device strings: Mfr=3, Product=2, SerialNumber=1
[    1.049862] usb usb3: Product: xHCI Host Controller
[    1.049862] usb usb3: Manufacturer: Linux 5.5.11-050511-generic xhci-hcd
[    1.049863] usb usb3: SerialNumber: 0000:07:00.0
[    1.049944] hub 3-0:1.0: USB hub found
[    1.049949] hub 3-0:1.0: 2 ports detected
[    1.050060] xhci_hcd 0000:07:00.0: xHCI Host Controller
[    1.050062] xhci_hcd 0000:07:00.0: new USB bus registered, assigned bus number 4
[    1.050063] xhci_hcd 0000:07:00.0: Host supports USB 3.1 Enhanced SuperSpeed
[    1.050085] usb usb4: New USB device found, idVendor=1d6b, idProduct=0003, bcdDevice= 5.05
[    1.050085] usb usb4: New USB device strings: Mfr=3, Product=2, SerialNumber=1
[    1.050086] usb usb4: Product: xHCI Host Controller
[    1.050087] usb usb4: Manufacturer: Linux 5.5.11-050511-generic xhci-hcd
[    1.050087] usb usb4: SerialNumber: 0000:07:00.0
[    1.050165] hub 4-0:1.0: USB hub found
[    1.050173] hub 4-0:1.0: 2 ports detected
[    1.050296] xhci_hcd 0000:7d:00.0: xHCI Host Controller
[    1.050298] xhci_hcd 0000:7d:00.0: new USB bus registered, assigned bus number 5
[    1.051372] xhci_hcd 0000:7d:00.0: hcc params 0x200077c1 hci version 0x110 quirks 0x0000000200009810
[    1.051512] usb usb5: New USB device found, idVendor=1d6b, idProduct=0002, bcdDevice= 5.05
[    1.051513] usb usb5: New USB device strings: Mfr=3, Product=2, SerialNumber=1
[    1.051513] usb usb5: Product: xHCI Host Controller
[    1.051514] usb usb5: Manufacturer: Linux 5.5.11-050511-generic xhci-hcd
[    1.051514] usb usb5: SerialNumber: 0000:7d:00.0
[    1.051595] hub 5-0:1.0: USB hub found
[    1.051600] hub 5-0:1.0: 2 ports detected
[    1.051706] xhci_hcd 0000:7d:00.0: xHCI Host Controller
[    1.051708] xhci_hcd 0000:7d:00.0: new USB bus registered, assigned bus number 6
[    1.051709] xhci_hcd 0000:7d:00.0: Host supports USB 3.1 Enhanced SuperSpeed
[    1.051729] usb usb6: New USB device found, idVendor=1d6b, idProduct=0003, bcdDevice= 5.05
[    1.051729] usb usb6: New USB device strings: Mfr=3, Product=2, SerialNumber=1
[    1.051730] usb usb6: Product: xHCI Host Controller
[    1.051731] usb usb6: Manufacturer: Linux 5.5.11-050511-generic xhci-hcd
[    1.051731] usb usb6: SerialNumber: 0000:7d:00.0
[    1.051808] hub 6-0:1.0: USB hub found
[    1.051812] hub 6-0:1.0: 2 ports detected
[    1.051895] i8042: PNP: No PS/2 controller found.
[    1.051990] mousedev: PS/2 mouse device common for all mice
[    1.052230] rtc_cmos 00:01: RTC can wake from S4
[    1.052701] rtc_cmos 00:01: registered as rtc0
[    1.052710] rtc_cmos 00:01: alarms up to one month, y3k, 242 bytes nvram, hpet irqs
[    1.052713] i2c /dev entries driver
[    1.052751] device-mapper: uevent: version 1.0.3
[    1.052792] device-mapper: ioctl: 4.41.0-ioctl (2019-09-16) initialised: dm-devel@redhat.com
[    1.052828] platform eisa.0: Probing EISA bus 0
[    1.052829] platform eisa.0: EISA: Cannot allocate resource for mainboard
[    1.052830] platform eisa.0: Cannot allocate resource for EISA slot 1
[    1.052830] platform eisa.0: Cannot allocate resource for EISA slot 2
[    1.052831] platform eisa.0: Cannot allocate resource for EISA slot 3
[    1.052831] platform eisa.0: Cannot allocate resource for EISA slot 4
[    1.052832] platform eisa.0: Cannot allocate resource for EISA slot 5
[    1.052833] platform eisa.0: Cannot allocate resource for EISA slot 6
[    1.052833] platform eisa.0: Cannot allocate resource for EISA slot 7
[    1.052834] platform eisa.0: Cannot allocate resource for EISA slot 8
[    1.052834] platform eisa.0: EISA: Detected 0 cards
[    1.052837] intel_pstate: Intel P-state driver initializing
[    1.053482] intel_pstate: HWP enabled
[    1.053714] ledtrig-cpu: registered to indicate activity on CPUs
[    1.053715] EFI Variables Facility v0.08 2004-May-17
[    1.350511] intel_pmc_core intel_pmc_core.0:  initialized
[    1.350533] drop_monitor: Initializing network drop monitor service
[    1.350711] NET: Registered protocol family 10
[    1.356742] Segment Routing with IPv6
[    1.356755] NET: Registered protocol family 17
[    1.356870] Key type dns_resolver registered
[    1.357456] RAS: Correctable Errors collector initialized.
[    1.357488] microcode: sig=0x506e3, pf=0x20, revision=0xdc
[    1.357642] microcode: Microcode Update Driver: v2.2.
[    1.357645] IPI shorthand broadcast: enabled
[    1.357653] sched_clock: Marking stable (1361149409, -3509005)->(1364736008, -7095604)
[    1.357823] registered taskstats version 1
[    1.357829] Loading compiled-in X.509 certificates
[    1.359133] Loaded X.509 cert 'Build time autogenerated kernel key: 4d91a07fa2760a9fbef14f62f2d5d74389c83a99'
[    1.359171] zswap: loaded using pool lzo/zbud
[    1.359279] Key type ._fscrypt registered
[    1.359280] Key type .fscrypt registered
[    1.364319] Key type big_key registered
[    1.366763] Key type encrypted registered
[    1.366765] AppArmor: AppArmor sha1 policy hashing enabled
[    1.393018] usb 1-3: new high-speed USB device number 2 using xhci_hcd
[    1.393052] ima: No TPM chip found, activating TPM-bypass!
[    1.393073] ima: Allocated hash algorithm: sha1
[    1.393094] ima: No architecture policies found
[    1.393100] evm: Initialising EVM extended attributes:
[    1.393100] evm: security.selinux
[    1.393100] evm: security.SMACK64
[    1.393101] evm: security.SMACK64EXEC
[    1.393101] evm: security.SMACK64TRANSMUTE
[    1.393101] evm: security.SMACK64MMAP
[    1.393102] evm: security.apparmor
[    1.393102] evm: security.ima
[    1.393102] evm: security.capability
[    1.393103] evm: HMAC attrs: 0x1
[    1.416348] usb 1-3: New USB device found, idVendor=05ac, idProduct=8600, bcdDevice= 1.01
[    1.416349] usb 1-3: New USB device strings: Mfr=1, Product=2, SerialNumber=0
[    1.416350] usb 1-3: Product: iBridge
[    1.416365] usb 1-3: Manufacturer: Apple Inc.
[    1.547313] usb 1-11: new high-speed USB device number 3 using xhci_hcd
[    1.560239] usb 4-1: new SuperSpeed Gen 1 USB device number 2 using xhci_hcd
[    1.575169] usb 1-11: New USB device found, idVendor=2109, idProduct=2813, bcdDevice= 2.21
[    1.575170] usb 1-11: New USB device strings: Mfr=1, Product=2, SerialNumber=0
[    1.575171] usb 1-11: Product: USB2.0 Hub             
[    1.575172] usb 1-11: Manufacturer: VIA Labs, Inc.         
[    1.576657] hub 1-11:1.0: USB hub found
[    1.577508] hub 1-11:1.0: 4 ports detected
[    1.704034] usb 4-1: New USB device found, idVendor=2109, idProduct=0813, bcdDevice= 2.21
[    1.704035] usb 4-1: New USB device strings: Mfr=1, Product=2, SerialNumber=0
[    1.704036] usb 4-1: Product: USB3.0 Hub             
[    1.704037] usb 4-1: Manufacturer: VIA Labs, Inc.         
[    1.708149] hub 4-1:1.0: USB hub found
[    1.708528] hub 4-1:1.0: 4 ports detected
[    1.711676] PM:   Magic number: 8:202:490
[    1.711909] rtc_cmos 00:01: setting system clock to 2020-06-21T16:29:00 UTC (1592756940)
[    1.712987] Freeing unused decrypted memory: 2040K
[    1.713336] Freeing unused kernel image (initmem) memory: 2664K
[    1.713394] Write protecting the kernel read-only data: 22528k
[    1.713940] Freeing unused kernel image (text/rodata gap) memory: 2044K
[    1.714165] Freeing unused kernel image (rodata/data gap) memory: 976K
[    1.720510] x86/mm: Checked W+X mappings: passed, no W+X pages found.
[    1.720511] x86/mm: Checking user space page tables
[    1.726759] x86/mm: Checked W+X mappings: passed, no W+X pages found.
[    1.726760] Run /init as init process
[    1.792748] [Firmware Bug]: ACPI(GFX0) defines _DOD but not _DOS
[    1.792782] ACPI: Video Device [GFX0] (multi-head: yes  rom: no  post: no)
[    1.794949] acpi device:02: registered as cooling_device8
[    1.794982] input: Video Bus as /devices/LNXSYSTM:00/LNXSYBUS:00/PNP0A08:00/device:01/LNXVIDEO:00/input/input4
[    1.800462] applespi: loading out-of-tree module taints kernel.
[    1.800495] applespi: module verification failed: signature and/or required key missing - tainting kernel
[    1.810128] hid: raw HID events driver (C) Jiri Kosina
[    1.811881] nvme nvme0: pci function 0000:02:00.0
[    1.813641] usbcore: registered new interface driver usbhid
[    1.813641] usbhid: USB HID core driver
[    1.831233] intel-lpss 0000:00:15.0: enabling device (0000 -> 0002)
[    1.831471] idma64 idma64.0: Found Intel integrated DMA 64-bit
[    1.851242] intel-lpss 0000:00:19.0: enabling device (0000 -> 0002)
[    1.871387] intel-lpss 0000:00:1e.0: enabling device (0000 -> 0002)
[    1.871839] idma64 idma64.2: Found Intel integrated DMA 64-bit
[    1.872022] input: Apple Inc. iBridge as /devices/pci0000:00/0000:00:14.0/usb1/1-3/1-3:1.2/0003:05AC:8600.0001/input/input5
[    1.891261] intel-lpss 0000:00:1e.1: enabling device (0000 -> 0002)
[    1.891574] idma64 idma64.3: Found Intel integrated DMA 64-bit
[    1.903231] usb 1-11.2: new high-speed USB device number 4 using xhci_hcd
[    1.911236] intel-lpss 0000:00:1e.2: enabling device (0000 -> 0002)
[    1.911583] idma64 idma64.4: Found Intel integrated DMA 64-bit
[    1.924001] usb 1-11.2: New USB device found, idVendor=1a40, idProduct=0101, bcdDevice= 1.11
[    1.924002] usb 1-11.2: New USB device strings: Mfr=0, Product=1, SerialNumber=0
[    1.924003] usb 1-11.2: Product: USB 2.0 Hub
[    1.924604] hub 1-11.2:1.0: USB hub found
[    1.924677] hub 1-11.2:1.0: 4 ports detected
[    1.931231] intel-lpss 0000:00:1e.3: enabling device (0000 -> 0002)
[    1.931437] hid-generic 0003:05AC:8600.0001: input,hidraw0: USB HID v1.01 Keyboard [Apple Inc. iBridge] on usb-0000:00:14.0-3/input2
[    1.931615] idma64 idma64.5: Found Intel integrated DMA 64-bit
[    1.931834] hid-generic 0003:05AC:8600.0002: hiddev0,hidraw1: USB HID v1.01 Device [Apple Inc. iBridge] on usb-0000:00:14.0-3/input3
[    1.977031] input: Apple SPI Keyboard as /devices/pci0000:00/0000:00:1e.3/pxa2xx-spi.5/spi_master/spi2/spi-APP000D:00/input/input6
[    1.978921] input: Apple SPI Touchpad as /devices/pci0000:00/0000:00:1e.3/pxa2xx-spi.5/spi_master/spi2/spi-APP000D:00/input/input7
[    1.980404] applespi spi-APP000D:00: modeswitch done.
[    2.015223] usb 1-11.3: new high-speed USB device number 5 using xhci_hcd
[    2.034574] nvme nvme0: 1/0/0 default/read/poll queues
[    2.051247] tsc: Refined TSC clocksource calibration: 2903.971 MHz
[    2.051253] clocksource: tsc: mask: 0xffffffffffffffff max_cycles: 0x29dbea8485b, max_idle_ns: 440795350411 ns
[    2.051296] clocksource: Switched to clocksource tsc
[    2.051533] usb 1-11.3: New USB device found, idVendor=2109, idProduct=d101, bcdDevice= 3.01
[    2.051534] usb 1-11.3: New USB device strings: Mfr=1, Product=2, SerialNumber=3
[    2.051549] usb 1-11.3: Product: USB Keyboard           
[    2.051550] usb 1-11.3: Manufacturer: VIA Labs, Inc.         
[    2.051550] usb 1-11.3: SerialNumber: 0000000000000001
[    2.059552] hid-generic 0003:2109:D101.0003: hiddev1,hidraw2: USB HID v1.10 Device [VIA Labs, Inc.          USB Keyboard           ] on usb-0000:00:14.0-11.3/input0
[    2.065786]  nvme0n1: p1 p2
[    2.331225] usb 1-11.2.4: new full-speed USB device number 6 using xhci_hcd
[    2.555915] usb 1-11.2.4: New USB device found, idVendor=046d, idProduct=c534, bcdDevice=29.01
[    2.555917] usb 1-11.2.4: New USB device strings: Mfr=1, Product=2, SerialNumber=0
[    2.555918] usb 1-11.2.4: Product: USB Receiver
[    2.555918] usb 1-11.2.4: Manufacturer: Logitech
[    2.563584] input: Logitech USB Receiver as /devices/pci0000:00/0000:00:14.0/usb1/1-11/1-11.2/1-11.2.4/1-11.2.4:1.0/0003:046D:C534.0004/input/input8
[    2.623618] hid-generic 0003:046D:C534.0004: input,hidraw3: USB HID v1.11 Keyboard [Logitech USB Receiver] on usb-0000:00:14.0-11.2.4/input0
[    2.626002] input: Logitech USB Receiver Mouse as /devices/pci0000:00/0000:00:14.0/usb1/1-11/1-11.2/1-11.2.4/1-11.2.4:1.1/0003:046D:C534.0005/input/input9
[    2.626194] input: Logitech USB Receiver Consumer Control as /devices/pci0000:00/0000:00:14.0/usb1/1-11/1-11.2/1-11.2.4/1-11.2.4:1.1/0003:046D:C534.0005/input/input10
[    2.683548] input: Logitech USB Receiver System Control as /devices/pci0000:00/0000:00:14.0/usb1/1-11/1-11.2/1-11.2.4/1-11.2.4:1.1/0003:046D:C534.0005/input/input11
[    2.683847] hid-generic 0003:046D:C534.0005: input,hiddev2,hidraw4: USB HID v1.11 Mouse [Logitech USB Receiver] on usb-0000:00:14.0-11.2.4/input1
[    2.751610] logitech-djreceiver 0003:046D:C534.0004: hidraw3: USB HID v1.11 Keyboard [Logitech USB Receiver] on usb-0000:00:14.0-11.2.4/input0
[    2.931899] logitech-djreceiver 0003:046D:C534.0005: hiddev2,hidraw4: USB HID v1.11 Mouse [Logitech USB Receiver] on usb-0000:00:14.0-11.2.4/input1
[    2.994002] logitech-djreceiver 0003:046D:C534.0005: device of type eQUAD nano Lite (0x0a) connected on slot 1
[    2.994340] input: Logitech Wireless Keyboard PID:4023 Keyboard as /devices/pci0000:00/0000:00:14.0/usb1/1-11/1-11.2/1-11.2.4/1-11.2.4:1.1/0003:046D:C534.0005/0003:046D:4023.0006/input/input14
[    2.994459] input: Logitech Wireless Keyboard PID:4023 Consumer Control as /devices/pci0000:00/0000:00:14.0/usb1/1-11/1-11.2/1-11.2.4/1-11.2.4:1.1/0003:046D:C534.0005/0003:046D:4023.0006/input/input15
[    2.994604] input: Logitech Wireless Keyboard PID:4023 System Control as /devices/pci0000:00/0000:00:14.0/usb1/1-11/1-11.2/1-11.2.4/1-11.2.4:1.1/0003:046D:C534.0005/0003:046D:4023.0006/input/input16
[    2.994704] hid-generic 0003:046D:4023.0006: input,hidraw5: USB HID v1.11 Keyboard [Logitech Wireless Keyboard PID:4023] on usb-0000:00:14.0-11.2.4/input1:1
[    2.995977] logitech-djreceiver 0003:046D:C534.0005: device of type eQUAD nano Lite (0x0a) connected on slot 2
[    2.996161] input: Logitech Wireless Mouse PID:4054 Mouse as /devices/pci0000:00/0000:00:14.0/usb1/1-11/1-11.2/1-11.2.4/1-11.2.4:1.1/0003:046D:C534.0005/0003:046D:4054.0007/input/input21
[    2.996224] hid-generic 0003:046D:4054.0007: input,hidraw6: USB HID v1.11 Mouse [Logitech Wireless Mouse PID:4054] on usb-0000:00:14.0-11.2.4/input1:2
[    3.170267] input: Logitech Wireless Keyboard PID:4023 as /devices/pci0000:00/0000:00:14.0/usb1/1-11/1-11.2/1-11.2.4/1-11.2.4:1.1/0003:046D:C534.0005/0003:046D:4023.0006/input/input25
[    3.170548] logitech-hidpp-device 0003:046D:4023.0006: input,hidraw5: USB HID v1.11 Keyboard [Logitech Wireless Keyboard PID:4023] on usb-0000:00:14.0-11.2.4/input1:1
[    3.222186] input: Logitech Wireless Mouse as /devices/pci0000:00/0000:00:14.0/usb1/1-11/1-11.2/1-11.2.4/1-11.2.4:1.1/0003:046D:C534.0005/0003:046D:4054.0007/input/input26
[    3.222585] logitech-hidpp-device 0003:046D:4054.0007: input,hidraw6: USB HID v1.11 Mouse [Logitech Wireless Mouse] on usb-0000:00:14.0-11.2.4/input1:2
[    3.399107] raid6: avx2x4   gen() 34396 MB/s
[    3.467106] raid6: avx2x4   xor() 22712 MB/s
[    3.535107] raid6: avx2x2   gen() 31617 MB/s
[    3.603107] raid6: avx2x2   xor() 21044 MB/s
[    3.671107] raid6: avx2x1   gen() 27191 MB/s
[    3.739106] raid6: avx2x1   xor() 19370 MB/s
[    3.807107] raid6: sse2x4   gen() 15656 MB/s
[    3.875106] raid6: sse2x4   xor() 10105 MB/s
[    3.943107] raid6: sse2x2   gen() 13577 MB/s
[    4.011105] raid6: sse2x2   xor()  9215 MB/s
[    4.079110] raid6: sse2x1   gen() 12042 MB/s
[    4.147109] raid6: sse2x1   xor()  6987 MB/s
[    4.147109] raid6: using algorithm avx2x4 gen() 34396 MB/s
[    4.147110] raid6: .... xor() 22712 MB/s, rmw enabled
[    4.147110] raid6: using avx2x2 recovery algorithm
[    4.149118] xor: automatically using best checksumming function   avx       
[    4.164473] Btrfs loaded, crc32c=crc32c-intel
[    4.209538] EXT4-fs (dm-0): mounted filesystem with ordered data mode. Opts: (null)
[    4.895459] systemd[1]: systemd 237 running in system mode. (+PAM +AUDIT +SELINUX +IMA +APPARMOR +SMACK +SYSVINIT +UTMP +LIBCRYPTSETUP +GCRYPT +GNUTLS +ACL +XZ +LZ4 +SECCOMP +BLKID +ELFUTILS +KMOD -IDN2 +IDN -PCRE2 default-hierarchy=hybrid)
[    4.915611] systemd[1]: Detected architecture x86-64.
[    4.940157] systemd[1]: Set hostname to <asimov-MacBookPro>.
[    5.005941] systemd[1]: Started Forward Password Requests to Wall Directory Watch.
[    5.006106] systemd[1]: Set up automount Arbitrary Executable File Formats File System Automount Point.
[    5.006222] systemd[1]: Created slice User and Session Slice.
[    5.006306] systemd[1]: Created slice System Slice.
[    5.006346] systemd[1]: Listening on fsck to fsckd communication Socket.
[    5.006371] systemd[1]: Listening on udev Kernel Socket.
[    5.006407] systemd[1]: Listening on udev Control Socket.
[    5.020563] lp: driver loaded but no devices found
[    5.021663] EXT4-fs (dm-0): re-mounted. Opts: errors=remount-ro
[    5.022994] ppdev: user-space parallel port driver
[    5.110634] systemd-journald[509]: Received request to flush runtime journal from PID 1
[    5.158033] apple_gmux: Found gmux version 4.0.29 [indexed]
[    5.165775] smbus_hc ACPI0001:00: SBS HC: offset = 0x20, query_bit = 0x10
[    5.187209] Bluetooth: Core ver 2.22
[    5.187225] NET: Registered protocol family 31
[    5.187226] Bluetooth: HCI device and connection manager initialized
[    5.187231] Bluetooth: HCI socket layer initialized
[    5.187234] Bluetooth: L2CAP socket layer initialized
[    5.187237] Bluetooth: SCO socket layer initialized
[    5.253137] Bluetooth: HCI UART driver ver 2.3
[    5.253139] Bluetooth: HCI UART protocol H4 registered
[    5.253140] Bluetooth: HCI UART protocol BCSP registered
[    5.253149] Bluetooth: HCI UART protocol LL registered
[    5.253149] Bluetooth: HCI UART protocol ATH3K registered
[    5.253158] Bluetooth: HCI UART protocol Three-wire (H5) registered
[    5.253181] Bluetooth: HCI UART protocol Intel registered
[    5.253207] Bluetooth: HCI UART protocol Broadcom registered
[    5.253213] Bluetooth: HCI UART protocol QCA registered
[    5.253213] Bluetooth: HCI UART protocol AG6XX registered
[    5.253219] Bluetooth: HCI UART protocol Marvell registered
[    5.257435] cfg80211: Loading compiled-in X.509 certificates for regulatory database
[    5.259333] mc: Linux media interface: v0.10
[    5.264956] cfg80211: Loaded X.509 cert 'sforshee: 00b28ddf47aef9cea7'
[    5.271353] dw-apb-uart.1: ttyS4 at MMIO 0x8272a000 (irq = 21, base_baud = 115200) is a 16550A
[    5.271409] videodev: Linux video capture interface: v2.00
[    5.271767] serial serial0: tty port ttyS4 registered
[    5.291467] dw-apb-uart.2: ttyS5 at MMIO 0x8272b000 (irq = 20, base_baud = 3000000) is a 16550A
[    5.291915] hci_uart_bcm serial1-0: Unexpected ACPI gpio_int_idx: -1
[    5.291916] hci_uart_bcm serial1-0: Unexpected number of ACPI GPIOs: 0
[    5.291923] serial serial1: tty port ttyS5 registered
[    5.291967] hci_uart_bcm serial1-0: No reset resource, using default baud rate
[    5.311363] dw-apb-uart.3: ttyS6 at MMIO 0x8272c000 (irq = 21, base_baud = 115200) is a 16550A
[    5.311699] serial serial2: tty port ttyS6 registered
[    5.314547] RAPL PMU: API unit is 2^-32 Joules, 4 fixed counters, 655360 ms ovfl timer
[    5.314548] RAPL PMU: hw unit of domain pp0-core 2^-14 Joules
[    5.314549] RAPL PMU: hw unit of domain package 2^-14 Joules
[    5.314549] RAPL PMU: hw unit of domain dram 2^-14 Joules
[    5.314550] RAPL PMU: hw unit of domain pp1-gpu 2^-14 Joules
[    5.317028] usbcore: registered new interface driver brcmfmac
[    5.329695] cryptd: max_cpu_qlen set to 1000
[    5.331939] snd_hda_intel 0000:01:00.1: enabling device (0000 -> 0002)
[    5.332018] snd_hda_intel 0000:01:00.1: Force to non-snoop mode
[    5.337436] AVX2 version of gcm_enc/dec engaged.
[    5.337437] AES CTR mode by8 optimization enabled
[    5.343969] input: HDA ATI HDMI HDMI/DP,pcm=3 as /devices/pci0000:00/0000:00:01.0/0000:01:00.1/sound/card1/input27
[    5.347408] AMD-Vi: AMD IOMMUv2 driver by Joerg Roedel <jroedel@suse.de>
[    5.347409] AMD-Vi: AMD IOMMUv2 functionality not available on this system
[    5.351786] uvcvideo: Found UVC 1.50 device iBridge (05ac:8600)
[    5.359096] snd_hda_codec_cirrus hdaudioC0D0: autoconfig for CS8409: line_outs=2 (0x24/0x25/0x0/0x0/0x0) type:speaker
[    5.359099] snd_hda_codec_cirrus hdaudioC0D0:    speaker_outs=0 (0x0/0x0/0x0/0x0/0x0)
[    5.359101] snd_hda_codec_cirrus hdaudioC0D0:    hp_outs=1 (0x2c/0x0/0x0/0x0/0x0)
[    5.359102] snd_hda_codec_cirrus hdaudioC0D0:    mono: mono_out=0x0
[    5.359103] snd_hda_codec_cirrus hdaudioC0D0:    inputs:
[    5.359104] snd_hda_codec_cirrus hdaudioC0D0:      Internal Mic=0x44
[    5.359309] snd_hda_codec_cirrus hdaudioC0D0:      Mic=0x3c
[    5.393480] uvcvideo 1-3:1.0: Entity type for entity Camera 1 was not initialized!
[    5.393539] usbcore: registered new interface driver uvcvideo
[    5.393540] USB Video Class driver (1.1.1)
[    5.405135] [drm] amdgpu kernel modesetting enabled.
[    5.405198] CRAT table not found
[    5.405201] Virtual CRAT table created for CPU
[    5.405201] Parsing CRAT table with 1 nodes
[    5.405202] Creating topology SYSFS entries
[    5.405215] Topology: Add CPU node
[    5.405216] Finished initializing topology
[    5.405303] checking generic (b0300000 1cb6000) vs hw (b0000000 10000000)
[    5.405305] fb0: switching to amdgpudrmfb from EFI VGA
[    5.405883] Console: switching to colour dummy device 80x25
[    5.405966] amdgpu 0000:01:00.0: vgaarb: deactivate vga console
[    5.406151] [drm] initializing kernel modesetting (POLARIS11 0x1002:0x67EF 0x106B:0x0160 0xC0).
[    5.406183] [drm] register mmio base: 0x82600000
[    5.406184] [drm] register mmio size: 262144
[    5.406191] [drm] add ip block number 0 <vi_common>
[    5.406192] [drm] add ip block number 1 <gmc_v8_0>
[    5.406193] [drm] add ip block number 2 <tonga_ih>
[    5.406194] [drm] add ip block number 3 <gfx_v8_0>
[    5.406194] [drm] add ip block number 4 <sdma_v3_0>
[    5.406195] [drm] add ip block number 5 <powerplay>
[    5.406196] [drm] add ip block number 6 <dm>
[    5.406197] [drm] add ip block number 7 <uvd_v6_0>
[    5.406198] [drm] add ip block number 8 <vce_v3_0>
[    5.406232] ATOM BIOS: 113-C9801AU-029
[    5.406247] [drm] UVD is enabled in VM mode
[    5.406248] [drm] UVD ENC is enabled in VM mode
[    5.406249] [drm] VCE enabled in VM mode
[    5.406287] [drm] vm size is 64 GB, 2 levels, block size is 10-bit, fragment size is 9-bit
[    5.406754] amdgpu 0000:01:00.0: VRAM: 4096M 0x000000F400000000 - 0x000000F4FFFFFFFF (4096M used)
[    5.406756] amdgpu 0000:01:00.0: GART: 256M 0x000000FF00000000 - 0x000000FF0FFFFFFF
[    5.406770] [drm] Detected VRAM RAM=4096M, BAR=256M
[    5.406770] [drm] RAM width 128bits GDDR5
[    5.407626] [TTM] Zone  kernel: Available graphics memory: 8145658 KiB
[    5.407627] [TTM] Zone   dma32: Available graphics memory: 2097152 KiB
[    5.407628] [TTM] Initializing pool allocator
[    5.407631] [TTM] Initializing DMA pool allocator
[    5.407663] [drm] amdgpu: 4096M of VRAM memory ready
[    5.407665] [drm] amdgpu: 4096M of GTT memory ready.
[    5.407673] [drm] GART: num cpu pages 65536, num gpu pages 65536
[    5.408334] [drm] PCIE GART of 256M enabled (table at 0x000000F401AEB000).
[    5.409490] [drm] Chained IB support enabled!
[    5.415190] audit: type=1400 audit(1592756944.199:2): apparmor="STATUS" operation="profile_load" profile="unconfined" name="libreoffice-xpdfimport" pid=760 comm="apparmor_parser"
[    5.415333] audit: type=1400 audit(1592756944.199:3): apparmor="STATUS" operation="profile_load" profile="unconfined" name="libreoffice-senddoc" pid=758 comm="apparmor_parser"
[    5.417079] audit: type=1400 audit(1592756944.199:4): apparmor="STATUS" operation="profile_load" profile="unconfined" name="libreoffice-oopslash" pid=757 comm="apparmor_parser"
[    5.417744] audit: type=1400 audit(1592756944.199:5): apparmor="STATUS" operation="profile_load" profile="unconfined" name="/usr/sbin/cups-browsed" pid=762 comm="apparmor_parser"
[    5.417986] audit: type=1400 audit(1592756944.199:6): apparmor="STATUS" operation="profile_load" profile="unconfined" name="/usr/bin/man" pid=756 comm="apparmor_parser"
[    5.417989] audit: type=1400 audit(1592756944.199:7): apparmor="STATUS" operation="profile_load" profile="unconfined" name="man_filter" pid=756 comm="apparmor_parser"
[    5.417990] audit: type=1400 audit(1592756944.199:8): apparmor="STATUS" operation="profile_load" profile="unconfined" name="man_groff" pid=756 comm="apparmor_parser"
[    5.420772] audit: type=1400 audit(1592756944.203:9): apparmor="STATUS" operation="profile_load" profile="unconfined" name="/usr/sbin/ippusbxd" pid=777 comm="apparmor_parser"
